Archive member included to satisfy reference by file (symbol)

c:/nxp/mcuxpressoide_11.8.1_1197/ide/plugins/com.nxp.mcuxpresso.tools.win32_11.8.1.202308071233/tools/bin/../lib/gcc/arm-none-eabi/12.2.1/../../../../arm-none-eabi/lib/thumb/v7e-m+fp/hard\libcr_nohost_nf.a(_cr__main.o)
                              ./startup/startup_mkv31f51212.o (__main)
c:/nxp/mcuxpressoide_11.8.1_1197/ide/plugins/com.nxp.mcuxpresso.tools.win32_11.8.1.202308071233/tools/bin/../lib/gcc/arm-none-eabi/12.2.1/../../../../arm-none-eabi/lib/thumb/v7e-m+fp/hard\libcr_c.a(memcpy.o)
                              ./utilities/fsl_str.o (memcpy)
c:/nxp/mcuxpressoide_11.8.1_1197/ide/plugins/com.nxp.mcuxpresso.tools.win32_11.8.1.202308071233/tools/bin/../lib/gcc/arm-none-eabi/12.2.1/../../../../arm-none-eabi/lib/thumb/v7e-m+fp/hard\libcr_c.a(memset.o)
                              ./utilities/fsl_debug_console.o (memset)
c:/nxp/mcuxpressoide_11.8.1_1197/ide/plugins/com.nxp.mcuxpresso.tools.win32_11.8.1.202308071233/tools/bin/../lib/gcc/arm-none-eabi/12.2.1/../../../../arm-none-eabi/lib/thumb/v7e-m+fp/hard\libcr_c.a(alloc.o)
                              ./drivers/fsl_common.o (malloc)
c:/nxp/mcuxpressoide_11.8.1_1197/ide/plugins/com.nxp.mcuxpresso.tools.win32_11.8.1.202308071233/tools/bin/../lib/gcc/arm-none-eabi/12.2.1/../../../../arm-none-eabi/lib/thumb/v7e-m+fp/hard\libcr_c.a(errno.o)
                              ./utilities/fsl_str.o (errno)
c:/nxp/mcuxpressoide_11.8.1_1197/ide/plugins/com.nxp.mcuxpresso.tools.win32_11.8.1.202308071233/tools/bin/../lib/gcc/arm-none-eabi/12.2.1/../../../../arm-none-eabi/lib/thumb/v7e-m+fp/hard\libcr_c.a(initio.o)
                              c:/nxp/mcuxpressoide_11.8.1_1197/ide/plugins/com.nxp.mcuxpresso.tools.win32_11.8.1.202308071233/tools/bin/../lib/gcc/arm-none-eabi/12.2.1/../../../../arm-none-eabi/lib/thumb/v7e-m+fp/hard\libcr_nohost_nf.a(_cr__main.o) (_initio)
c:/nxp/mcuxpressoide_11.8.1_1197/ide/plugins/com.nxp.mcuxpresso.tools.win32_11.8.1.202308071233/tools/bin/../lib/gcc/arm-none-eabi/12.2.1/../../../../arm-none-eabi/lib/thumb/v7e-m+fp/hard\libcr_c.a(scanf.o)
                              ./utilities/fsl_str.o (strtoul)
c:/nxp/mcuxpressoide_11.8.1_1197/ide/plugins/com.nxp.mcuxpresso.tools.win32_11.8.1.202308071233/tools/bin/../lib/gcc/arm-none-eabi/12.2.1/../../../../arm-none-eabi/lib/thumb/v7e-m+fp/hard\libcr_c.a(setvbuf.o)
                              c:/nxp/mcuxpressoide_11.8.1_1197/ide/plugins/com.nxp.mcuxpresso.tools.win32_11.8.1.202308071233/tools/bin/../lib/gcc/arm-none-eabi/12.2.1/../../../../arm-none-eabi/lib/thumb/v7e-m+fp/hard\libcr_c.a(initio.o) (setvbuf)
c:/nxp/mcuxpressoide_11.8.1_1197/ide/plugins/com.nxp.mcuxpresso.tools.win32_11.8.1.202308071233/tools/bin/../lib/gcc/arm-none-eabi/12.2.1/../../../../arm-none-eabi/lib/thumb/v7e-m+fp/hard\libcr_c.a(strlen.o)
                              ./utilities/fsl_str.o (strlen)
c:/nxp/mcuxpressoide_11.8.1_1197/ide/plugins/com.nxp.mcuxpresso.tools.win32_11.8.1.202308071233/tools/bin/../lib/gcc/arm-none-eabi/12.2.1/../../../../arm-none-eabi/lib/thumb/v7e-m+fp/hard\libcr_c.a(ungetc.o)
                              c:/nxp/mcuxpressoide_11.8.1_1197/ide/plugins/com.nxp.mcuxpresso.tools.win32_11.8.1.202308071233/tools/bin/../lib/gcc/arm-none-eabi/12.2.1/../../../../arm-none-eabi/lib/thumb/v7e-m+fp/hard\libcr_c.a(scanf.o) (ungetc)
c:/nxp/mcuxpressoide_11.8.1_1197/ide/plugins/com.nxp.mcuxpresso.tools.win32_11.8.1.202308071233/tools/bin/../lib/gcc/arm-none-eabi/12.2.1/../../../../arm-none-eabi/lib/thumb/v7e-m+fp/hard\libcr_c.a(__fillbuf.o)
                              c:/nxp/mcuxpressoide_11.8.1_1197/ide/plugins/com.nxp.mcuxpresso.tools.win32_11.8.1.202308071233/tools/bin/../lib/gcc/arm-none-eabi/12.2.1/../../../../arm-none-eabi/lib/thumb/v7e-m+fp/hard\libcr_c.a(scanf.o) (__filbuf)
c:/nxp/mcuxpressoide_11.8.1_1197/ide/plugins/com.nxp.mcuxpresso.tools.win32_11.8.1.202308071233/tools/bin/../lib/gcc/arm-none-eabi/12.2.1/../../../../arm-none-eabi/lib/thumb/v7e-m+fp/hard\libcr_c.a(__init_alloc.o)
                              c:/nxp/mcuxpressoide_11.8.1_1197/ide/plugins/com.nxp.mcuxpresso.tools.win32_11.8.1.202308071233/tools/bin/../lib/gcc/arm-none-eabi/12.2.1/../../../../arm-none-eabi/lib/thumb/v7e-m+fp/hard\libcr_c.a(alloc.o) (__heaps)
c:/nxp/mcuxpressoide_11.8.1_1197/ide/plugins/com.nxp.mcuxpresso.tools.win32_11.8.1.202308071233/tools/bin/../lib/gcc/arm-none-eabi/12.2.1/../../../../arm-none-eabi/lib/thumb/v7e-m+fp/hard\libcr_c.a(_cr_sbrk.o)
                              c:/nxp/mcuxpressoide_11.8.1_1197/ide/plugins/com.nxp.mcuxpresso.tools.win32_11.8.1.202308071233/tools/bin/../lib/gcc/arm-none-eabi/12.2.1/../../../../arm-none-eabi/lib/thumb/v7e-m+fp/hard\libcr_c.a(alloc.o) (_sbrk)
c:/nxp/mcuxpressoide_11.8.1_1197/ide/plugins/com.nxp.mcuxpresso.tools.win32_11.8.1.202308071233/tools/bin/../lib/gcc/arm-none-eabi/12.2.1/../../../../arm-none-eabi/lib/thumb/v7e-m+fp/hard\libcr_c.a(_deferredlazyseek.o)
[...]
Memory Configuration

Name             Origin             Length             Attributes
PROGRAM_FLASH    0x00000000         0x00080000         xr
SRAM_UPPER       0x20000000         0x00010000         xrw
SRAM_LOWER       0x1fff8000         0x00008000         xrw
*default*        0x00000000         0xffffffff

Linker script and memory map

LOAD ./utilities/fsl_assert.o
LOAD ./utilities/fsl_debug_console.o
LOAD ./utilities/fsl_str.o
LOAD ./startup/startup_mkv31f51212.o
LOAD ./source/freertos_hello.o
LOAD ./source/semihost_hardfault.o
LOAD ./freertos/freertos-kernel/portable/MemMang/heap_4.o
LOAD ./freertos/freertos-kernel/portable/GCC/ARM_CM4F/port.o
LOAD ./freertos/freertos-kernel/croutine.o
LOAD ./freertos/freertos-kernel/event_groups.o
LOAD ./freertos/freertos-kernel/list.o
LOAD ./freertos/freertos-kernel/queue.o
LOAD ./freertos/freertos-kernel/stream_buffer.o
LOAD ./freertos/freertos-kernel/tasks.o
LOAD ./freertos/freertos-kernel/timers.o
LOAD ./drivers/fsl_clock.o
LOAD ./drivers/fsl_common.o
LOAD ./drivers/fsl_common_arm.o
LOAD ./drivers/fsl_gpio.o
LOAD ./drivers/fsl_lpuart.o
LOAD ./drivers/fsl_smc.o
LOAD ./drivers/fsl_uart.o
LOAD ./device/system_MKV31F51212.o
LOAD ./component/uart/fsl_adapter_uart.o
LOAD ./component/serial_manager/fsl_component_serial_manager.o
LOAD ./component/serial_manager/fsl_component_serial_port_uart.o
LOAD ./component/lists/fsl_component_generic_list.o
LOAD ./board/board.o
LOAD ./board/clock_config.o
LOAD ./board/pin_mux.o
START GROUP
LOAD c:/nxp/mcuxpressoide_11.8.1_1197/ide/plugins/com.nxp.mcuxpresso.tools.win32_11.8.1.202308071233/tools/bin/../lib/gcc/arm-none-eabi/12.2.1/../../../../arm-none-eabi/lib/thumb/v7e-m+fp/hard\libcr_nohost_nf.a
LOAD c:/nxp/mcuxpressoide_11.8.1_1197/ide/plugins/com.nxp.mcuxpresso.tools.win32_11.8.1.202308071233/tools/bin/../lib/gcc/arm-none-eabi/12.2.1/../../../../arm-none-eabi/lib/thumb/v7e-m+fp/hard\libcr_c.a
LOAD c:/nxp/mcuxpressoide_11.8.1_1197/ide/plugins/com.nxp.mcuxpresso.tools.win32_11.8.1.202308071233/tools/bin/../lib/gcc/arm-none-eabi/12.2.1/thumb/v7e-m+fp/hard\libcr_eabihelpers.a
LOAD c:/nxp/mcuxpressoide_11.8.1_1197/ide/plugins/com.nxp.mcuxpresso.tools.win32_11.8.1.202308071233/tools/bin/../lib/gcc/arm-none-eabi/12.2.1/thumb/v7e-m+fp/hard\libgcc.a
END GROUP
                0x00000000                __base_PROGRAM_FLASH = 0x0
                0x00000000                __base_Flash = 0x0
                0x00080000                __top_PROGRAM_FLASH = 0x80000
                0x00080000                __top_Flash = 0x80000
                0x20000000                __base_SRAM_UPPER = 0x20000000
                0x20000000                __base_RAM = 0x20000000
                0x20010000                __top_SRAM_UPPER = 0x20010000
                0x20010000                __top_RAM = 0x20010000
                0x1fff8000                __base_SRAM_LOWER = 0x1fff8000
                0x1fff8000                __base_RAM2 = 0x1fff8000
                0x20000000                __top_SRAM_LOWER = 0x20000000
                0x20000000                __top_RAM2 = 0x20000000

.text           0x00000000     0x56d0
 FILL mask 0xff
                0x00000000                __vectors_start__ = ABSOLUTE (.)
 *(SORT_BY_ALIGNMENT(.isr_vector))
 .isr_vector    0x00000000      0x168 ./startup/startup_mkv31f51212.o
                0x00000000                g_pfnVectors
                0x00000000                __Vectors
                0x00000168                . = ALIGN (0x4)
                0x00000168                __section_table_start = .
                0x00000168                __data_section_table = .
                0x00000168        0x4 LONG 0x56d0 LOADADDR (.data)
                0x0000016c        0x4 LONG 0x20000000 ADDR (.data)
                0x00000170        0x4 LONG 0x14 SIZEOF (.data)
                0x00000174        0x4 LONG 0x56d0 LOADADDR (.data_RAM2)
                0x00000178        0x4 LONG 0x1fff8000 ADDR (.data_RAM2)
                0x0000017c        0x4 LONG 0x0 SIZEOF (.data_RAM2)
                0x00000180                __data_section_table_end = .
                0x00000180                __bss_section_table = .
                0x00000180        0x4 LONG 0x20000014 ADDR (.bss)
                0x00000184        0x4 LONG 0x2aa4 SIZEOF (.bss)
                0x00000188        0x4 LONG 0x1fff8000 ADDR (.bss_RAM2)
                0x0000018c        0x4 LONG 0x0 SIZEOF (.bss_RAM2)
                0x00000190                __bss_section_table_end = .
                0x00000190                __section_table_end = .
 *(SORT_BY_ALIGNMENT(.after_vectors*))
 .after_vectors.reset
                0x00000190       0x4c ./startup/startup_mkv31f51212.o
                0x00000190                ResetISR
 .after_vectors.init_data
                0x000001dc       0x1e ./startup/startup_mkv31f51212.o
                0x000001dc                data_init
 .after_vectors.init_bss
                0x000001fa       0x12 ./startup/startup_mkv31f51212.o
                0x000001fa                bss_init
 .after_vectors
                0x0000020c       0x14 ./startup/startup_mkv31f51212.o
                0x0000020c                NMI_Handler
                0x00000210                MemManage_Handler
                0x00000212                BusFault_Handler
                0x00000214                UsageFault_Handler
                0x00000218                DebugMon_Handler
                0x0000021e                LPTMR0_DriverIRQHandler
                0x0000021e                DMA_Error_DriverIRQHandler
                0x0000021e                SPI1_DriverIRQHandler
                0x0000021e                FTM1_DriverIRQHandler
                0x0000021e                FTM2_DriverIRQHandler
                0x0000021e                PIT2_DriverIRQHandler
                0x0000021e                Reserved82_DriverIRQHandler
                0x0000021e                FTF_DriverIRQHandler
                0x0000021e                DMA6_DriverIRQHandler
                0x0000021e                LLWU_DriverIRQHandler
                0x0000021e                MCM_DriverIRQHandler
                0x0000021e                MCG_DriverIRQHandler
                0x0000021e                Reserved63_DriverIRQHandler
                0x0000021e                DAC1_DriverIRQHandler
                0x0000021e                Reserved69_DriverIRQHandler
                0x0000021e                DMA12_DriverIRQHandler
                0x0000021e                CMP1_DriverIRQHandler
                0x0000021e                FTM0_DriverIRQHandler
                0x0000021e                IntDefaultHandler
                0x0000021e                PORTC_DriverIRQHandler
                0x0000021e                DMA11_DriverIRQHandler
                0x0000021e                DAC0_DriverIRQHandler
                0x0000021e                DMA10_DriverIRQHandler
                0x0000021e                UART2_ERR_DriverIRQHandler
                0x0000021e                LVD_LVW_DriverIRQHandler
                0x0000021e                Reserved84_DriverIRQHandler
                0x0000021e                PIT0_DriverIRQHandler
                0x0000021e                RNG_DriverIRQHandler
                0x0000021e                DMA5_DriverIRQHandler
                0x0000021e                PORTB_DriverIRQHandler
                0x0000021e                DMA3_DriverIRQHandler
                0x0000021e                Reserved53_DriverIRQHandler
                0x0000021e                Reserved45_DriverIRQHandler
                0x0000021e                DMA8_DriverIRQHandler
                0x0000021e                DMA9_DriverIRQHandler
                0x0000021e                UART0_ERR_DriverIRQHandler
                0x0000021e                Reserved71_DriverIRQHandler
                0x0000021e                ADC1_DriverIRQHandler
                0x0000021e                PORTA_DriverIRQHandler
                0x0000021e                DMA14_DriverIRQHandler
                0x0000021e                PIT3_DriverIRQHandler
                0x0000021e                PIT1_DriverIRQHandler
                0x0000021e                WDOG_EWM_DriverIRQHandler
                0x0000021e                PDB0_DriverIRQHandler
                0x0000021e                Reserved83_DriverIRQHandler
                0x0000021e                Reserved61_DriverIRQHandler
                0x0000021e                Read_Collision_DriverIRQHandler
                0x0000021e                Reserved54_DriverIRQHandler
                0x0000021e                SWI_DriverIRQHandler
                0x0000021e                Reserved62_DriverIRQHandler
                0x0000021e                DMA0_DriverIRQHandler
                0x0000021e                DMA1_DriverIRQHandler
                0x0000021e                Reserved44_DriverIRQHandler
                0x0000021e                I2C1_DriverIRQHandler
                0x0000021e                DMA13_DriverIRQHandler
                0x0000021e                DMA15_DriverIRQHandler
                0x0000021e                Reserved85_DriverIRQHandler
                0x0000021e                Reserved81_DriverIRQHandler
                0x0000021e                SPI0_DriverIRQHandler
                0x0000021e                ADC0_DriverIRQHandler
                0x0000021e                CMP0_DriverIRQHandler
                0x0000021e                FTM3_DriverIRQHandler
                0x0000021e                DMA4_DriverIRQHandler
                0x0000021e                UART1_ERR_DriverIRQHandler
                0x0000021e                DMA2_DriverIRQHandler
                0x0000021e                PORTD_DriverIRQHandler
                0x0000021e                Reserved70_DriverIRQHandler
                0x0000021e                Reserved86_DriverIRQHandler
                0x0000021e                PORTE_DriverIRQHandler
                0x0000021e                I2C0_DriverIRQHandler
                0x0000021e                DMA7_DriverIRQHandler
                0x00000400                . = 0x400
 *fill*         0x00000220      0x1e0 ff
                0x00000400                PROVIDE (__FLASH_CONFIG_START__ = .)
 *(SORT_BY_ALIGNMENT(.FlashConfig))
 .FlashConfig   0x00000400       0x10 ./startup/startup_mkv31f51212.o
                0x00000400                Flash_Config
                0x00000410                PROVIDE (__FLASH_CONFIG_END__ = .)
                0x00000001                ASSERT (! ((__FLASH_CONFIG_START__ == __FLASH_CONFIG_END__)), Linker Flash Config Support Enabled, but no .FlashConfig section provided within application)
 *(SORT_BY_ALIGNMENT(.text*))
 .text.SVC_Handler
                0x00000410       0x28 ./freertos/freertos-kernel/portable/GCC/ARM_CM4F/port.o
                0x00000410                SVC_Handler
 *fill*         0x00000438        0x8 ff
 .text.PendSV_Handler
                0x00000440       0x68 ./freertos/freertos-kernel/portable/GCC/ARM_CM4F/port.o
                0x00000440                PendSV_Handler
 .text.__assertion_failed
                0x000004a8       0x18 ./utilities/fsl_assert.o
                0x000004a8                __assertion_failed
 .text.DbgConsole_SendDataReliable
                0x000004c0       0x54 ./utilities/fsl_debug_console.o
                0x000004c0                DbgConsole_SendDataReliable
 .text.DbgConsole_Init
                0x00000514      0x12c ./utilities/fsl_debug_console.o
                0x00000514                DbgConsole_Init
 .text.DbgConsole_Vprintf
                0x00000640       0x6c ./utilities/fsl_debug_console.o
                0x00000640                DbgConsole_Vprintf
 .text.main     0x000006ac       0x9c ./source/freertos_hello.o
                0x000006ac                main
 .text.ControlTask
                0x00000748       0x40 ./source/freertos_hello.o
                0x00000748                ControlTask
 .text.YellowTask
                0x00000788       0x68 ./source/freertos_hello.o
                0x00000788                YellowTask
 .text.PurpleTask
                0x000007f0       0x70 ./source/freertos_hello.o
                0x000007f0                PurpleTask
 .text.CyanTask
                0x00000860       0x70 ./source/freertos_hello.o
                0x00000860                CyanTask
 .text.pvPortMalloc
                0x000008d0      0x174 ./freertos/freertos-kernel/portable/MemMang/heap_4.o
                0x000008d0                pvPortMalloc
 .text.vPortFree
                0x00000a44       0xb8 ./freertos/freertos-kernel/portable/MemMang/heap_4.o
                0x00000a44                vPortFree
 .text.prvHeapInit
                0x00000afc       0xb8 ./freertos/freertos-kernel/portable/MemMang/heap_4.o
 .text.prvInsertBlockIntoFreeList
                0x00000bb4       0xb4 ./freertos/freertos-kernel/portable/MemMang/heap_4.o
 .text.pxPortInitialiseStack
                0x00000c68       0x68 ./freertos/freertos-kernel/portable/GCC/ARM_CM4F/port.o
                0x00000c68                pxPortInitialiseStack
 .text.prvTaskExitError
                0x00000cd0       0x58 ./freertos/freertos-kernel/portable/GCC/ARM_CM4F/port.o
 .text.prvPortStartFirstTask
                0x00000d28       0x2c ./freertos/freertos-kernel/portable/GCC/ARM_CM4F/port.o
 .text.xPortStartScheduler
                0x00000d54      0x144 ./freertos/freertos-kernel/portable/GCC/ARM_CM4F/port.o
                0x00000d54                xPortStartScheduler
 .text.vPortEnterCritical
                0x00000e98       0x60 ./freertos/freertos-kernel/portable/GCC/ARM_CM4F/port.o
                0x00000e98                vPortEnterCritical
 .text.vPortExitCritical
                0x00000ef8       0x54 ./freertos/freertos-kernel/portable/GCC/ARM_CM4F/port.o
                0x00000ef8                vPortExitCritical
 .text.SysTick_Handler
                0x00000f4c       0x44 ./freertos/freertos-kernel/portable/GCC/ARM_CM4F/port.o
                0x00000f4c                SysTick_Handler
 .text.vPortSetupTimerInterrupt
                0x00000f90       0x48 ./freertos/freertos-kernel/portable/GCC/ARM_CM4F/port.o
                0x00000f90                vPortSetupTimerInterrupt
 .text.vPortEnableVFP
                0x00000fd8       0x18 ./freertos/freertos-kernel/portable/GCC/ARM_CM4F/port.o
 .text.xQueueGenericReset
                0x00000ff0      0x120 ./freertos/freertos-kernel/queue.o
                0x00000ff0                xQueueGenericReset
 .text.xQueueGenericSend
                0x00001110      0x1fc ./freertos/freertos-kernel/queue.o
                0x00001110                xQueueGenericSend
 .text.xQueueReceive
                0x0000130c      0x1c0 ./freertos/freertos-kernel/queue.o
                0x0000130c                xQueueReceive
 .text.vQueueAddToRegistry
                0x000014cc       0x9c ./freertos/freertos-kernel/queue.o
                0x000014cc                vQueueAddToRegistry
 .text.prvAddNewTaskToReadyList
                0x00001568      0x12c ./freertos/freertos-kernel/tasks.o
 .text.vTaskDelay
                0x00001694       0x68 ./freertos/freertos-kernel/tasks.o
                0x00001694                vTaskDelay
 .text.vTaskStartScheduler
                0x000016fc       0xa4 ./freertos/freertos-kernel/tasks.o
                0x000016fc                vTaskStartScheduler
 .text.vTaskSuspendAll
                0x000017a0       0x1c ./freertos/freertos-kernel/tasks.o
                0x000017a0                vTaskSuspendAll
 .text.xTaskResumeAll
                0x000017bc      0x1f8 ./freertos/freertos-kernel/tasks.o
                0x000017bc                xTaskResumeAll
 .text.xTaskGetTickCount
                0x000019b4       0x20 ./freertos/freertos-kernel/tasks.o
                0x000019b4                xTaskGetTickCount
 .text.xTaskIncrementTick
                0x000019d4      0x210 ./freertos/freertos-kernel/tasks.o
                0x000019d4                xTaskIncrementTick
 .text.vTaskSwitchContext
                0x00001be4       0xb8 ./freertos/freertos-kernel/tasks.o
                0x00001be4                vTaskSwitchContext
 .text.vTaskPlaceOnEventList
                0x00001c9c       0x48 ./freertos/freertos-kernel/tasks.o
                0x00001c9c                vTaskPlaceOnEventList
 .text.vTaskPlaceOnEventListRestricted
                0x00001ce4       0x8c ./freertos/freertos-kernel/tasks.o
                0x00001ce4                vTaskPlaceOnEventListRestricted
 .text.xTaskRemoveFromEventList
                0x00001d70      0x1ac ./freertos/freertos-kernel/tasks.o
                0x00001d70                xTaskRemoveFromEventList
 .text.vTaskInternalSetTimeOutState
                0x00001f1c       0x2c ./freertos/freertos-kernel/tasks.o
                0x00001f1c                vTaskInternalSetTimeOutState
 .text.xTaskCheckForTimeOut
                0x00001f48       0xcc ./freertos/freertos-kernel/tasks.o
                0x00001f48                xTaskCheckForTimeOut
 .text.vTaskMissedYield
                0x00002014       0x18 ./freertos/freertos-kernel/tasks.o
                0x00002014                vTaskMissedYield
 .text.prvIdleTask
                0x0000202c       0x30 ./freertos/freertos-kernel/tasks.o
 .text.prvInitialiseTaskLists
                0x0000205c       0x80 ./freertos/freertos-kernel/tasks.o
 .text.prvCheckTasksWaitingTermination
                0x000020dc       0x5c ./freertos/freertos-kernel/tasks.o
 .text.prvResetNextTaskUnblockTime
                0x00002138       0x38 ./freertos/freertos-kernel/tasks.o
 .text.xTaskGetSchedulerState
                0x00002170       0x3c ./freertos/freertos-kernel/tasks.o
                0x00002170                xTaskGetSchedulerState
 .text.xTaskPriorityDisinherit
                0x000021ac      0x148 ./freertos/freertos-kernel/tasks.o
                0x000021ac                xTaskPriorityDisinherit
 .text.prvAddCurrentTaskToDelayedList
                0x000022f4      0x100 ./freertos/freertos-kernel/tasks.o
 .text.xTimerCreateTimerTask
                0x000023f4       0x64 ./freertos/freertos-kernel/timers.o
                0x000023f4                xTimerCreateTimerTask
 .text.prvProcessExpiredTimer
                0x00002458       0x60 ./freertos/freertos-kernel/timers.o
 .text.prvProcessTimerOrBlockTask
                0x000024b8       0x9c ./freertos/freertos-kernel/timers.o
 .text.prvGetNextExpireTime
                0x00002554       0x48 ./freertos/freertos-kernel/timers.o
 .text.prvSampleTimeNow
                0x0000259c       0x40 ./freertos/freertos-kernel/timers.o
 .text.prvInsertTimerInActiveList
                0x000025dc       0x84 ./freertos/freertos-kernel/timers.o
 .text.prvProcessReceivedCommands
                0x00002660      0x1b4 ./freertos/freertos-kernel/timers.o
 .text.prvSwitchTimerLists
                0x00002814       0x4c ./freertos/freertos-kernel/timers.o
 .text.prvCheckForValidListAndQueue
                0x00002860       0x6c ./freertos/freertos-kernel/timers.o
 .text.CLOCK_SetEr32kClock
                0x000028cc       0x30 ./drivers/fsl_clock.o
 .text.CLOCK_SetPllFllSelClock
                0x000028fc       0x38 ./drivers/fsl_clock.o
 .text.CLOCK_GetMcgExtClkFreq
                0x00002934       0x7c ./drivers/fsl_clock.o
 .text.CLOCK_GetFllExtRefClkFreq
                0x000029b0       0xb0 ./drivers/fsl_clock.o
 .text.CLOCK_GetInternalRefClkSelectFreq
                0x00002a60       0x4c ./drivers/fsl_clock.o
 .text.CLOCK_GetFllRefClkFreq
                0x00002aac       0x34 ./drivers/fsl_clock.o
 .text.CLOCK_GetOscRangeFromFreq
                0x00002ae0       0x3c ./drivers/fsl_clock.o
 .text.CLOCK_GetCoreSysClkFreq
                0x00002b1c       0x28 ./drivers/fsl_clock.o
                0x00002b1c                CLOCK_GetCoreSysClkFreq
 .text.CLOCK_SetSimConfig
                0x00002b44       0x34 ./drivers/fsl_clock.o
                0x00002b44                CLOCK_SetSimConfig
 .text.CLOCK_GetOutClkFreq
                0x00002b78       0x64 ./drivers/fsl_clock.o
                0x00002b78                CLOCK_GetOutClkFreq
 .text.CLOCK_GetFllFreq
                0x00002bdc       0x84 ./drivers/fsl_clock.o
                0x00002bdc                CLOCK_GetFllFreq
 .text.CLOCK_GetPll0Freq
                0x00002c60       0x78 ./drivers/fsl_clock.o
                0x00002c60                CLOCK_GetPll0Freq
 .text.CLOCK_SetExternalRefClkConfig
                0x00002cd8       0x6c ./drivers/fsl_clock.o
                0x00002cd8                CLOCK_SetExternalRefClkConfig
 .text.CLOCK_SetInternalRefClkConfig
                0x00002d44      0x104 ./drivers/fsl_clock.o
                0x00002d44                CLOCK_SetInternalRefClkConfig
 .text.CLOCK_EnablePll0
                0x00002e48       0x88 ./drivers/fsl_clock.o
                0x00002e48                CLOCK_EnablePll0
 .text.CLOCK_InitOsc0
                0x00002ed0       0x8c ./drivers/fsl_clock.o
                0x00002ed0                CLOCK_InitOsc0
 .text.CLOCK_SetPbeMode
                0x00002f5c       0xa8 ./drivers/fsl_clock.o
                0x00002f5c                CLOCK_SetPbeMode
 .text.CLOCK_BootToPeeMode
                0x00003004       0x64 ./drivers/fsl_clock.o
                0x00003004                CLOCK_BootToPeeMode
 .text.GPIO_PinInit
                0x00003068       0x64 ./drivers/fsl_gpio.o
                0x00003068                GPIO_PinInit
 .text.LPUART0_DriverIRQHandler
                0x000030cc       0x28 ./drivers/fsl_lpuart.o
                0x000030cc                LPUART0_DriverIRQHandler
 .text.UART_GetInstance
                0x000030f4       0x54 ./drivers/fsl_uart.o
                0x000030f4                UART_GetInstance
 .text.UART_Init
                0x00003148      0x294 ./drivers/fsl_uart.o
                0x00003148                UART_Init
 .text.UART_GetDefaultConfig
                0x000033dc       0x64 ./drivers/fsl_uart.o
                0x000033dc                UART_GetDefaultConfig
 .text.UART0_DriverIRQHandler
                0x00003440       0x28 ./drivers/fsl_uart.o
                0x00003440                UART0_DriverIRQHandler
 .text.UART1_DriverIRQHandler
                0x00003468       0x28 ./drivers/fsl_uart.o
                0x00003468                UART1_DriverIRQHandler
 .text.UART2_DriverIRQHandler
                0x00003490       0x28 ./drivers/fsl_uart.o
                0x00003490                UART2_DriverIRQHandler
 .text.SystemInit
                0x000034b8       0x3c ./device/system_MKV31F51212.o
                0x000034b8                SystemInit
 .text.HAL_UartInit
                0x000034f4      0x114 ./component/uart/fsl_adapter_uart.o
                0x000034f4                HAL_UartInit
 .text.HAL_UartSendBlocking
                0x00003608       0x64 ./component/uart/fsl_adapter_uart.o
                0x00003608                HAL_UartSendBlocking
 .text.CLOCK_SetSimSafeDivs
                0x0000366c       0x24 ./board/clock_config.o
 .text.CLOCK_SetXtal0Freq
                0x00003690       0x20 ./board/clock_config.o
 .text.CLOCK_CONFIG_SetFllExtRefDiv
                0x000036b0       0x3c ./board/clock_config.o
 .text.BOARD_BootClockRUN
                0x000036ec       0x60 ./board/clock_config.o
                0x000036ec                BOARD_BootClockRUN
 .text.BOARD_InitPins
                0x0000374c       0xc8 ./board/pin_mux.o
                0x0000374c                BOARD_InitPins
 .text._initio  0x00003814       0x78 c:/nxp/mcuxpressoide_11.8.1_1197/ide/plugins/com.nxp.mcuxpresso.tools.win32_11.8.1.202308071233/tools/bin/../lib/gcc/arm-none-eabi/12.2.1/../../../../arm-none-eabi/lib/thumb/v7e-m+fp/hard\libcr_c.a(initio.o)
                0x00003814                _initio
 .text._Cwritebuf
                0x0000388c       0x6c c:/nxp/mcuxpressoide_11.8.1_1197/ide/plugins/com.nxp.mcuxpresso.tools.win32_11.8.1.202308071233/tools/bin/../lib/gcc/arm-none-eabi/12.2.1/../../../../arm-none-eabi/lib/thumb/v7e-m+fp/hard\libcr_c.a(_writebuf.o)
                0x0000388c                _Cwritebuf
 .text.fflush   0x000038f8       0x3c c:/nxp/mcuxpressoide_11.8.1_1197/ide/plugins/com.nxp.mcuxpresso.tools.win32_11.8.1.202308071233/tools/bin/../lib/gcc/arm-none-eabi/12.2.1/../../../../arm-none-eabi/lib/thumb/v7e-m+fp/hard\libcr_c.a(fflush.o)
                0x000038f8                fflush
 .text.fseek    0x00003934       0xf8 c:/nxp/mcuxpressoide_11.8.1_1197/ide/plugins/com.nxp.mcuxpresso.tools.win32_11.8.1.202308071233/tools/bin/../lib/gcc/arm-none-eabi/12.2.1/../../../../arm-none-eabi/lib/thumb/v7e-m+fp/hard\libcr_c.a(fseek.o)
                0x00003934                fseek
 .text.ftell    0x00003a2c       0x44 c:/nxp/mcuxpressoide_11.8.1_1197/ide/plugins/com.nxp.mcuxpresso.tools.win32_11.8.1.202308071233/tools/bin/../lib/gcc/arm-none-eabi/12.2.1/../../../../arm-none-eabi/lib/thumb/v7e-m+fp/hard\libcr_c.a(ftell.o)
                0x00003a2c                ftell
 .text.DbgConsole_PrintCallback
                0x00003a70       0x66 ./utilities/fsl_debug_console.o
 .text.DbgConsole_Printf
                0x00003ad6       0x2c ./utilities/fsl_debug_console.o
                0x00003ad6                DbgConsole_Printf
 .text.PrintGetWidth
                0x00003b02       0x6a ./utilities/fsl_str.o
 .text.PrintGetPrecision
                0x00003b6c       0x8c ./utilities/fsl_str.o
 .text.PrintIsobpu
                0x00003bf8       0x38 ./utilities/fsl_str.o
 .text.PrintIsdi
                0x00003c30       0x2c ./utilities/fsl_str.o
 .text.PrintOutputdifFobpu
                0x00003c5c       0x44 ./utilities/fsl_str.o
 .text.PrintOutputxX
                0x00003ca0       0x44 ./utilities/fsl_str.o
 .text.PrintIsfF
                0x00003ce4       0x2c ./utilities/fsl_str.o
 .text.PrintIsxX
                0x00003d10       0x2c ./utilities/fsl_str.o
 .text.PrintFilterLengthFlag
                0x00003d3c       0x3e ./utilities/fsl_str.o
 .text.PrintGetRadixFromobpu
                0x00003d7a       0x40 ./utilities/fsl_str.o
 .text.ConvertRadixNumToString
                0x00003dba       0xc2 ./utilities/fsl_str.o
 .text.StrFormatPrintf
                0x00003e7c      0x2ac ./utilities/fsl_str.o
                0x00003e7c                StrFormatPrintf
 .text.DMA0_IRQHandler
                0x00004128        0x8 ./startup/startup_mkv31f51212.o
                0x00004128                DMA0_IRQHandler
 .text.DMA1_IRQHandler
                0x00004130        0x8 ./startup/startup_mkv31f51212.o
                0x00004130                DMA1_IRQHandler
 .text.DMA2_IRQHandler
                0x00004138        0x8 ./startup/startup_mkv31f51212.o
                0x00004138                DMA2_IRQHandler
 .text.DMA3_IRQHandler
                0x00004140        0x8 ./startup/startup_mkv31f51212.o
                0x00004140                DMA3_IRQHandler
 .text.DMA4_IRQHandler
                0x00004148        0x8 ./startup/startup_mkv31f51212.o
                0x00004148                DMA4_IRQHandler
 .text.DMA5_IRQHandler
                0x00004150        0x8 ./startup/startup_mkv31f51212.o
                0x00004150                DMA5_IRQHandler
 .text.DMA6_IRQHandler
                0x00004158        0x8 ./startup/startup_mkv31f51212.o
                0x00004158                DMA6_IRQHandler
 .text.DMA7_IRQHandler
                0x00004160        0x8 ./startup/startup_mkv31f51212.o
                0x00004160                DMA7_IRQHandler
 .text.DMA8_IRQHandler
                0x00004168        0x8 ./startup/startup_mkv31f51212.o
                0x00004168                DMA8_IRQHandler
 .text.DMA9_IRQHandler
                0x00004170        0x8 ./startup/startup_mkv31f51212.o
                0x00004170                DMA9_IRQHandler
 .text.DMA10_IRQHandler
                0x00004178        0x8 ./startup/startup_mkv31f51212.o
                0x00004178                DMA10_IRQHandler
 .text.DMA11_IRQHandler
                0x00004180        0x8 ./startup/startup_mkv31f51212.o
                0x00004180                DMA11_IRQHandler
 .text.DMA12_IRQHandler
                0x00004188        0x8 ./startup/startup_mkv31f51212.o
                0x00004188                DMA12_IRQHandler
 .text.DMA13_IRQHandler
                0x00004190        0x8 ./startup/startup_mkv31f51212.o
                0x00004190                DMA13_IRQHandler
 .text.DMA14_IRQHandler
                0x00004198        0x8 ./startup/startup_mkv31f51212.o
                0x00004198                DMA14_IRQHandler
 .text.DMA15_IRQHandler
                0x000041a0        0x8 ./startup/startup_mkv31f51212.o
                0x000041a0                DMA15_IRQHandler
 .text.DMA_Error_IRQHandler
                0x000041a8        0x8 ./startup/startup_mkv31f51212.o
                0x000041a8                DMA_Error_IRQHandler
 .text.MCM_IRQHandler
                0x000041b0        0x8 ./startup/startup_mkv31f51212.o
                0x000041b0                MCM_IRQHandler
 .text.FTF_IRQHandler
                0x000041b8        0x8 ./startup/startup_mkv31f51212.o
                0x000041b8                FTF_IRQHandler
 .text.Read_Collision_IRQHandler
                0x000041c0        0x8 ./startup/startup_mkv31f51212.o
                0x000041c0                Read_Collision_IRQHandler
 .text.LVD_LVW_IRQHandler
                0x000041c8        0x8 ./startup/startup_mkv31f51212.o
                0x000041c8                LVD_LVW_IRQHandler
 .text.LLWU_IRQHandler
                0x000041d0        0x8 ./startup/startup_mkv31f51212.o
                0x000041d0                LLWU_IRQHandler
 .text.WDOG_EWM_IRQHandler
                0x000041d8        0x8 ./startup/startup_mkv31f51212.o
                0x000041d8                WDOG_EWM_IRQHandler
 .text.RNG_IRQHandler
                0x000041e0        0x8 ./startup/startup_mkv31f51212.o
                0x000041e0                RNG_IRQHandler
 .text.I2C0_IRQHandler
                0x000041e8        0x8 ./startup/startup_mkv31f51212.o
                0x000041e8                I2C0_IRQHandler
 .text.I2C1_IRQHandler
                0x000041f0        0x8 ./startup/startup_mkv31f51212.o
                0x000041f0                I2C1_IRQHandler
 .text.SPI0_IRQHandler
                0x000041f8        0x8 ./startup/startup_mkv31f51212.o
                0x000041f8                SPI0_IRQHandler
 .text.SPI1_IRQHandler
                0x00004200        0x8 ./startup/startup_mkv31f51212.o
                0x00004200                SPI1_IRQHandler
 .text.Reserved44_IRQHandler
                0x00004208        0x8 ./startup/startup_mkv31f51212.o
                0x00004208                Reserved44_IRQHandler
 .text.Reserved45_IRQHandler
                0x00004210        0x8 ./startup/startup_mkv31f51212.o
                0x00004210                Reserved45_IRQHandler
 .text.LPUART0_IRQHandler
                0x00004218        0x8 ./startup/startup_mkv31f51212.o
                0x00004218                LPUART0_IRQHandler
 .text.UART0_RX_TX_IRQHandler
                0x00004220        0x8 ./startup/startup_mkv31f51212.o
                0x00004220                UART0_RX_TX_IRQHandler
 .text.UART0_ERR_IRQHandler
                0x00004228        0x8 ./startup/startup_mkv31f51212.o
                0x00004228                UART0_ERR_IRQHandler
 .text.UART1_RX_TX_IRQHandler
                0x00004230        0x8 ./startup/startup_mkv31f51212.o
                0x00004230                UART1_RX_TX_IRQHandler
 .text.UART1_ERR_IRQHandler
                0x00004238        0x8 ./startup/startup_mkv31f51212.o
                0x00004238                UART1_ERR_IRQHandler
 .text.UART2_RX_TX_IRQHandler
                0x00004240        0x8 ./startup/startup_mkv31f51212.o
                0x00004240                UART2_RX_TX_IRQHandler
 .text.UART2_ERR_IRQHandler
                0x00004248        0x8 ./startup/startup_mkv31f51212.o
                0x00004248                UART2_ERR_IRQHandler
 .text.Reserved53_IRQHandler
                0x00004250        0x8 ./startup/startup_mkv31f51212.o
                0x00004250                Reserved53_IRQHandler
 .text.Reserved54_IRQHandler
                0x00004258        0x8 ./startup/startup_mkv31f51212.o
                0x00004258                Reserved54_IRQHandler
 .text.ADC0_IRQHandler
                0x00004260        0x8 ./startup/startup_mkv31f51212.o
                0x00004260                ADC0_IRQHandler
 .text.CMP0_IRQHandler
                0x00004268        0x8 ./startup/startup_mkv31f51212.o
                0x00004268                CMP0_IRQHandler
 .text.CMP1_IRQHandler
                0x00004270        0x8 ./startup/startup_mkv31f51212.o
                0x00004270                CMP1_IRQHandler
 .text.FTM0_IRQHandler
                0x00004278        0x8 ./startup/startup_mkv31f51212.o
                0x00004278                FTM0_IRQHandler
 .text.FTM1_IRQHandler
                0x00004280        0x8 ./startup/startup_mkv31f51212.o
                0x00004280                FTM1_IRQHandler
 .text.FTM2_IRQHandler
                0x00004288        0x8 ./startup/startup_mkv31f51212.o
                0x00004288                FTM2_IRQHandler
 .text.Reserved61_IRQHandler
                0x00004290        0x8 ./startup/startup_mkv31f51212.o
                0x00004290                Reserved61_IRQHandler
 .text.Reserved62_IRQHandler
                0x00004298        0x8 ./startup/startup_mkv31f51212.o
                0x00004298                Reserved62_IRQHandler
 .text.Reserved63_IRQHandler
                0x000042a0        0x8 ./startup/startup_mkv31f51212.o
                0x000042a0                Reserved63_IRQHandler
 .text.PIT0_IRQHandler
                0x000042a8        0x8 ./startup/startup_mkv31f51212.o
                0x000042a8                PIT0_IRQHandler
 .text.PIT1_IRQHandler
                0x000042b0        0x8 ./startup/startup_mkv31f51212.o
                0x000042b0                PIT1_IRQHandler
 .text.PIT2_IRQHandler
                0x000042b8        0x8 ./startup/startup_mkv31f51212.o
                0x000042b8                PIT2_IRQHandler
 .text.PIT3_IRQHandler
                0x000042c0        0x8 ./startup/startup_mkv31f51212.o
                0x000042c0                PIT3_IRQHandler
 .text.PDB0_IRQHandler
                0x000042c8        0x8 ./startup/startup_mkv31f51212.o
                0x000042c8                PDB0_IRQHandler
 .text.Reserved69_IRQHandler
                0x000042d0        0x8 ./startup/startup_mkv31f51212.o
                0x000042d0                Reserved69_IRQHandler
 .text.Reserved70_IRQHandler
                0x000042d8        0x8 ./startup/startup_mkv31f51212.o
                0x000042d8                Reserved70_IRQHandler
 .text.Reserved71_IRQHandler
                0x000042e0        0x8 ./startup/startup_mkv31f51212.o
                0x000042e0                Reserved71_IRQHandler
 .text.DAC0_IRQHandler
                0x000042e8        0x8 ./startup/startup_mkv31f51212.o
                0x000042e8                DAC0_IRQHandler
 .text.MCG_IRQHandler
                0x000042f0        0x8 ./startup/startup_mkv31f51212.o
                0x000042f0                MCG_IRQHandler
 .text.LPTMR0_IRQHandler
                0x000042f8        0x8 ./startup/startup_mkv31f51212.o
                0x000042f8                LPTMR0_IRQHandler
 .text.PORTA_IRQHandler
                0x00004300        0x8 ./startup/startup_mkv31f51212.o
                0x00004300                PORTA_IRQHandler
 .text.PORTB_IRQHandler
                0x00004308        0x8 ./startup/startup_mkv31f51212.o
                0x00004308                PORTB_IRQHandler
 .text.PORTC_IRQHandler
                0x00004310        0x8 ./startup/startup_mkv31f51212.o
                0x00004310                PORTC_IRQHandler
 .text.PORTD_IRQHandler
                0x00004318        0x8 ./startup/startup_mkv31f51212.o
                0x00004318                PORTD_IRQHandler
 .text.PORTE_IRQHandler
                0x00004320        0x8 ./startup/startup_mkv31f51212.o
                0x00004320                PORTE_IRQHandler
 .text.SWI_IRQHandler
                0x00004328        0x8 ./startup/startup_mkv31f51212.o
                0x00004328                SWI_IRQHandler
 .text.Reserved81_IRQHandler
                0x00004330        0x8 ./startup/startup_mkv31f51212.o
                0x00004330                Reserved81_IRQHandler
 .text.Reserved82_IRQHandler
                0x00004338        0x8 ./startup/startup_mkv31f51212.o
                0x00004338                Reserved82_IRQHandler
 .text.Reserved83_IRQHandler
                0x00004340        0x8 ./startup/startup_mkv31f51212.o
                0x00004340                Reserved83_IRQHandler
 .text.Reserved84_IRQHandler
                0x00004348        0x8 ./startup/startup_mkv31f51212.o
                0x00004348                Reserved84_IRQHandler
 .text.Reserved85_IRQHandler
                0x00004350        0x8 ./startup/startup_mkv31f51212.o
                0x00004350                Reserved85_IRQHandler
 .text.Reserved86_IRQHandler
                0x00004358        0x8 ./startup/startup_mkv31f51212.o
                0x00004358                Reserved86_IRQHandler
 .text.FTM3_IRQHandler
                0x00004360        0x8 ./startup/startup_mkv31f51212.o
                0x00004360                FTM3_IRQHandler
 .text.DAC1_IRQHandler
                0x00004368        0x8 ./startup/startup_mkv31f51212.o
                0x00004368                DAC1_IRQHandler
 .text.ADC1_IRQHandler
                0x00004370        0x8 ./startup/startup_mkv31f51212.o
                0x00004370                ADC1_IRQHandler
 .text.GPIO_PortClear
                0x00004378       0x1c ./source/freertos_hello.o
 .text.GPIO_PortToggle
                0x00004394       0x1c ./source/freertos_hello.o
 .text.HardFault_Handler
                0x000043b0       0x36 ./source/semihost_hardfault.o
                0x000043b0                HardFault_Handler
 .text.vListInitialise
                0x000043e6       0x40 ./freertos/freertos-kernel/list.o
                0x000043e6                vListInitialise
 .text.vListInitialiseItem
                0x00004426       0x1a ./freertos/freertos-kernel/list.o
                0x00004426                vListInitialiseItem
 .text.vListInsert
                0x00004440       0x72 ./freertos/freertos-kernel/list.o
                0x00004440                vListInsert
 .text.uxListRemove
                0x000044b2       0x54 ./freertos/freertos-kernel/list.o
                0x000044b2                uxListRemove
 .text.xQueueGenericCreate
                0x00004506       0x9c ./freertos/freertos-kernel/queue.o
                0x00004506                xQueueGenericCreate
 .text.prvInitialiseNewQueue
                0x000045a2       0x46 ./freertos/freertos-kernel/queue.o
 .text.prvCopyDataToQueue
                0x000045e8       0xd4 ./freertos/freertos-kernel/queue.o
 .text.prvCopyDataFromQueue
                0x000046bc       0x4c ./freertos/freertos-kernel/queue.o
 .text.prvUnlockQueue
                0x00004708       0xa4 ./freertos/freertos-kernel/queue.o
 .text.prvIsQueueEmpty
                0x000047ac       0x2c ./freertos/freertos-kernel/queue.o
 .text.prvIsQueueFull
                0x000047d8       0x30 ./freertos/freertos-kernel/queue.o
 .text.vQueueWaitForMessageRestricted
                0x00004808       0x68 ./freertos/freertos-kernel/queue.o
                0x00004808                vQueueWaitForMessageRestricted
 .text.xTaskCreate
                0x00004870       0x8c ./freertos/freertos-kernel/tasks.o
                0x00004870                xTaskCreate
 .text.prvInitialiseNewTask
                0x000048fc      0x122 ./freertos/freertos-kernel/tasks.o
 .text.prvDeleteTCB
                0x00004a1e       0x20 ./freertos/freertos-kernel/tasks.o
 .text.prvReloadTimer
                0x00004a3e       0x42 ./freertos/freertos-kernel/timers.o
 .text.prvTimerTask
                0x00004a80       0x24 ./freertos/freertos-kernel/timers.o
 .text.OSC_SetExtRefClkConfig
                0x00004aa4       0x40 ./drivers/fsl_clock.o
 .text.OSC_SetCapLoad
                0x00004ae4       0x34 ./drivers/fsl_clock.o
 .text.CLOCK_GetPll0RefFreq
                0x00004b18        0xe ./drivers/fsl_clock.o
 .text.GPIO_PinWrite
                0x00004b26       0x36 ./drivers/fsl_gpio.o
 .text.CLOCK_EnableClock
                0x00004b5c       0x34 ./drivers/fsl_uart.o
 .text.UART_WriteBlocking
                0x00004b90       0x50 ./drivers/fsl_uart.o
                0x00004b90                UART_WriteBlocking
 .text.UART0_RX_TX_DriverIRQHandler
                0x00004be0       0x12 ./drivers/fsl_uart.o
                0x00004be0                UART0_RX_TX_DriverIRQHandler
 .text.UART1_RX_TX_DriverIRQHandler
                0x00004bf2       0x12 ./drivers/fsl_uart.o
                0x00004bf2                UART1_RX_TX_DriverIRQHandler
 .text.UART2_RX_TX_DriverIRQHandler
                0x00004c04       0x12 ./drivers/fsl_uart.o
                0x00004c04                UART2_RX_TX_DriverIRQHandler
 .text.SystemInitHook
                0x00004c16        0xe ./device/system_MKV31F51212.o
                0x00004c16                SystemInitHook
 .text.HAL_UartGetStatus
                0x00004c24       0x22 ./component/uart/fsl_adapter_uart.o
 .text.DisableGlobalIRQ
                0x00004c46       0x22 ./component/serial_manager/fsl_component_serial_manager.o
 .text.EnableGlobalIRQ
                0x00004c68       0x20 ./component/serial_manager/fsl_component_serial_manager.o
 .text.SerialManager_StartWriting
                0x00004c88       0x38 ./component/serial_manager/fsl_component_serial_manager.o
 .text.SerialManager_Write
                0x00004cc0       0x44 ./component/serial_manager/fsl_component_serial_manager.o
 .text.SerialManager_Init
                0x00004d04       0x60 ./component/serial_manager/fsl_component_serial_manager.o
                0x00004d04                SerialManager_Init
 .text.SerialManager_OpenWriteHandle
                0x00004d64       0x50 ./component/serial_manager/fsl_component_serial_manager.o
                0x00004d64                SerialManager_OpenWriteHandle
 .text.SerialManager_OpenReadHandle
                0x00004db4       0x60 ./component/serial_manager/fsl_component_serial_manager.o
                0x00004db4                SerialManager_OpenReadHandle
 .text.SerialManager_WriteBlocking
                0x00004e14       0x20 ./component/serial_manager/fsl_component_serial_manager.o
                0x00004e14                SerialManager_WriteBlocking
 .text.Serial_UartInit
                0x00004e34       0x3e ./component/serial_manager/fsl_component_serial_port_uart.o
                0x00004e34                Serial_UartInit
 .text.Serial_UartWrite
                0x00004e72       0x38 ./component/serial_manager/fsl_component_serial_port_uart.o
                0x00004e72                Serial_UartWrite
 .text.BOARD_InitDebugConsole
                0x00004eaa       0x22 ./board/board.o
                0x00004eaa                BOARD_InitDebugConsole
 .text.BOARD_InitBootClocks
                0x00004ecc        0xc ./board/clock_config.o
                0x00004ecc                BOARD_InitBootClocks
 .text.CLOCK_EnableClock
                0x00004ed8       0x34 ./board/pin_mux.o
 .text.PORT_SetPinMux
                0x00004f0c       0x3a ./board/pin_mux.o
 .text.BOARD_InitBootPins
                0x00004f46        0xc ./board/pin_mux.o
                0x00004f46                BOARD_InitBootPins
 .text.__main   0x00004f52        0xe c:/nxp/mcuxpressoide_11.8.1_1197/ide/plugins/com.nxp.mcuxpresso.tools.win32_11.8.1.202308071233/tools/bin/../lib/gcc/arm-none-eabi/12.2.1/../../../../arm-none-eabi/lib/thumb/v7e-m+fp/hard\libcr_nohost_nf.a(_cr__main.o)
                0x00004f52                __main
 .text.memcpy   0x00004f60        0x4 c:/nxp/mcuxpressoide_11.8.1_1197/ide/plugins/com.nxp.mcuxpresso.tools.win32_11.8.1.202308071233/tools/bin/../lib/gcc/arm-none-eabi/12.2.1/../../../../arm-none-eabi/lib/thumb/v7e-m+fp/hard\libcr_c.a(memcpy.o)
                0x00004f60                memcpy
 .text.memset   0x00004f64        0x4 c:/nxp/mcuxpressoide_11.8.1_1197/ide/plugins/com.nxp.mcuxpresso.tools.win32_11.8.1.202308071233/tools/bin/../lib/gcc/arm-none-eabi/12.2.1/../../../../arm-none-eabi/lib/thumb/v7e-m+fp/hard\libcr_c.a(memset.o)
                0x00004f64                memset
 .text.free     0x00004f68       0x30 c:/nxp/mcuxpressoide_11.8.1_1197/ide/plugins/com.nxp.mcuxpresso.tools.win32_11.8.1.202308071233/tools/bin/../lib/gcc/arm-none-eabi/12.2.1/../../../../arm-none-eabi/lib/thumb/v7e-m+fp/hard\libcr_c.a(alloc.o)
                0x00004f68                free
 .text.setvbuf  0x00004f98       0x3e c:/nxp/mcuxpressoide_11.8.1_1197/ide/plugins/com.nxp.mcuxpresso.tools.win32_11.8.1.202308071233/tools/bin/../lib/gcc/arm-none-eabi/12.2.1/../../../../arm-none-eabi/lib/thumb/v7e-m+fp/hard\libcr_c.a(setvbuf.o)
                0x00004f98                setvbuf
 .text.strlen   0x00004fd6       0x4e c:/nxp/mcuxpressoide_11.8.1_1197/ide/plugins/com.nxp.mcuxpresso.tools.win32_11.8.1.202308071233/tools/bin/../lib/gcc/arm-none-eabi/12.2.1/../../../../arm-none-eabi/lib/thumb/v7e-m+fp/hard\libcr_c.a(strlen.o)
                0x00004fd6                strlen
 .text._deferredlazyseek
                0x00005024       0x40 c:/nxp/mcuxpressoide_11.8.1_1197/ide/plugins/com.nxp.mcuxpresso.tools.win32_11.8.1.202308071233/tools/bin/../lib/gcc/arm-none-eabi/12.2.1/../../../../arm-none-eabi/lib/thumb/v7e-m+fp/hard\libcr_c.a(_deferredlazyseek.o)
                0x00005024                _deferredlazyseek
 .text._fdopen  0x00005064       0x68 c:/nxp/mcuxpressoide_11.8.1_1197/ide/plugins/com.nxp.mcuxpresso.tools.win32_11.8.1.202308071233/tools/bin/../lib/gcc/arm-none-eabi/12.2.1/../../../../arm-none-eabi/lib/thumb/v7e-m+fp/hard\libcr_c.a(_fdopen.o)
                0x00005064                _fdopen
 .text._fflush  0x000050cc       0x52 c:/nxp/mcuxpressoide_11.8.1_1197/ide/plugins/com.nxp.mcuxpresso.tools.win32_11.8.1.202308071233/tools/bin/../lib/gcc/arm-none-eabi/12.2.1/../../../../arm-none-eabi/lib/thumb/v7e-m+fp/hard\libcr_c.a(_fflush.o)
                0x000050cc                _fflush
 .text.fclose   0x0000511e       0x58 c:/nxp/mcuxpressoide_11.8.1_1197/ide/plugins/com.nxp.mcuxpresso.tools.win32_11.8.1.202308071233/tools/bin/../lib/gcc/arm-none-eabi/12.2.1/../../../../arm-none-eabi/lib/thumb/v7e-m+fp/hard\libcr_c.a(fclose.o)
                0x0000511e                fclose
 .text.remove   0x00005176       0x14 c:/nxp/mcuxpressoide_11.8.1_1197/ide/plugins/com.nxp.mcuxpresso.tools.win32_11.8.1.202308071233/tools/bin/../lib/gcc/arm-none-eabi/12.2.1/../../../../arm-none-eabi/lib/thumb/v7e-m+fp/hard\libcr_c.a(remove.o)
                0x00005176                remove
 .text._do_fflush
                0x0000518a       0x40 c:/nxp/mcuxpressoide_11.8.1_1197/ide/plugins/com.nxp.mcuxpresso.tools.win32_11.8.1.202308071233/tools/bin/../lib/gcc/arm-none-eabi/12.2.1/../../../../arm-none-eabi/lib/thumb/v7e-m+fp/hard\libcr_c.a(_do_fflush.o)
                0x0000518a                _do_fflush
 .text.__aeabi_memcpy
                0x000051ca       0x34 c:/nxp/mcuxpressoide_11.8.1_1197/ide/plugins/com.nxp.mcuxpresso.tools.win32_11.8.1.202308071233/tools/bin/../lib/gcc/arm-none-eabi/12.2.1/thumb/v7e-m+fp/hard\libcr_eabihelpers.a(memcpy.o)
                0x000051ca                __aeabi_memcpy
                0x000051d4                __aeabi_memcpy8
                0x000051d4                __aeabi_memcpy4
 .text.__aeabi_memset_lowlevel
                0x000051fe       0x32 c:/nxp/mcuxpressoide_11.8.1_1197/ide/plugins/com.nxp.mcuxpresso.tools.win32_11.8.1.202308071233/tools/bin/../lib/gcc/arm-none-eabi/12.2.1/thumb/v7e-m+fp/hard\libcr_eabihelpers.a(memcpy.o)
                0x000051fe                __aeabi_lowlevel_memset
 .text.__sys_close
                0x00005230        0x6 c:/nxp/mcuxpressoide_11.8.1_1197/ide/plugins/com.nxp.mcuxpresso.tools.win32_11.8.1.202308071233/tools/bin/../lib/gcc/arm-none-eabi/12.2.1/../../../../arm-none-eabi/lib/thumb/v7e-m+fp/hard\libcr_nohost_nf.a(__sys_close.o)
                0x00005230                __sys_close
 .text.__sys_flen
                0x00005236        0x6 c:/nxp/mcuxpressoide_11.8.1_1197/ide/plugins/com.nxp.mcuxpresso.tools.win32_11.8.1.202308071233/tools/bin/../lib/gcc/arm-none-eabi/12.2.1/../../../../arm-none-eabi/lib/thumb/v7e-m+fp/hard\libcr_nohost_nf.a(__sys_flen.o)
                0x00005236                __sys_flen
 .text.__sys_istty
                0x0000523c        0x6 c:/nxp/mcuxpressoide_11.8.1_1197/ide/plugins/com.nxp.mcuxpresso.tools.win32_11.8.1.202308071233/tools/bin/../lib/gcc/arm-none-eabi/12.2.1/../../../../arm-none-eabi/lib/thumb/v7e-m+fp/hard\libcr_nohost_nf.a(__sys_istty.o)
                0x0000523c                __sys_istty
 .text.__sys_remove
                0x00005242        0x6 c:/nxp/mcuxpressoide_11.8.1_1197/ide/plugins/com.nxp.mcuxpresso.tools.win32_11.8.1.202308071233/tools/bin/../lib/gcc/arm-none-eabi/12.2.1/../../../../arm-none-eabi/lib/thumb/v7e-m+fp/hard\libcr_nohost_nf.a(__sys_remove.o)
                0x00005242                __sys_remove
 .text.__sys_seek
                0x00005248        0x6 c:/nxp/mcuxpressoide_11.8.1_1197/ide/plugins/com.nxp.mcuxpresso.tools.win32_11.8.1.202308071233/tools/bin/../lib/gcc/arm-none-eabi/12.2.1/../../../../arm-none-eabi/lib/thumb/v7e-m+fp/hard\libcr_nohost_nf.a(__sys_seek.o)
                0x00005248                __sys_seek
 .text.__sys_tmpnam
                0x0000524e        0x6 c:/nxp/mcuxpressoide_11.8.1_1197/ide/plugins/com.nxp.mcuxpresso.tools.win32_11.8.1.202308071233/tools/bin/../lib/gcc/arm-none-eabi/12.2.1/../../../../arm-none-eabi/lib/thumb/v7e-m+fp/hard\libcr_nohost_nf.a(__sys_tmpnam.o)
                0x0000524e                __sys_tmpnam
 .text.__sys_write
                0x00005254        0x4 c:/nxp/mcuxpressoide_11.8.1_1197/ide/plugins/com.nxp.mcuxpresso.tools.win32_11.8.1.202308071233/tools/bin/../lib/gcc/arm-none-eabi/12.2.1/../../../../arm-none-eabi/lib/thumb/v7e-m+fp/hard\libcr_nohost_nf.a(__sys_write.o)
                0x00005254                __sys_write
 *freertos*/tasks.o(SORT_BY_ALIGNMENT(.rodata*))
 .rodata.vTaskStartScheduler.str1.4
                0x00005258        0x5 ./freertos/freertos-kernel/tasks.o
 *fill*         0x0000525d        0x3 ff
 .rodata        0x00005260       0x1c ./freertos/freertos-kernel/tasks.o
                0x00005260                portArch_Name
                0x00005264                FreeRTOSDebugConfig
 *(SORT_BY_ALIGNMENT(.rodata) SORT_BY_ALIGNMENT(.rodata.*) SORT_BY_ALIGNMENT(.constdata) SORT_BY_ALIGNMENT(.constdata.*))
 .rodata.__assertion_failed.str1.4
                0x0000527c       0x14 ./utilities/fsl_assert.o
 .rodata.main.str1.4
                0x00005290       0x2a ./source/freertos_hello.o
 *fill*         0x000052ba        0x2 ff
 .rodata.YellowTask.str1.4
                0x000052bc       0x16 ./source/freertos_hello.o
 *fill*         0x000052d2        0x2 ff
 .rodata.PurpleTask.str1.4
                0x000052d4       0x14 ./source/freertos_hello.o
 .rodata.CyanTask.str1.4
                0x000052e8       0x14 ./source/freertos_hello.o
 .rodata.xTimerCreateTimerTask.str1.4
                0x000052fc        0x8 ./freertos/freertos-kernel/timers.o
 .rodata.prvCheckForValidListAndQueue.str1.4
                0x00005304        0x5 ./freertos/freertos-kernel/timers.o
 *fill*         0x00005309        0x3 ff
 .rodata.CLOCK_GetMcgExtClkFreq.str1.4
                0x0000530c       0x49 ./drivers/fsl_clock.o
 *fill*         0x00005355        0x3 ff
 .rodata.CLOCK_GetPll0Freq.str1.4
                0x00005358       0x1d ./drivers/fsl_clock.o
 *fill*         0x00005375        0x3 ff
 .rodata.CLOCK_EnablePll0.str1.4
                0x00005378       0x1a ./drivers/fsl_clock.o
 *fill*         0x00005392        0x2 ff
 .rodata.CLOCK_SetPbeMode.str1.4
                0x00005394       0x1a ./drivers/fsl_clock.o
 *fill*         0x000053ae        0x2 ff
 .rodata.CLOCK_BootToPeeMode.str1.4
                0x000053b0       0x1a ./drivers/fsl_clock.o
 *fill*         0x000053ca        0x2 ff
 .rodata.fllFactorTable.1
                0x000053cc       0x10 ./drivers/fsl_clock.o
 .rodata.GPIO_PinInit.str1.4
                0x000053dc       0x20 ./drivers/fsl_gpio.o
 .rodata.s_uartBases
                0x000053fc        0xc ./drivers/fsl_uart.o
 .rodata.s_uartClock
                0x00005408        0xc ./drivers/fsl_uart.o
 .rodata.UART_GetInstance.str1.4
                0x00005414       0x2b ./drivers/fsl_uart.o
 *fill*         0x0000543f        0x1 ff
 .rodata.UART_Init.str1.4
                0x00005440       0xfb ./drivers/fsl_uart.o
 *fill*         0x0000553b        0x1 ff
 .rodata.UART_GetDefaultConfig.str1.4
                0x0000553c       0x20 ./drivers/fsl_uart.o
 .rodata.s_UartAdapterBase
                0x0000555c        0xc ./component/uart/fsl_adapter_uart.o
 .rodata.HAL_UartInit.str1.4
                0x00005568       0xdd ./component/uart/fsl_adapter_uart.o
 *fill*         0x00005645        0x3 ff
 .rodata.HAL_UartSendBlocking.str1.4
                0x00005648       0x60 ./component/uart/fsl_adapter_uart.o
 .rodata.mcgConfig_BOARD_BootClockRUN
                0x000056a8        0xb ./board/clock_config.o
                0x000056a8                mcgConfig_BOARD_BootClockRUN
 *fill*         0x000056b3        0x1 ff
 .rodata.simConfig_BOARD_BootClockRUN
                0x000056b4        0x8 ./board/clock_config.o
                0x000056b4                simConfig_BOARD_BootClockRUN
 .rodata.oscConfig_BOARD_BootClockRUN
                0x000056bc        0x8 ./board/clock_config.o
                0x000056bc                oscConfig_BOARD_BootClockRUN
 .rodata        0x000056c4        0x2 ./board/pin_mux.o
 *fill*         0x000056c6        0x2 ff
 .rodata.__num_Ciob_streams
                0x000056c8        0x4 c:/nxp/mcuxpressoide_11.8.1_1197/ide/plugins/com.nxp.mcuxpresso.tools.win32_11.8.1.202308071233/tools/bin/../lib/gcc/arm-none-eabi/12.2.1/../../../../arm-none-eabi/lib/thumb/v7e-m+fp/hard\libcr_nohost_nf.a(__ciob.o)
                0x000056c8                __num_Ciob_streams
 .rodata._initio.str1.1
                0x000056cc        0x4 c:/nxp/mcuxpressoide_11.8.1_1197/ide/plugins/com.nxp.mcuxpresso.tools.win32_11.8.1.202308071233/tools/bin/../lib/gcc/arm-none-eabi/12.2.1/../../../../arm-none-eabi/lib/thumb/v7e-m+fp/hard\libcr_c.a(initio.o)
                0x000056d0                . = ALIGN (0x4)

.glue_7         0x000056d0        0x0
 .glue_7        0x000056d0        0x0 linker stubs

.glue_7t        0x000056d0        0x0
 .glue_7t       0x000056d0        0x0 linker stubs

.vfp11_veneer   0x000056d0        0x0
 .vfp11_veneer  0x000056d0        0x0 linker stubs

.v4_bx          0x000056d0        0x0
 .v4_bx         0x000056d0        0x0 linker stubs

.iplt           0x000056d0        0x0
 .iplt          0x000056d0        0x0 ./utilities/fsl_assert.o

.rel.dyn        0x000056d0        0x0
 .rel.iplt      0x000056d0        0x0 ./utilities/fsl_assert.o

.ARM.extab
 *(SORT_BY_ALIGNMENT(.ARM.extab*) SORT_BY_ALIGNMENT(.gnu.linkonce.armextab.*))

.ARM.exidx      0x000056d0        0x0
                0x000056d0                __exidx_start = .
 *(SORT_BY_ALIGNMENT(.ARM.exidx*) SORT_BY_ALIGNMENT(.gnu.linkonce.armexidx.*))
                0x000056d0                __exidx_end = .
                0x000056d0                _etext = .

.data_RAM2      0x1fff8000        0x0 load address 0x000056d0
 FILL mask 0xff
                [!provide]                PROVIDE (__start_data_RAM2 = .)
                [!provide]                PROVIDE (__start_data_SRAM_LOWER = .)
 *(SORT_BY_ALIGNMENT(.ramfunc.$RAM2))
 *(SORT_BY_ALIGNMENT(.ramfunc.$SRAM_LOWER))
 *(SORT_BY_ALIGNMENT(.data.$RAM2))
 *(SORT_BY_ALIGNMENT(.data.$SRAM_LOWER))
 *(SORT_BY_ALIGNMENT(.data.$RAM2.*))
 *(SORT_BY_ALIGNMENT(.data.$SRAM_LOWER.*))
                0x1fff8000                . = ALIGN (0x4)
                [!provide]                PROVIDE (__end_data_RAM2 = .)
                [!provide]                PROVIDE (__end_data_SRAM_LOWER = .)

.uninit_RESERVED
                0x20000000        0x0
                0x20000000                _start_uninit_RESERVED = .
 *(SORT_BY_ALIGNMENT(.bss.$RESERVED*))
                0x20000000                . = ALIGN (0x4)
                0x20000000                _end_uninit_RESERVED = .

.data           0x20000000       0x14 load address 0x000056d0
 FILL mask 0xff
                0x20000000                _data = .
                [!provide]                PROVIDE (__start_data_RAM = .)
                [!provide]                PROVIDE (__start_data_SRAM_UPPER = .)
 *(SORT_BY_ALIGNMENT(vtable))
 *(SORT_BY_ALIGNMENT(.ramfunc*))
 *(SORT_BY_ALIGNMENT(CodeQuickAccess))
 *(SORT_BY_ALIGNMENT(DataQuickAccess))
 *(SORT_BY_ALIGNMENT(RamFunction))
 *(SORT_BY_ALIGNMENT(.data*))
 .data.uxCriticalNesting
                0x20000000        0x4 ./freertos/freertos-kernel/portable/GCC/ARM_CM4F/port.o
 .data.uxTopUsedPriority
                0x20000004        0x4 ./freertos/freertos-kernel/tasks.o
                0x20000004                uxTopUsedPriority
 .data.s_slowIrcFreq
                0x20000008        0x4 ./drivers/fsl_clock.o
 .data.s_fastIrcFreq
                0x2000000c        0x4 ./drivers/fsl_clock.o
 .data.SystemCoreClock
                0x20000010        0x4 ./device/system_MKV31F51212.o
                0x20000010                SystemCoreClock
                0x20000014                . = ALIGN (0x4)
                0x20000014                _edata = .
                [!provide]                PROVIDE (__end_data_RAM = .)
                [!provide]                PROVIDE (__end_data_SRAM_UPPER = .)

.igot.plt       0x20000014        0x0 load address 0x000056e4
 .igot.plt      0x20000014        0x0 ./utilities/fsl_assert.o

.bss_RAM2       0x1fff8000        0x0
                [!provide]                PROVIDE (__start_bss_RAM2 = .)
                [!provide]                PROVIDE (__start_bss_SRAM_LOWER = .)
 *(SORT_BY_ALIGNMENT(.bss.$RAM2))
 *(SORT_BY_ALIGNMENT(.bss.$SRAM_LOWER))
 *(SORT_BY_ALIGNMENT(.bss.$RAM2.*))
 *(SORT_BY_ALIGNMENT(.bss.$SRAM_LOWER.*))
                0x1fff8000                . = ALIGN ((. != 0x0)?0x4:0x1)
                [!provide]                PROVIDE (__end_bss_RAM2 = .)
                [!provide]                PROVIDE (__end_bss_SRAM_LOWER = .)

.bss            0x20000014     0x2aa4
                0x20000014                _bss = .
                [!provide]                PROVIDE (__start_bss_RAM = .)
                [!provide]                PROVIDE (__start_bss_SRAM_UPPER = .)
 *(SORT_BY_ALIGNMENT(.bss*))
 .bss.s_debugConsoleState
                0x20000014       0x20 ./utilities/fsl_debug_console.o
 .bss.g_serialHandle
                0x20000034        0x4 ./utilities/fsl_debug_console.o
                0x20000034                g_serialHandle
 .bss.xLedQueue
                0x20000038        0x4 ./source/freertos_hello.o
                0x20000038                xLedQueue
 .bss.ucHeap    0x2000003c     0x2800 ./freertos/freertos-kernel/portable/MemMang/heap_4.o
 .bss.xStart    0x2000283c        0x8 ./freertos/freertos-kernel/portable/MemMang/heap_4.o
 .bss.pxEnd     0x20002844        0x4 ./freertos/freertos-kernel/portable/MemMang/heap_4.o
 .bss.xFreeBytesRemaining
                0x20002848        0x4 ./freertos/freertos-kernel/portable/MemMang/heap_4.o
 .bss.xMinimumEverFreeBytesRemaining
                0x2000284c        0x4 ./freertos/freertos-kernel/portable/MemMang/heap_4.o
 .bss.xNumberOfSuccessfulAllocations
                0x20002850        0x4 ./freertos/freertos-kernel/portable/MemMang/heap_4.o
 .bss.xNumberOfSuccessfulFrees
                0x20002854        0x4 ./freertos/freertos-kernel/portable/MemMang/heap_4.o
 .bss.ulMaxPRIGROUPValue
                0x20002858        0x4 ./freertos/freertos-kernel/portable/GCC/ARM_CM4F/port.o
 .bss.xQueueRegistry
                0x2000285c       0x40 ./freertos/freertos-kernel/queue.o
                0x2000285c                xQueueRegistry
 .bss.pxCurrentTCB
                0x2000289c        0x4 ./freertos/freertos-kernel/tasks.o
                0x2000289c                pxCurrentTCB
 .bss.pxReadyTasksLists
                0x200028a0       0x64 ./freertos/freertos-kernel/tasks.o
 .bss.xDelayedTaskList1
                0x20002904       0x14 ./freertos/freertos-kernel/tasks.o
 .bss.xDelayedTaskList2
                0x20002918       0x14 ./freertos/freertos-kernel/tasks.o
 .bss.pxDelayedTaskList
                0x2000292c        0x4 ./freertos/freertos-kernel/tasks.o
 .bss.pxOverflowDelayedTaskList
                0x20002930        0x4 ./freertos/freertos-kernel/tasks.o
 .bss.xPendingReadyList
                0x20002934       0x14 ./freertos/freertos-kernel/tasks.o
 .bss.xTasksWaitingTermination
                0x20002948       0x14 ./freertos/freertos-kernel/tasks.o
 .bss.uxDeletedTasksWaitingCleanUp
                0x2000295c        0x4 ./freertos/freertos-kernel/tasks.o
 .bss.xSuspendedTaskList
                0x20002960       0x14 ./freertos/freertos-kernel/tasks.o
 .bss.uxCurrentNumberOfTasks
                0x20002974        0x4 ./freertos/freertos-kernel/tasks.o
 .bss.xTickCount
                0x20002978        0x4 ./freertos/freertos-kernel/tasks.o
 .bss.uxTopReadyPriority
                0x2000297c        0x4 ./freertos/freertos-kernel/tasks.o
 .bss.xSchedulerRunning
                0x20002980        0x4 ./freertos/freertos-kernel/tasks.o
 .bss.xPendedTicks
                0x20002984        0x4 ./freertos/freertos-kernel/tasks.o
 .bss.xYieldPending
                0x20002988        0x4 ./freertos/freertos-kernel/tasks.o
 .bss.xNumOfOverflows
                0x2000298c        0x4 ./freertos/freertos-kernel/tasks.o
 .bss.uxTaskNumber
                0x20002990        0x4 ./freertos/freertos-kernel/tasks.o
 .bss.xNextTaskUnblockTime
                0x20002994        0x4 ./freertos/freertos-kernel/tasks.o
 .bss.xIdleTaskHandle
                0x20002998        0x4 ./freertos/freertos-kernel/tasks.o
 .bss.uxSchedulerSuspended
                0x2000299c        0x4 ./freertos/freertos-kernel/tasks.o
 .bss.xActiveTimerList1
                0x200029a0       0x14 ./freertos/freertos-kernel/timers.o
 .bss.xActiveTimerList2
                0x200029b4       0x14 ./freertos/freertos-kernel/timers.o
 .bss.pxCurrentTimerList
                0x200029c8        0x4 ./freertos/freertos-kernel/timers.o
 .bss.pxOverflowTimerList
                0x200029cc        0x4 ./freertos/freertos-kernel/timers.o
 .bss.xTimerQueue
                0x200029d0        0x4 ./freertos/freertos-kernel/timers.o
 .bss.xTimerTaskHandle
                0x200029d4        0x4 ./freertos/freertos-kernel/timers.o
 .bss.xLastTime.0
                0x200029d8        0x4 ./freertos/freertos-kernel/timers.o
 .bss.g_xtal0Freq
                0x200029dc        0x4 ./drivers/fsl_clock.o
                0x200029dc                g_xtal0Freq
 .bss.g_xtal32Freq
                0x200029e0        0x4 ./drivers/fsl_clock.o
                0x200029e0                g_xtal32Freq
 .bss.s_lpuartHandle
                0x200029e4        0x4 ./drivers/fsl_lpuart.o
                0x200029e4                s_lpuartHandle
 .bss.s_lpuartIsr
                0x200029e8        0x4 ./drivers/fsl_lpuart.o
                0x200029e8                s_lpuartIsr
 .bss.s_uartHandle
                0x200029ec        0xc ./drivers/fsl_uart.o
                0x200029ec                s_uartHandle
 .bss.s_uartIsr
                0x200029f8        0x4 ./drivers/fsl_uart.o
                0x200029f8                s_uartIsr
 .bss.errno     0x200029fc        0x4 c:/nxp/mcuxpressoide_11.8.1_1197/ide/plugins/com.nxp.mcuxpresso.tools.win32_11.8.1.202308071233/tools/bin/../lib/gcc/arm-none-eabi/12.2.1/../../../../arm-none-eabi/lib/thumb/v7e-m+fp/hard\libcr_c.a(errno.o)
                0x200029fc                errno
 .bss.__Ciob    0x20002a00       0xb4 c:/nxp/mcuxpressoide_11.8.1_1197/ide/plugins/com.nxp.mcuxpresso.tools.win32_11.8.1.202308071233/tools/bin/../lib/gcc/arm-none-eabi/12.2.1/../../../../arm-none-eabi/lib/thumb/v7e-m+fp/hard\libcr_nohost_nf.a(__ciob.o)
                0x20002a00                __Ciob
 .bss.s_debugConsoleReadWaitSemaphore
                0x20002ab4        0x1 ./utilities/fsl_debug_console.o
 .bss.ucMaxSysCallPriority
                0x20002ab5        0x1 ./freertos/freertos-kernel/portable/GCC/ARM_CM4F/port.o
 *(SORT_BY_ALIGNMENT(COMMON))
                0x20002ab8                . = ALIGN (0x4)
 *fill*         0x20002ab6        0x2 
                0x20002ab8                _ebss = .
                [!provide]                PROVIDE (__end_bss_RAM = .)
                [!provide]                PROVIDE (__end_bss_SRAM_UPPER = .)
                [!provide]                PROVIDE (end = .)

.noinit_RAM2    0x1fff8000        0x0
                [!provide]                PROVIDE (__start_noinit_RAM2 = .)
                [!provide]                PROVIDE (__start_noinit_SRAM_LOWER = .)
 *(SORT_BY_ALIGNMENT(.noinit.$RAM2))
 *(SORT_BY_ALIGNMENT(.noinit.$SRAM_LOWER))
 *(SORT_BY_ALIGNMENT(.noinit.$RAM2.*))
 *(SORT_BY_ALIGNMENT(.noinit.$SRAM_LOWER.*))
                0x1fff8000                . = ALIGN (0x4)
                [!provide]                PROVIDE (__end_noinit_RAM2 = .)
                [!provide]                PROVIDE (__end_noinit_SRAM_LOWER = .)

.noinit         0x20002ab8        0x0
                0x20002ab8                _noinit = .
                [!provide]                PROVIDE (__start_noinit_RAM = .)
                [!provide]                PROVIDE (__start_noinit_SRAM_UPPER = .)
 *(SORT_BY_ALIGNMENT(.noinit*))
                0x20002ab8                . = ALIGN (0x4)
                0x20002ab8                _end_noinit = .
                [!provide]                PROVIDE (__end_noinit_RAM = .)
                [!provide]                PROVIDE (__end_noinit_SRAM_UPPER = .)
                0x00001000                _HeapSize = 0x1000

.heap           0x20002ab8     0x1000
                0x20002ab8                _pvHeapStart = .
                0x20003ab8                . = (. + _HeapSize)
 *fill*         0x20002ab8     0x1000 
                0x20003ab8                . = ALIGN (0x4)
                0x20003ab8                _pvHeapLimit = .
                0x00001000                _StackSize = 0x1000

.heap2stackfill
                0x20003ab8     0x1000
                0x20004ab8                . = (. + _StackSize)
 *fill*         0x20003ab8     0x1000 

.stack          0x2000f000        0x0
                0x2000f000                _vStackBase = .
                0x2000f000                . = ALIGN (0x4)
                0x20010000                _vStackTop = (. + _StackSize)
                0x00000000                _image_start = LOADADDR (.text)
                0x000056e4                _image_end = (LOADADDR (.data) + SIZEOF (.data))
                0x000056e4                _image_size = (_image_end - _image_start)
OUTPUT(freertos_hello.axf elf32-littlearm)
LOAD linker stubs

.debug_info     0x00000000    0x11b68
 .debug_info    0x00000000       0xcb ./utilities/fsl_assert.o
 .debug_info    0x000000cb      0xd9c ./utilities/fsl_debug_console.o
 .debug_info    0x00000e67      0xaed ./utilities/fsl_str.o
 .debug_info    0x00001954      0xb1e ./startup/startup_mkv31f51212.o
 .debug_info    0x00002472      0x70e ./source/freertos_hello.o
 .debug_info    0x00002b80       0x3d ./source/semihost_hardfault.o
 .debug_info    0x00002bbd      0x509 ./freertos/freertos-kernel/portable/MemMang/heap_4.o
 .debug_info    0x000030c6      0x4c9 ./freertos/freertos-kernel/portable/GCC/ARM_CM4F/port.o
 .debug_info    0x0000358f      0x29c ./freertos/freertos-kernel/list.o
 .debug_info    0x0000382b     0x185d ./freertos/freertos-kernel/queue.o
 .debug_info    0x00005088     0x2523 ./freertos/freertos-kernel/tasks.o
 .debug_info    0x000075ab      0xfb0 ./freertos/freertos-kernel/timers.o
 .debug_info    0x0000855b     0x1a29 ./drivers/fsl_clock.o
 .debug_info    0x00009f84      0x6b3 ./drivers/fsl_gpio.o
 .debug_info    0x0000a637     0x1e4a ./drivers/fsl_lpuart.o
 .debug_info    0x0000c481     0x1e32 ./drivers/fsl_uart.o
 .debug_info    0x0000e2b3      0x618 ./device/system_MKV31F51212.o
 .debug_info    0x0000e8cb      0xb86 ./component/uart/fsl_adapter_uart.o
 .debug_info    0x0000f451      0xd2d ./component/serial_manager/fsl_component_serial_manager.o
 .debug_info    0x0001017e      0x518 ./component/serial_manager/fsl_component_serial_port_uart.o
 .debug_info    0x00010696      0x153 ./board/board.o
 .debug_info    0x000107e9      0xcf5 ./board/clock_config.o
 .debug_info    0x000114de      0x68a ./board/pin_mux.o

.debug_abbrev   0x00000000     0x3367
 .debug_abbrev  0x00000000       0x8f ./utilities/fsl_assert.o
 .debug_abbrev  0x0000008f      0x27a ./utilities/fsl_debug_console.o
 .debug_abbrev  0x00000309      0x276 ./utilities/fsl_str.o
 .debug_abbrev  0x0000057f      0x17e ./startup/startup_mkv31f51212.o
 .debug_abbrev  0x000006fd      0x1fb ./source/freertos_hello.o
 .debug_abbrev  0x000008f8       0x2f ./source/semihost_hardfault.o
 .debug_abbrev  0x00000927      0x256 ./freertos/freertos-kernel/portable/MemMang/heap_4.o
 .debug_abbrev  0x00000b7d      0x25a ./freertos/freertos-kernel/portable/GCC/ARM_CM4F/port.o
 .debug_abbrev  0x00000dd7       0xf5 ./freertos/freertos-kernel/list.o
 .debug_abbrev  0x00000ecc      0x32a ./freertos/freertos-kernel/queue.o
 .debug_abbrev  0x000011f6      0x3b8 ./freertos/freertos-kernel/tasks.o
 .debug_abbrev  0x000015ae      0x2d7 ./freertos/freertos-kernel/timers.o
 .debug_abbrev  0x00001885      0x386 ./drivers/fsl_clock.o
 .debug_abbrev  0x00001c0b      0x1d2 ./drivers/fsl_gpio.o
 .debug_abbrev  0x00001ddd      0x44d ./drivers/fsl_lpuart.o
 .debug_abbrev  0x0000222a      0x461 ./drivers/fsl_uart.o
 .debug_abbrev  0x0000268b      0x149 ./device/system_MKV31F51212.o
 .debug_abbrev  0x000027d4      0x223 ./component/uart/fsl_adapter_uart.o
 .debug_abbrev  0x000029f7      0x2c1 ./component/serial_manager/fsl_component_serial_manager.o
 .debug_abbrev  0x00002cb8      0x196 ./component/serial_manager/fsl_component_serial_port_uart.o
 .debug_abbrev  0x00002e4e       0xc5 ./board/board.o
 .debug_abbrev  0x00002f13      0x256 ./board/clock_config.o
 .debug_abbrev  0x00003169      0x1fe ./board/pin_mux.o

.debug_aranges  0x00000000     0x1138
 .debug_aranges
                0x00000000       0x20 ./utilities/fsl_assert.o
 .debug_aranges
                0x00000020       0xa8 ./utilities/fsl_debug_console.o
 .debug_aranges
                0x000000c8       0xb8 ./utilities/fsl_str.o
 .debug_aranges
                0x00000180      0x2d0 ./startup/startup_mkv31f51212.o
 .debug_aranges
                0x00000450       0x50 ./source/freertos_hello.o
 .debug_aranges
                0x000004a0       0x20 ./source/semihost_hardfault.o
 .debug_aranges
                0x000004c0       0x60 ./freertos/freertos-kernel/portable/MemMang/heap_4.o
 .debug_aranges
                0x00000520       0x80 ./freertos/freertos-kernel/portable/GCC/ARM_CM4F/port.o
 .debug_aranges
                0x000005a0       0x40 ./freertos/freertos-kernel/list.o
 .debug_aranges
                0x000005e0      0x130 ./freertos/freertos-kernel/queue.o
 .debug_aranges
                0x00000710      0x208 ./freertos/freertos-kernel/tasks.o
 .debug_aranges
                0x00000918       0xf8 ./freertos/freertos-kernel/timers.o
 .debug_aranges
                0x00000a10      0x1e8 ./drivers/fsl_clock.o
 .debug_aranges
                0x00000bf8       0x40 ./drivers/fsl_gpio.o
 .debug_aranges
                0x00000c38      0x158 ./drivers/fsl_lpuart.o
 .debug_aranges
                0x00000d90      0x188 ./drivers/fsl_uart.o
 .debug_aranges
                0x00000f18       0x30 ./device/system_MKV31F51212.o
 .debug_aranges
                0x00000f48       0x50 ./component/uart/fsl_adapter_uart.o
 .debug_aranges
                0x00000f98       0xa0 ./component/serial_manager/fsl_component_serial_manager.o
 .debug_aranges
                0x00001038       0x48 ./component/serial_manager/fsl_component_serial_port_uart.o
 .debug_aranges
                0x00001080       0x20 ./board/board.o
 .debug_aranges
                0x000010a0       0x60 ./board/clock_config.o
 .debug_aranges
                0x00001100       0x38 ./board/pin_mux.o

.debug_rnglists
                0x00000000      0xcfd
 .debug_rnglists
                0x00000000       0x13 ./utilities/fsl_assert.o
 .debug_rnglists
                0x00000013       0x7c ./utilities/fsl_debug_console.o
 .debug_rnglists
                0x0000008f       0xa6 ./utilities/fsl_str.o
 .debug_rnglists
                0x00000135      0x217 ./startup/startup_mkv31f51212.o
 .debug_rnglists
                0x0000034c       0x38 ./source/freertos_hello.o
 .debug_rnglists
                0x00000384       0x13 ./source/semihost_hardfault.o
 .debug_rnglists
                0x00000397       0x48 ./freertos/freertos-kernel/portable/MemMang/heap_4.o
 .debug_rnglists
                0x000003df       0x5d ./freertos/freertos-kernel/portable/GCC/ARM_CM4F/port.o
 .debug_rnglists
                0x0000043c       0x2b ./freertos/freertos-kernel/list.o
 .debug_rnglists
                0x00000467       0xec ./freertos/freertos-kernel/queue.o
 .debug_rnglists
                0x00000553      0x1a1 ./freertos/freertos-kernel/tasks.o
 .debug_rnglists
                0x000006f4       0xb9 ./freertos/freertos-kernel/timers.o
 .debug_rnglists
                0x000007ad      0x179 ./drivers/fsl_clock.o
 .debug_rnglists
                0x00000926       0x2b ./drivers/fsl_gpio.o
 .debug_rnglists
                0x00000951      0x104 ./drivers/fsl_lpuart.o
 .debug_rnglists
                0x00000a55      0x12f ./drivers/fsl_uart.o
 .debug_rnglists
                0x00000b84       0x20 ./device/system_MKV31F51212.o
 .debug_rnglists
                0x00000ba4       0x38 ./component/uart/fsl_adapter_uart.o
 .debug_rnglists
                0x00000bdc       0x73 ./component/serial_manager/fsl_component_serial_manager.o
 .debug_rnglists
                0x00000c4f       0x31 ./component/serial_manager/fsl_component_serial_port_uart.o
 .debug_rnglists
                0x00000c80       0x13 ./board/board.o
 .debug_rnglists
                0x00000c93       0x44 ./board/clock_config.o
 .debug_rnglists
                0x00000cd7       0x26 ./board/pin_mux.o

.debug_macro    0x00000000     0xe457
 .debug_macro   0x00000000      0x1a7 ./utilities/fsl_assert.o
 .debug_macro   0x000001a7      0xafc ./utilities/fsl_assert.o
 .debug_macro   0x00000ca3       0x10 ./utilities/fsl_assert.o
 .debug_macro   0x00000cb3       0x1c ./utilities/fsl_assert.o
 .debug_macro   0x00000ccf       0x22 ./utilities/fsl_assert.o
 .debug_macro   0x00000cf1      0x12e ./utilities/fsl_assert.o
 .debug_macro   0x00000e1f      0x5b3 ./utilities/fsl_assert.o
 .debug_macro   0x000013d2       0x22 ./utilities/fsl_assert.o
 .debug_macro   0x000013f4       0x10 ./utilities/fsl_assert.o
 .debug_macro   0x00001404       0x56 ./utilities/fsl_assert.o
 .debug_macro   0x0000145a       0x1c ./utilities/fsl_assert.o
 .debug_macro   0x00001476       0x22 ./utilities/fsl_assert.o
 .debug_macro   0x00001498       0xfb ./utilities/fsl_assert.o
 .debug_macro   0x00001593      0xeeb ./utilities/fsl_assert.o
 .debug_macro   0x0000247e       0x3a ./utilities/fsl_assert.o
 .debug_macro   0x000024b8     0x797a ./utilities/fsl_assert.o
 .debug_macro   0x00009e32     0x1131 ./utilities/fsl_assert.o
 .debug_macro   0x0000af63       0x7a ./utilities/fsl_assert.o
 .debug_macro   0x0000afdd       0xa8 ./utilities/fsl_assert.o
 .debug_macro   0x0000b085      0x12e ./utilities/fsl_assert.o
 .debug_macro   0x0000b1b3       0x70 ./utilities/fsl_assert.o
 .debug_macro   0x0000b223      0x198 ./utilities/fsl_assert.o
 .debug_macro   0x0000b3bb      0x15a ./utilities/fsl_assert.o
 .debug_macro   0x0000b515       0xea ./utilities/fsl_assert.o
 .debug_macro   0x0000b5ff       0x28 ./utilities/fsl_assert.o
 .debug_macro   0x0000b627       0x1f ./utilities/fsl_assert.o
 .debug_macro   0x0000b646       0x12 ./utilities/fsl_assert.o
 .debug_macro   0x0000b658      0x3d7 ./utilities/fsl_assert.o
 .debug_macro   0x0000ba2f       0x40 ./utilities/fsl_assert.o
 .debug_macro   0x0000ba6f       0x16 ./utilities/fsl_assert.o
 .debug_macro   0x0000ba85       0x6d ./utilities/fsl_assert.o
 .debug_macro   0x0000baf2       0x16 ./utilities/fsl_assert.o
 .debug_macro   0x0000bb08       0x1c ./utilities/fsl_assert.o
 .debug_macro   0x0000bb24       0x1c ./utilities/fsl_assert.o
 .debug_macro   0x0000bb40      0x253 ./utilities/fsl_debug_console.o
 .debug_macro   0x0000bd93       0x16 ./utilities/fsl_debug_console.o
 .debug_macro   0x0000bda9       0x10 ./utilities/fsl_debug_console.o
 .debug_macro   0x0000bdb9       0x28 ./utilities/fsl_debug_console.o
 .debug_macro   0x0000bde1      0x198 ./utilities/fsl_debug_console.o
 .debug_macro   0x0000bf79       0xc3 ./utilities/fsl_debug_console.o
 .debug_macro   0x0000c03c      0x120 ./utilities/fsl_debug_console.o
 .debug_macro   0x0000c15c       0x80 ./utilities/fsl_debug_console.o
 .debug_macro   0x0000c1dc       0x77 ./utilities/fsl_debug_console.o
 .debug_macro   0x0000c253       0x16 ./utilities/fsl_debug_console.o
 .debug_macro   0x0000c269       0x50 ./utilities/fsl_debug_console.o
 .debug_macro   0x0000c2b9       0x46 ./utilities/fsl_debug_console.o
 .debug_macro   0x0000c2ff       0x1c ./utilities/fsl_debug_console.o
 .debug_macro   0x0000c31b      0x1e0 ./utilities/fsl_str.o
 .debug_macro   0x0000c4fb       0xc4 ./utilities/fsl_str.o
 .debug_macro   0x0000c5bf      0x1c7 ./utilities/fsl_str.o
 .debug_macro   0x0000c786       0x29 ./startup/startup_mkv31f51212.o
 .debug_macro   0x0000c7af      0x215 ./source/freertos_hello.o
 .debug_macro   0x0000c9c4       0x16 ./source/freertos_hello.o
 .debug_macro   0x0000c9da       0x97 ./source/freertos_hello.o
 .debug_macro   0x0000ca71       0x1c ./source/freertos_hello.o
 .debug_macro   0x0000ca8d       0x8e ./source/freertos_hello.o
 .debug_macro   0x0000cb1b       0x22 ./source/freertos_hello.o
 .debug_macro   0x0000cb3d       0x16 ./source/freertos_hello.o
 .debug_macro   0x0000cb53      0x12a ./source/freertos_hello.o
 .debug_macro   0x0000cc7d       0x11 ./source/semihost_hardfault.o
 .debug_macro   0x0000cc8e      0x128 ./freertos/freertos-kernel/portable/MemMang/heap_4.o
 .debug_macro   0x0000cdb6      0x17e ./freertos/freertos-kernel/portable/GCC/ARM_CM4F/port.o
 .debug_macro   0x0000cf34       0xc9 ./freertos/freertos-kernel/list.o
 .debug_macro   0x0000cffd      0x13e ./freertos/freertos-kernel/queue.o
 .debug_macro   0x0000d13b      0x197 ./freertos/freertos-kernel/tasks.o
 .debug_macro   0x0000d2d2       0x17 ./freertos/freertos-kernel/tasks.o
 .debug_macro   0x0000d2e9       0x16 ./freertos/freertos-kernel/tasks.o
 .debug_macro   0x0000d2ff      0x118 ./freertos/freertos-kernel/timers.o
 .debug_macro   0x0000d417      0x1d8 ./drivers/fsl_clock.o
 .debug_macro   0x0000d5ef      0x121 ./drivers/fsl_gpio.o
 .debug_macro   0x0000d710       0x10 ./drivers/fsl_gpio.o
 .debug_macro   0x0000d720      0x121 ./drivers/fsl_lpuart.o
 .debug_macro   0x0000d841       0x10 ./drivers/fsl_lpuart.o
 .debug_macro   0x0000d851      0x127 ./drivers/fsl_uart.o
 .debug_macro   0x0000d978       0x10 ./drivers/fsl_uart.o
 .debug_macro   0x0000d988       0x98 ./device/system_MKV31F51212.o
 .debug_macro   0x0000da20      0x175 ./component/uart/fsl_adapter_uart.o
 .debug_macro   0x0000db95       0x16 ./component/uart/fsl_adapter_uart.o
 .debug_macro   0x0000dbab       0x40 ./component/uart/fsl_adapter_uart.o
 .debug_macro   0x0000dbeb      0x1e2 ./component/serial_manager/fsl_component_serial_manager.o
 .debug_macro   0x0000ddcd       0x6a ./component/serial_manager/fsl_component_serial_manager.o
 .debug_macro   0x0000de37      0x1a6 ./component/serial_manager/fsl_component_serial_port_uart.o
 .debug_macro   0x0000dfdd      0x1ce ./board/board.o
 .debug_macro   0x0000e1ab      0x153 ./board/clock_config.o
 .debug_macro   0x0000e2fe       0x1c ./board/clock_config.o
 .debug_macro   0x0000e31a      0x127 ./board/pin_mux.o
 .debug_macro   0x0000e441       0x16 ./board/pin_mux.o

.debug_line     0x00000000     0xe352
 .debug_line    0x00000000      0x64c ./utilities/fsl_assert.o
 .debug_line    0x0000064c      0xa94 ./utilities/fsl_debug_console.o
 .debug_line    0x000010e0      0xde4 ./utilities/fsl_str.o
 .debug_line    0x00001ec4      0x971 ./startup/startup_mkv31f51212.o
 .debug_line    0x00002835      0x853 ./source/freertos_hello.o
 .debug_line    0x00003088       0x59 ./source/semihost_hardfault.o
 .debug_line    0x000030e1      0x6a8 ./freertos/freertos-kernel/portable/MemMang/heap_4.o
 .debug_line    0x00003789      0x67c ./freertos/freertos-kernel/portable/GCC/ARM_CM4F/port.o
 .debug_line    0x00003e05      0x453 ./freertos/freertos-kernel/list.o
 .debug_line    0x00004258     0x1356 ./freertos/freertos-kernel/queue.o
 .debug_line    0x000055ae     0x1b32 ./freertos/freertos-kernel/tasks.o
 .debug_line    0x000070e0      0xa23 ./freertos/freertos-kernel/timers.o
 .debug_line    0x00007b03     0x146b ./drivers/fsl_clock.o
 .debug_line    0x00008f6e      0x40f ./drivers/fsl_gpio.o
 .debug_line    0x0000937d     0x107e ./drivers/fsl_lpuart.o
 .debug_line    0x0000a3fb     0x143e ./drivers/fsl_uart.o
 .debug_line    0x0000b839      0x3f0 ./device/system_MKV31F51212.o
 .debug_line    0x0000bc29      0x6de ./component/uart/fsl_adapter_uart.o
 .debug_line    0x0000c307      0x96a ./component/serial_manager/fsl_component_serial_manager.o
 .debug_line    0x0000cc71      0x720 ./component/serial_manager/fsl_component_serial_port_uart.o
 .debug_line    0x0000d391      0x6bc ./board/board.o
 .debug_line    0x0000da4d      0x4df ./board/clock_config.o
 .debug_line    0x0000df2c      0x426 ./board/pin_mux.o

.debug_str      0x00000000    0x5b5e5
 .debug_str     0x00000000    0x4c9df ./utilities/fsl_assert.o
                              0x4ca92 (size before relaxing)
 .debug_str     0x0004c9df     0x4288 ./utilities/fsl_debug_console.o
                              0x50d51 (size before relaxing)
 .debug_str     0x00050c67      0xb41 ./utilities/fsl_str.o
                              0x4d6d3 (size before relaxing)
 .debug_str     0x000517a8      0x70b ./startup/startup_mkv31f51212.o
                               0x368e (size before relaxing)
 .debug_str     0x00051eb3     0x16e7 ./source/freertos_hello.o
                              0x516ae (size before relaxing)
 .debug_str     0x0005359a       0x1f ./source/semihost_hardfault.o
                               0x2f0e (size before relaxing)
 .debug_str     0x000535b9      0x69c ./freertos/freertos-kernel/portable/MemMang/heap_4.o
                               0x9a9b (size before relaxing)
 .debug_str     0x00053c55      0x835 ./freertos/freertos-kernel/portable/GCC/ARM_CM4F/port.o
                               0x9c23 (size before relaxing)
 .debug_str     0x0005448a      0x135 ./freertos/freertos-kernel/list.o
                               0x82da (size before relaxing)
 .debug_str     0x000545bf      0xbf6 ./freertos/freertos-kernel/queue.o
                               0xa967 (size before relaxing)
 .debug_str     0x000551b5     0x13cc ./freertos/freertos-kernel/tasks.o
                               0xb495 (size before relaxing)
 .debug_str     0x00056581      0x62f ./freertos/freertos-kernel/timers.o
                               0xac03 (size before relaxing)
 .debug_str     0x00056bb0     0x18fa ./drivers/fsl_clock.o
                              0x4b303 (size before relaxing)
 .debug_str     0x000584aa      0x181 ./drivers/fsl_gpio.o
                              0x49b0c (size before relaxing)
 .debug_str     0x0005862b     0x1744 ./drivers/fsl_lpuart.o
                              0x4b20d (size before relaxing)
 .debug_str     0x00059d6f      0x8f9 ./drivers/fsl_uart.o
                              0x4b02b (size before relaxing)
 .debug_str     0x0005a668      0x110 ./device/system_MKV31F51212.o
                              0x477d6 (size before relaxing)
 .debug_str     0x0005a778      0x2ec ./component/uart/fsl_adapter_uart.o
                              0x4d126 (size before relaxing)
 .debug_str     0x0005aa64      0x490 ./component/serial_manager/fsl_component_serial_manager.o
                              0x4dc8c (size before relaxing)
 .debug_str     0x0005aef4       0x92 ./component/serial_manager/fsl_component_serial_port_uart.o
                              0x4ceb8 (size before relaxing)
 .debug_str     0x0005af86       0x20 ./board/board.o
                              0x4d597 (size before relaxing)
 .debug_str     0x0005afa6      0x452 ./board/clock_config.o
                              0x4a2f7 (size before relaxing)
 .debug_str     0x0005b3f8      0x1ed ./board/pin_mux.o
                              0x498d8 (size before relaxing)

.comment        0x00000000       0x45
 .comment       0x00000000       0x45 ./utilities/fsl_assert.o
                                 0x46 (size before relaxing)
 .comment       0x00000045       0x46 ./utilities/fsl_debug_console.o
 .comment       0x00000045       0x46 ./utilities/fsl_str.o
 .comment       0x00000045       0x46 ./startup/startup_mkv31f51212.o
 .comment       0x00000045       0x46 ./source/freertos_hello.o
 .comment       0x00000045       0x46 ./source/semihost_hardfault.o
 .comment       0x00000045       0x46 ./freertos/freertos-kernel/portable/MemMang/heap_4.o
 .comment       0x00000045       0x46 ./freertos/freertos-kernel/portable/GCC/ARM_CM4F/port.o
 .comment       0x00000045       0x46 ./freertos/freertos-kernel/list.o
 .comment       0x00000045       0x46 ./freertos/freertos-kernel/queue.o
 .comment       0x00000045       0x46 ./freertos/freertos-kernel/tasks.o
 .comment       0x00000045       0x46 ./freertos/freertos-kernel/timers.o
 .comment       0x00000045       0x46 ./drivers/fsl_clock.o
 .comment       0x00000045       0x46 ./drivers/fsl_gpio.o
 .comment       0x00000045       0x46 ./drivers/fsl_lpuart.o
 .comment       0x00000045       0x46 ./drivers/fsl_uart.o
 .comment       0x00000045       0x46 ./device/system_MKV31F51212.o
 .comment       0x00000045       0x46 ./component/uart/fsl_adapter_uart.o
 .comment       0x00000045       0x46 ./component/serial_manager/fsl_component_serial_manager.o
 .comment       0x00000045       0x46 ./component/serial_manager/fsl_component_serial_port_uart.o
 .comment       0x00000045       0x46 ./board/board.o
 .comment       0x00000045       0x46 ./board/clock_config.o
 .comment       0x00000045       0x46 ./board/pin_mux.o
 .comment       0x00000045       0x46 c:/nxp/mcuxpressoide_11.8.1_1197/ide/plugins/com.nxp.mcuxpresso.tools.win32_11.8.1.202308071233/tools/bin/../lib/gcc/arm-none-eabi/12.2.1/../../../../arm-none-eabi/lib/thumb/v7e-m+fp/hard\libcr_nohost_nf.a(_cr__main.o)
 .comment       0x00000045       0x46 c:/nxp/mcuxpressoide_11.8.1_1197/ide/plugins/com.nxp.mcuxpresso.tools.win32_11.8.1.202308071233/tools/bin/../lib/gcc/arm-none-eabi/12.2.1/../../../../arm-none-eabi/lib/thumb/v7e-m+fp/hard\libcr_c.a(memcpy.o)
 .comment       0x00000045       0x46 c:/nxp/mcuxpressoide_11.8.1_1197/ide/plugins/com.nxp.mcuxpresso.tools.win32_11.8.1.202308071233/tools/bin/../lib/gcc/arm-none-eabi/12.2.1/../../../../arm-none-eabi/lib/thumb/v7e-m+fp/hard\libcr_c.a(memset.o)
 .comment       0x00000045       0x46 c:/nxp/mcuxpressoide_11.8.1_1197/ide/plugins/com.nxp.mcuxpresso.tools.win32_11.8.1.202308071233/tools/bin/../lib/gcc/arm-none-eabi/12.2.1/../../../../arm-none-eabi/lib/thumb/v7e-m+fp/hard\libcr_c.a(alloc.o)
 .comment       0x00000045       0x46 c:/nxp/mcuxpressoide_11.8.1_1197/ide/plugins/com.nxp.mcuxpresso.tools.win32_11.8.1.202308071233/tools/bin/../lib/gcc/arm-none-eabi/12.2.1/../../../../arm-none-eabi/lib/thumb/v7e-m+fp/hard\libcr_c.a(errno.o)
 .comment       0x00000045       0x46 c:/nxp/mcuxpressoide_11.8.1_1197/ide/plugins/com.nxp.mcuxpresso.tools.win32_11.8.1.202308071233/tools/bin/../lib/gcc/arm-none-eabi/12.2.1/../../../../arm-none-eabi/lib/thumb/v7e-m+fp/hard\libcr_c.a(initio.o)
 .comment       0x00000045       0x46 c:/nxp/mcuxpressoide_11.8.1_1197/ide/plugins/com.nxp.mcuxpresso.tools.win32_11.8.1.202308071233/tools/bin/../lib/gcc/arm-none-eabi/12.2.1/../../../../arm-none-eabi/lib/thumb/v7e-m+fp/hard\libcr_c.a(setvbuf.o)
 .comment       0x00000045       0x46 c:/nxp/mcuxpressoide_11.8.1_1197/ide/plugins/com.nxp.mcuxpresso.tools.win32_11.8.1.202308071233/tools/bin/../lib/gcc/arm-none-eabi/12.2.1/../../../../arm-none-eabi/lib/thumb/v7e-m+fp/hard\libcr_c.a(strlen.o)
 .comment       0x00000045       0x46 c:/nxp/mcuxpressoide_11.8.1_1197/ide/plugins/com.nxp.mcuxpresso.tools.win32_11.8.1.202308071233/tools/bin/../lib/gcc/arm-none-eabi/12.2.1/../../../../arm-none-eabi/lib/thumb/v7e-m+fp/hard\libcr_c.a(_deferredlazyseek.o)
 .comment       0x00000045       0x46 c:/nxp/mcuxpressoide_11.8.1_1197/ide/plugins/com.nxp.mcuxpresso.tools.win32_11.8.1.202308071233/tools/bin/../lib/gcc/arm-none-eabi/12.2.1/../../../../arm-none-eabi/lib/thumb/v7e-m+fp/hard\libcr_c.a(_fdopen.o)
 .comment       0x00000045       0x46 c:/nxp/mcuxpressoide_11.8.1_1197/ide/plugins/com.nxp.mcuxpresso.tools.win32_11.8.1.202308071233/tools/bin/../lib/gcc/arm-none-eabi/12.2.1/../../../../arm-none-eabi/lib/thumb/v7e-m+fp/hard\libcr_c.a(_fflush.o)
 .comment       0x00000045       0x46 c:/nxp/mcuxpressoide_11.8.1_1197/ide/plugins/com.nxp.mcuxpresso.tools.win32_11.8.1.202308071233/tools/bin/../lib/gcc/arm-none-eabi/12.2.1/../../../../arm-none-eabi/lib/thumb/v7e-m+fp/hard\libcr_c.a(_writebuf.o)
 .comment       0x00000045       0x46 c:/nxp/mcuxpressoide_11.8.1_1197/ide/plugins/com.nxp.mcuxpresso.tools.win32_11.8.1.202308071233/tools/bin/../lib/gcc/arm-none-eabi/12.2.1/../../../../arm-none-eabi/lib/thumb/v7e-m+fp/hard\libcr_c.a(fclose.o)
 .comment       0x00000045       0x46 c:/nxp/mcuxpressoide_11.8.1_1197/ide/plugins/com.nxp.mcuxpresso.tools.win32_11.8.1.202308071233/tools/bin/../lib/gcc/arm-none-eabi/12.2.1/../../../../arm-none-eabi/lib/thumb/v7e-m+fp/hard\libcr_c.a(fflush.o)
 .comment       0x00000045       0x46 c:/nxp/mcuxpressoide_11.8.1_1197/ide/plugins/com.nxp.mcuxpresso.tools.win32_11.8.1.202308071233/tools/bin/../lib/gcc/arm-none-eabi/12.2.1/../../../../arm-none-eabi/lib/thumb/v7e-m+fp/hard\libcr_c.a(fseek.o)
 .comment       0x00000045       0x46 c:/nxp/mcuxpressoide_11.8.1_1197/ide/plugins/com.nxp.mcuxpresso.tools.win32_11.8.1.202308071233/tools/bin/../lib/gcc/arm-none-eabi/12.2.1/../../../../arm-none-eabi/lib/thumb/v7e-m+fp/hard\libcr_c.a(ftell.o)
 .comment       0x00000045       0x46 c:/nxp/mcuxpressoide_11.8.1_1197/ide/plugins/com.nxp.mcuxpresso.tools.win32_11.8.1.202308071233/tools/bin/../lib/gcc/arm-none-eabi/12.2.1/../../../../arm-none-eabi/lib/thumb/v7e-m+fp/hard\libcr_c.a(remove.o)
 .comment       0x00000045       0x46 c:/nxp/mcuxpressoide_11.8.1_1197/ide/plugins/com.nxp.mcuxpresso.tools.win32_11.8.1.202308071233/tools/bin/../lib/gcc/arm-none-eabi/12.2.1/../../../../arm-none-eabi/lib/thumb/v7e-m+fp/hard\libcr_c.a(_do_fflush.o)
 .comment       0x00000045       0x46 c:/nxp/mcuxpressoide_11.8.1_1197/ide/plugins/com.nxp.mcuxpresso.tools.win32_11.8.1.202308071233/tools/bin/../lib/gcc/arm-none-eabi/12.2.1/../../../../arm-none-eabi/lib/thumb/v7e-m+fp/hard\libcr_nohost_nf.a(__ciob.o)
 .comment       0x00000045       0x46 c:/nxp/mcuxpressoide_11.8.1_1197/ide/plugins/com.nxp.mcuxpresso.tools.win32_11.8.1.202308071233/tools/bin/../lib/gcc/arm-none-eabi/12.2.1/../../../../arm-none-eabi/lib/thumb/v7e-m+fp/hard\libcr_nohost_nf.a(__sys_close.o)
 .comment       0x00000045       0x46 c:/nxp/mcuxpressoide_11.8.1_1197/ide/plugins/com.nxp.mcuxpresso.tools.win32_11.8.1.202308071233/tools/bin/../lib/gcc/arm-none-eabi/12.2.1/../../../../arm-none-eabi/lib/thumb/v7e-m+fp/hard\libcr_nohost_nf.a(__sys_flen.o)
 .comment       0x00000045       0x46 c:/nxp/mcuxpressoide_11.8.1_1197/ide/plugins/com.nxp.mcuxpresso.tools.win32_11.8.1.202308071233/tools/bin/../lib/gcc/arm-none-eabi/12.2.1/../../../../arm-none-eabi/lib/thumb/v7e-m+fp/hard\libcr_nohost_nf.a(__sys_istty.o)
 .comment       0x00000045       0x46 c:/nxp/mcuxpressoide_11.8.1_1197/ide/plugins/com.nxp.mcuxpresso.tools.win32_11.8.1.202308071233/tools/bin/../lib/gcc/arm-none-eabi/12.2.1/../../../../arm-none-eabi/lib/thumb/v7e-m+fp/hard\libcr_nohost_nf.a(__sys_remove.o)
 .comment       0x00000045       0x46 c:/nxp/mcuxpressoide_11.8.1_1197/ide/plugins/com.nxp.mcuxpresso.tools.win32_11.8.1.202308071233/tools/bin/../lib/gcc/arm-none-eabi/12.2.1/../../../../arm-none-eabi/lib/thumb/v7e-m+fp/hard\libcr_nohost_nf.a(__sys_seek.o)
 .comment       0x00000045       0x46 c:/nxp/mcuxpressoide_11.8.1_1197/ide/plugins/com.nxp.mcuxpresso.tools.win32_11.8.1.202308071233/tools/bin/../lib/gcc/arm-none-eabi/12.2.1/../../../../arm-none-eabi/lib/thumb/v7e-m+fp/hard\libcr_nohost_nf.a(__sys_tmpnam.o)
 .comment       0x00000045       0x46 c:/nxp/mcuxpressoide_11.8.1_1197/ide/plugins/com.nxp.mcuxpresso.tools.win32_11.8.1.202308071233/tools/bin/../lib/gcc/arm-none-eabi/12.2.1/../../../../arm-none-eabi/lib/thumb/v7e-m+fp/hard\libcr_nohost_nf.a(__sys_write.o)

.ARM.attributes
                0x00000000       0x32
 .ARM.attributes
                0x00000000       0x34 ./utilities/fsl_assert.o
 .ARM.attributes
                0x00000034       0x34 ./utilities/fsl_debug_console.o
 .ARM.attributes
                0x00000068       0x34 ./utilities/fsl_str.o
 .ARM.attributes
                0x0000009c       0x34 ./startup/startup_mkv31f51212.o
 .ARM.attributes
                0x000000d0       0x34 ./source/freertos_hello.o
 .ARM.attributes
                0x00000104       0x34 ./source/semihost_hardfault.o
 .ARM.attributes
                0x00000138       0x34 ./freertos/freertos-kernel/portable/MemMang/heap_4.o
 .ARM.attributes
                0x0000016c       0x34 ./freertos/freertos-kernel/portable/GCC/ARM_CM4F/port.o
 .ARM.attributes
                0x000001a0       0x34 ./freertos/freertos-kernel/list.o
 .ARM.attributes
                0x000001d4       0x34 ./freertos/freertos-kernel/queue.o
 .ARM.attributes
                0x00000208       0x34 ./freertos/freertos-kernel/tasks.o
 .ARM.attributes
                0x0000023c       0x34 ./freertos/freertos-kernel/timers.o
 .ARM.attributes