Archive member included to satisfy reference by file (symbol)

c:/nxp/mcuxpressoide_11.8.1_1197/ide/plugins/com.nxp.mcuxpresso.tools.win32_11.8.1.202308071233/tools/bin/../lib/gcc/arm-none-eabi/12.2.1/../../../../arm-none-eabi/lib/thumb/v7e-m+fp/hard\libcr_nohost_nf.a(_cr__main.o)
                              ./startup/startup_mkv31f51212.o (__main)
c:/nxp/mcuxpressoide_11.8.1_1197/ide/plugins/com.nxp.mcuxpresso.tools.win32_11.8.1.202308071233/tools/bin/../lib/gcc/arm-none-eabi/12.2.1/../../../../arm-none-eabi/lib/thumb/v7e-m+fp/hard\libcr_c.a(memcpy.o)
                              ./utilities/fsl_debug_console.o (memcpy)
c:/nxp/mcuxpressoide_11.8.1_1197/ide/plugins/com.nxp.mcuxpresso.tools.win32_11.8.1.202308071233/tools/bin/../lib/gcc/arm-none-eabi/12.2.1/../../../../arm-none-eabi/lib/thumb/v7e-m+fp/hard\libcr_c.a(memset.o)
                              ./drivers/fsl_lpuart.o (memset)
c:/nxp/mcuxpressoide_11.8.1_1197/ide/plugins/com.nxp.mcuxpresso.tools.win32_11.8.1.202308071233/tools/bin/../lib/gcc/arm-none-eabi/12.2.1/../../../../arm-none-eabi/lib/thumb/v7e-m+fp/hard\libcr_c.a(alloc.o)
                              ./drivers/fsl_common.o (malloc)
c:/nxp/mcuxpressoide_11.8.1_1197/ide/plugins/com.nxp.mcuxpresso.tools.win32_11.8.1.202308071233/tools/bin/../lib/gcc/arm-none-eabi/12.2.1/../../../../arm-none-eabi/lib/thumb/v7e-m+fp/hard\libcr_c.a(errno.o)
                              ./utilities/fsl_str.o (errno)
c:/nxp/mcuxpressoide_11.8.1_1197/ide/plugins/com.nxp.mcuxpresso.tools.win32_11.8.1.202308071233/tools/bin/../lib/gcc/arm-none-eabi/12.2.1/../../../../arm-none-eabi/lib/thumb/v7e-m+fp/hard\libcr_c.a(initio.o)
                              c:/nxp/mcuxpressoide_11.8.1_1197/ide/plugins/com.nxp.mcuxpresso.tools.win32_11.8.1.202308071233/tools/bin/../lib/gcc/arm-none-eabi/12.2.1/../../../../arm-none-eabi/lib/thumb/v7e-m+fp/hard\libcr_nohost_nf.a(_cr__main.o) (_initio)
c:/nxp/mcuxpressoide_11.8.1_1197/ide/plugins/com.nxp.mcuxpresso.tools.win32_11.8.1.202308071233/tools/bin/../lib/gcc/arm-none-eabi/12.2.1/../../../../arm-none-eabi/lib/thumb/v7e-m+fp/hard\libcr_c.a(scanf.o)
                              ./utilities/fsl_str.o (strtoul)
c:/nxp/mcuxpressoide_11.8.1_1197/ide/plugins/com.nxp.mcuxpresso.tools.win32_11.8.1.202308071233/tools/bin/../lib/gcc/arm-none-eabi/12.2.1/../../../../arm-none-eabi/lib/thumb/v7e-m+fp/hard\libcr_c.a(setvbuf.o)
                              c:/nxp/mcuxpressoide_11.8.1_1197/ide/plugins/com.nxp.mcuxpresso.tools.win32_11.8.1.202308071233/tools/bin/../lib/gcc/arm-none-eabi/12.2.1/../../../../arm-none-eabi/lib/thumb/v7e-m+fp/hard\libcr_c.a(initio.o) (setvbuf)
c:/nxp/mcuxpressoide_11.8.1_1197/ide/plugins/com.nxp.mcuxpresso.tools.win32_11.8.1.202308071233/tools/bin/../lib/gcc/arm-none-eabi/12.2.1/../../../../arm-none-eabi/lib/thumb/v7e-m+fp/hard\libcr_c.a(strlen.o)
                              ./utilities/fsl_debug_console.o (strlen)
c:/nxp/mcuxpressoide_11.8.1_1197/ide/plugins/com.nxp.mcuxpresso.tools.win32_11.8.1.202308071233/tools/bin/../lib/gcc/arm-none-eabi/12.2.1/../../../../arm-none-eabi/lib/thumb/v7e-m+fp/hard\libcr_c.a(ungetc.o)
                              c:/nxp/mcuxpressoide_11.8.1_1197/ide/plugins/com.nxp.mcuxpresso.tools.win32_11.8.1.202308071233/tools/bin/../lib/gcc/arm-none-eabi/12.2.1/../../../../arm-none-eabi/lib/thumb/v7e-m+fp/hard\libcr_c.a(scanf.o) (ungetc)
c:/nxp/mcuxpressoide_11.8.1_1197/ide/plugins/com.nxp.mcuxpresso.tools.win32_11.8.1.202308071233/tools/bin/../lib/gcc/arm-none-eabi/12.2.1/../../../../arm-none-eabi/lib/thumb/v7e-m+fp/hard\libcr_c.a(__fillbuf.o)
                              c:/nxp/mcuxpressoide_11.8.1_1197/ide/plugins/com.nxp.mcuxpresso.tools.win32_11.8.1.202308071233/tools/bin/../lib/gcc/arm-none-eabi/12.2.1/../../../../arm-none-eabi/lib/thumb/v7e-m+fp/hard\libcr_c.a(scanf.o) (__filbuf)
c:/nxp/mcuxpressoide_11.8.1_1197/ide/plugins/com.nxp.mcuxpresso.tools.win32_11.8.1.202308071233/tools/bin/../lib/gcc/arm-none-eabi/12.2.1/../../../../arm-none-eabi/lib/thumb/v7e-m+fp/hard\libcr_c.a(__init_alloc.o)
                              c:/nxp/mcuxpressoide_11.8.1_1197/ide/plugins/com.nxp.mcuxpresso.tools.win32_11.8.1.202308071233/tools/bin/../lib/gcc/arm-none-eabi/12.2.1/../../../../arm-none-eabi/lib/thumb/v7e-m+fp/hard\libcr_c.a(alloc.o) (__heaps)
c:/nxp/mcuxpressoide_11.8.1_1197/ide/plugins/com.nxp.mcuxpresso.tools.win32_11.8.1.202308071233/tools/bin/../lib/gcc/arm-none-eabi/12.2.1/../../../../arm-none-eabi/lib/thumb/v7e-m+fp/hard\libcr_c.a(_cr_sbrk.o)
                              c:/nxp/mcuxpressoide_11.8.1_1197/ide/plugins/com.nxp.mcuxpresso.tools.win32_11.8.1.202308071233/tools/bin/../lib/gcc/arm-none-eabi/12.2.1/../../../../arm-none-eabi/lib/thumb/v7e-m+fp/hard\libcr_c.a(alloc.o) (_sbrk)
c:/nxp/mcuxpressoide_11.8.1_1197/ide/plugins/com.nxp.mcuxpresso.tools.win32_11.8.1.202308071233/tools/bin/../lib/gcc/arm-none-eabi/12.2.1/../../../../arm-none-eabi/lib/thumb/v7e-m+fp/hard\libcr_c.a(_deferredlazyseek.o)
[...]
Memory Configuration

Name             Origin             Length             Attributes
PROGRAM_FLASH    0x00000000         0x00080000         xr
SRAM_UPPER       0x20000000         0x00010000         xrw
SRAM_LOWER       0x1fff8000         0x00008000         xrw
*default*        0x00000000         0xffffffff

Linker script and memory map

LOAD ./utilities/fsl_assert.o
LOAD ./utilities/fsl_debug_console.o
LOAD ./utilities/fsl_str.o
LOAD ./startup/startup_mkv31f51212.o
LOAD ./source/led_blinky.o
LOAD ./source/semihost_hardfault.o
LOAD ./drivers/fsl_clock.o
LOAD ./drivers/fsl_common.o
LOAD ./drivers/fsl_common_arm.o
LOAD ./drivers/fsl_gpio.o
LOAD ./drivers/fsl_lpuart.o
LOAD ./drivers/fsl_smc.o
LOAD ./drivers/fsl_uart.o
LOAD ./device/system_MKV31F51212.o
LOAD ./component/uart/fsl_adapter_uart.o
LOAD ./component/lists/fsl_component_generic_list.o
LOAD ./board/board.o
LOAD ./board/clock_config.o
LOAD ./board/pin_mux.o
START GROUP
LOAD c:/nxp/mcuxpressoide_11.8.1_1197/ide/plugins/com.nxp.mcuxpresso.tools.win32_11.8.1.202308071233/tools/bin/../lib/gcc/arm-none-eabi/12.2.1/../../../../arm-none-eabi/lib/thumb/v7e-m+fp/hard\libcr_nohost_nf.a
LOAD c:/nxp/mcuxpressoide_11.8.1_1197/ide/plugins/com.nxp.mcuxpresso.tools.win32_11.8.1.202308071233/tools/bin/../lib/gcc/arm-none-eabi/12.2.1/../../../../arm-none-eabi/lib/thumb/v7e-m+fp/hard\libcr_c.a
LOAD c:/nxp/mcuxpressoide_11.8.1_1197/ide/plugins/com.nxp.mcuxpresso.tools.win32_11.8.1.202308071233/tools/bin/../lib/gcc/arm-none-eabi/12.2.1/thumb/v7e-m+fp/hard\libcr_eabihelpers.a
LOAD c:/nxp/mcuxpressoide_11.8.1_1197/ide/plugins/com.nxp.mcuxpresso.tools.win32_11.8.1.202308071233/tools/bin/../lib/gcc/arm-none-eabi/12.2.1/thumb/v7e-m+fp/hard\libgcc.a
END GROUP
                0x00000000                __base_PROGRAM_FLASH = 0x0
                0x00000000                __base_Flash = 0x0
                0x00080000                __top_PROGRAM_FLASH = 0x80000
                0x00080000                __top_Flash = 0x80000
                0x20000000                __base_SRAM_UPPER = 0x20000000
                0x20000000                __base_RAM = 0x20000000
                0x20010000                __top_SRAM_UPPER = 0x20010000
                0x20010000                __top_RAM = 0x20010000
                0x1fff8000                __base_SRAM_LOWER = 0x1fff8000
                0x1fff8000                __base_RAM2 = 0x1fff8000
                0x20000000                __top_SRAM_LOWER = 0x20000000
                0x20000000                __top_RAM2 = 0x20000000

.text           0x00000000     0x1c90
 FILL mask 0xff
                0x00000000                __vectors_start__ = ABSOLUTE (.)
 *(SORT_BY_ALIGNMENT(.isr_vector))
 .isr_vector    0x00000000      0x168 ./startup/startup_mkv31f51212.o
                0x00000000                g_pfnVectors
                0x00000000                __Vectors
                0x00000168                . = ALIGN (0x4)
                0x00000168                __section_table_start = .
                0x00000168                __data_section_table = .
                0x00000168        0x4 LONG 0x1c90 LOADADDR (.data)
                0x0000016c        0x4 LONG 0x20000000 ADDR (.data)
                0x00000170        0x4 LONG 0x4 SIZEOF (.data)
                0x00000174        0x4 LONG 0x1c90 LOADADDR (.data_RAM2)
                0x00000178        0x4 LONG 0x1fff8000 ADDR (.data_RAM2)
                0x0000017c        0x4 LONG 0x0 SIZEOF (.data_RAM2)
                0x00000180                __data_section_table_end = .
                0x00000180                __bss_section_table = .
                0x00000180        0x4 LONG 0x20000004 ADDR (.bss)
                0x00000184        0x4 LONG 0xec SIZEOF (.bss)
                0x00000188        0x4 LONG 0x1fff8000 ADDR (.bss_RAM2)
                0x0000018c        0x4 LONG 0x0 SIZEOF (.bss_RAM2)
                0x00000190                __bss_section_table_end = .
                0x00000190                __section_table_end = .
 *(SORT_BY_ALIGNMENT(.after_vectors*))
 .after_vectors.reset
                0x00000190       0x4c ./startup/startup_mkv31f51212.o
                0x00000190                ResetISR
 .after_vectors.init_data
                0x000001dc       0x1e ./startup/startup_mkv31f51212.o
                0x000001dc                data_init
 .after_vectors.init_bss
                0x000001fa       0x12 ./startup/startup_mkv31f51212.o
                0x000001fa                bss_init
 .after_vectors
                0x0000020c       0x14 ./startup/startup_mkv31f51212.o
                0x0000020c                NMI_Handler
                0x00000210                MemManage_Handler
                0x00000212                BusFault_Handler
                0x00000214                UsageFault_Handler
                0x00000216                SVC_Handler
                0x00000218                DebugMon_Handler
                0x0000021a                PendSV_Handler
                0x0000021e                DMA_Error_DriverIRQHandler
                0x0000021e                LPTMR0_DriverIRQHandler
                0x0000021e                FTM1_DriverIRQHandler
                0x0000021e                FTM2_DriverIRQHandler
                0x0000021e                PIT2_DriverIRQHandler
                0x0000021e                Reserved82_DriverIRQHandler
                0x0000021e                FTF_DriverIRQHandler
                0x0000021e                DMA6_DriverIRQHandler
                0x0000021e                LLWU_DriverIRQHandler
                0x0000021e                MCM_DriverIRQHandler
                0x0000021e                MCG_DriverIRQHandler
                0x0000021e                Reserved63_DriverIRQHandler
                0x0000021e                DAC1_DriverIRQHandler
                0x0000021e                Reserved69_DriverIRQHandler
                0x0000021e                SPI1_DriverIRQHandler
                0x0000021e                CMP1_DriverIRQHandler
                0x0000021e                FTM0_DriverIRQHandler
                0x0000021e                IntDefaultHandler
                0x0000021e                PORTC_DriverIRQHandler
                0x0000021e                DMA11_DriverIRQHandler
                0x0000021e                DAC0_DriverIRQHandler
                0x0000021e                DMA10_DriverIRQHandler
                0x0000021e                UART2_ERR_DriverIRQHandler
                0x0000021e                LVD_LVW_DriverIRQHandler
                0x0000021e                Reserved84_DriverIRQHandler
                0x0000021e                PIT0_DriverIRQHandler
                0x0000021e                RNG_DriverIRQHandler
                0x0000021e                DMA5_DriverIRQHandler
                0x0000021e                DMA12_DriverIRQHandler
                0x0000021e                DMA3_DriverIRQHandler
                0x0000021e                Reserved53_DriverIRQHandler
                0x0000021e                Reserved45_DriverIRQHandler
                0x0000021e                DMA8_DriverIRQHandler
                0x0000021e                DMA9_DriverIRQHandler
                0x0000021e                UART0_ERR_DriverIRQHandler
                0x0000021e                Reserved71_DriverIRQHandler
                0x0000021e                ADC1_DriverIRQHandler
                0x0000021e                PORTA_DriverIRQHandler
                0x0000021e                DMA14_DriverIRQHandler
                0x0000021e                PIT3_DriverIRQHandler
                0x0000021e                PIT1_DriverIRQHandler
                0x0000021e                WDOG_EWM_DriverIRQHandler
                0x0000021e                PDB0_DriverIRQHandler
                0x0000021e                Reserved83_DriverIRQHandler
                0x0000021e                Reserved61_DriverIRQHandler
                0x0000021e                Read_Collision_DriverIRQHandler
                0x0000021e                Reserved54_DriverIRQHandler
                0x0000021e                SWI_DriverIRQHandler
                0x0000021e                Reserved62_DriverIRQHandler
                0x0000021e                PORTB_DriverIRQHandler
                0x0000021e                DMA0_DriverIRQHandler
                0x0000021e                DMA1_DriverIRQHandler
                0x0000021e                Reserved44_DriverIRQHandler
                0x0000021e                I2C1_DriverIRQHandler
                0x0000021e                DMA13_DriverIRQHandler
                0x0000021e                DMA15_DriverIRQHandler
                0x0000021e                Reserved85_DriverIRQHandler
                0x0000021e                Reserved81_DriverIRQHandler
                0x0000021e                SPI0_DriverIRQHandler
                0x0000021e                ADC0_DriverIRQHandler
                0x0000021e                CMP0_DriverIRQHandler
                0x0000021e                FTM3_DriverIRQHandler
                0x0000021e                DMA4_DriverIRQHandler
                0x0000021e                UART1_ERR_DriverIRQHandler
                0x0000021e                DMA2_DriverIRQHandler
                0x0000021e                PORTD_DriverIRQHandler
                0x0000021e                Reserved70_DriverIRQHandler
                0x0000021e                Reserved86_DriverIRQHandler
                0x0000021e                PORTE_DriverIRQHandler
                0x0000021e                I2C0_DriverIRQHandler
                0x0000021e                DMA7_DriverIRQHandler
                0x00000400                . = 0x400
 *fill*         0x00000220      0x1e0 ff
                0x00000400                PROVIDE (__FLASH_CONFIG_START__ = .)
 *(SORT_BY_ALIGNMENT(.FlashConfig))
 .FlashConfig   0x00000400       0x10 ./startup/startup_mkv31f51212.o
                0x00000400                Flash_Config
                0x00000410                PROVIDE (__FLASH_CONFIG_END__ = .)
                0x00000001                ASSERT (! ((__FLASH_CONFIG_START__ == __FLASH_CONFIG_END__)), Linker Flash Config Support Enabled, but no .FlashConfig section provided within application)
 *(SORT_BY_ALIGNMENT(.text*))
 .text.__assertion_failed
                0x00000410       0x18 ./utilities/fsl_assert.o
                0x00000410                __assertion_failed
 .text.DbgConsole_Vprintf
                0x00000428       0x3c ./utilities/fsl_debug_console.o
                0x00000428                DbgConsole_Vprintf
 .text.DbgConsole_Putchar
                0x00000464       0x30 ./utilities/fsl_debug_console.o
                0x00000464                DbgConsole_Putchar
 .text.DbgConsole_PrintfFormattedData
                0x00000494      0x3e0 ./utilities/fsl_debug_console.o
 .text.__NVIC_SetPriority
                0x00000874       0x54 ./source/led_blinky.o
 .text.SysTick_Config
                0x000008c8       0x44 ./source/led_blinky.o
 .text.SysTick_Handler
                0x0000090c       0x24 ./source/led_blinky.o
                0x0000090c                SysTick_Handler
 .text.SysTick_DelayTicks
                0x00000930       0x2c ./source/led_blinky.o
                0x00000930                SysTick_DelayTicks
 .text.main     0x0000095c       0x9c ./source/led_blinky.o
                0x0000095c                main
 .text.CLOCK_SetEr32kClock
                0x000009f8       0x30 ./drivers/fsl_clock.o
 .text.CLOCK_SetPllFllSelClock
                0x00000a28       0x38 ./drivers/fsl_clock.o
 .text.CLOCK_GetOscRangeFromFreq
                0x00000a60       0x3c ./drivers/fsl_clock.o
 .text.CLOCK_SetSimConfig
                0x00000a9c       0x34 ./drivers/fsl_clock.o
                0x00000a9c                CLOCK_SetSimConfig
 .text.CLOCK_SetExternalRefClkConfig
                0x00000ad0       0x6c ./drivers/fsl_clock.o
                0x00000ad0                CLOCK_SetExternalRefClkConfig
 .text.CLOCK_SetInternalRefClkConfig
                0x00000b3c      0x104 ./drivers/fsl_clock.o
                0x00000b3c                CLOCK_SetInternalRefClkConfig
 .text.CLOCK_EnablePll0
                0x00000c40       0x88 ./drivers/fsl_clock.o
                0x00000c40                CLOCK_EnablePll0
 .text.CLOCK_InitOsc0
                0x00000cc8       0x8c ./drivers/fsl_clock.o
                0x00000cc8                CLOCK_InitOsc0
 .text.CLOCK_SetPbeMode
                0x00000d54       0xa8 ./drivers/fsl_clock.o
                0x00000d54                CLOCK_SetPbeMode
 .text.CLOCK_BootToPeeMode
                0x00000dfc       0x64 ./drivers/fsl_clock.o
                0x00000dfc                CLOCK_BootToPeeMode
 .text.GPIO_PinInit
                0x00000e60       0x64 ./drivers/fsl_gpio.o
                0x00000e60                GPIO_PinInit
 .text.LPUART0_DriverIRQHandler
                0x00000ec4       0x28 ./drivers/fsl_lpuart.o
                0x00000ec4                LPUART0_DriverIRQHandler
 .text.UART0_DriverIRQHandler
                0x00000eec       0x28 ./drivers/fsl_uart.o
                0x00000eec                UART0_DriverIRQHandler
 .text.UART1_DriverIRQHandler
                0x00000f14       0x28 ./drivers/fsl_uart.o
                0x00000f14                UART1_DriverIRQHandler
 .text.UART2_DriverIRQHandler
                0x00000f3c       0x28 ./drivers/fsl_uart.o
                0x00000f3c                UART2_DriverIRQHandler
 .text.SystemInit
                0x00000f64       0x3c ./device/system_MKV31F51212.o
                0x00000f64                SystemInit
 .text.CLOCK_SetSimSafeDivs
                0x00000fa0       0x24 ./board/clock_config.o
 .text.CLOCK_SetXtal0Freq
                0x00000fc4       0x20 ./board/clock_config.o
 .text.CLOCK_CONFIG_SetFllExtRefDiv
                0x00000fe4       0x3c ./board/clock_config.o
 .text.BOARD_BootClockRUN
                0x00001020       0x60 ./board/clock_config.o
                0x00001020                BOARD_BootClockRUN
 .text.BOARD_InitPins
                0x00001080       0xb8 ./board/pin_mux.o
                0x00001080                BOARD_InitPins
 .text._initio  0x00001138       0x78 c:/nxp/mcuxpressoide_11.8.1_1197/ide/plugins/com.nxp.mcuxpresso.tools.win32_11.8.1.202308071233/tools/bin/../lib/gcc/arm-none-eabi/12.2.1/../../../../arm-none-eabi/lib/thumb/v7e-m+fp/hard\libcr_c.a(initio.o)
                0x00001138                _initio
 .text._Cwritebuf
                0x000011b0       0x6c c:/nxp/mcuxpressoide_11.8.1_1197/ide/plugins/com.nxp.mcuxpresso.tools.win32_11.8.1.202308071233/tools/bin/../lib/gcc/arm-none-eabi/12.2.1/../../../../arm-none-eabi/lib/thumb/v7e-m+fp/hard\libcr_c.a(_writebuf.o)
                0x000011b0                _Cwritebuf
 .text.fflush   0x0000121c       0x3c c:/nxp/mcuxpressoide_11.8.1_1197/ide/plugins/com.nxp.mcuxpresso.tools.win32_11.8.1.202308071233/tools/bin/../lib/gcc/arm-none-eabi/12.2.1/../../../../arm-none-eabi/lib/thumb/v7e-m+fp/hard\libcr_c.a(fflush.o)
                0x0000121c                fflush
 .text.fseek    0x00001258       0xf8 c:/nxp/mcuxpressoide_11.8.1_1197/ide/plugins/com.nxp.mcuxpresso.tools.win32_11.8.1.202308071233/tools/bin/../lib/gcc/arm-none-eabi/12.2.1/../../../../arm-none-eabi/lib/thumb/v7e-m+fp/hard\libcr_c.a(fseek.o)
                0x00001258                fseek
 .text.ftell    0x00001350       0x44 c:/nxp/mcuxpressoide_11.8.1_1197/ide/plugins/com.nxp.mcuxpresso.tools.win32_11.8.1.202308071233/tools/bin/../lib/gcc/arm-none-eabi/12.2.1/../../../../arm-none-eabi/lib/thumb/v7e-m+fp/hard\libcr_c.a(ftell.o)
                0x00001350                ftell
 .text.DbgConsole_Printf
                0x00001394       0x2c ./utilities/fsl_debug_console.o
                0x00001394                DbgConsole_Printf
 .text.DbgConsole_PrintfPaddingCharacter
                0x000013c0       0x40 ./utilities/fsl_debug_console.o
 .text.DbgConsole_ConvertRadixNumToString
                0x00001400       0xc2 ./utilities/fsl_debug_console.o
 .text.DMA0_IRQHandler
                0x000014c2        0x8 ./startup/startup_mkv31f51212.o
                0x000014c2                DMA0_IRQHandler
 .text.DMA1_IRQHandler
                0x000014ca        0x8 ./startup/startup_mkv31f51212.o
                0x000014ca                DMA1_IRQHandler
 .text.DMA2_IRQHandler
                0x000014d2        0x8 ./startup/startup_mkv31f51212.o
                0x000014d2                DMA2_IRQHandler
 .text.DMA3_IRQHandler
                0x000014da        0x8 ./startup/startup_mkv31f51212.o
                0x000014da                DMA3_IRQHandler
 .text.DMA4_IRQHandler
                0x000014e2        0x8 ./startup/startup_mkv31f51212.o
                0x000014e2                DMA4_IRQHandler
 .text.DMA5_IRQHandler
                0x000014ea        0x8 ./startup/startup_mkv31f51212.o
                0x000014ea                DMA5_IRQHandler
 .text.DMA6_IRQHandler
                0x000014f2        0x8 ./startup/startup_mkv31f51212.o
                0x000014f2                DMA6_IRQHandler
 .text.DMA7_IRQHandler
                0x000014fa        0x8 ./startup/startup_mkv31f51212.o
                0x000014fa                DMA7_IRQHandler
 .text.DMA8_IRQHandler
                0x00001502        0x8 ./startup/startup_mkv31f51212.o
                0x00001502                DMA8_IRQHandler
 .text.DMA9_IRQHandler
                0x0000150a        0x8 ./startup/startup_mkv31f51212.o
                0x0000150a                DMA9_IRQHandler
 .text.DMA10_IRQHandler
                0x00001512        0x8 ./startup/startup_mkv31f51212.o
                0x00001512                DMA10_IRQHandler
 .text.DMA11_IRQHandler
                0x0000151a        0x8 ./startup/startup_mkv31f51212.o
                0x0000151a                DMA11_IRQHandler
 .text.DMA12_IRQHandler
                0x00001522        0x8 ./startup/startup_mkv31f51212.o
                0x00001522                DMA12_IRQHandler
 .text.DMA13_IRQHandler
                0x0000152a        0x8 ./startup/startup_mkv31f51212.o
                0x0000152a                DMA13_IRQHandler
 .text.DMA14_IRQHandler
                0x00001532        0x8 ./startup/startup_mkv31f51212.o
                0x00001532                DMA14_IRQHandler
 .text.DMA15_IRQHandler
                0x0000153a        0x8 ./startup/startup_mkv31f51212.o
                0x0000153a                DMA15_IRQHandler
 .text.DMA_Error_IRQHandler
                0x00001542        0x8 ./startup/startup_mkv31f51212.o
                0x00001542                DMA_Error_IRQHandler
 .text.MCM_IRQHandler
                0x0000154a        0x8 ./startup/startup_mkv31f51212.o
                0x0000154a                MCM_IRQHandler
 .text.FTF_IRQHandler
                0x00001552        0x8 ./startup/startup_mkv31f51212.o
                0x00001552                FTF_IRQHandler
 .text.Read_Collision_IRQHandler
                0x0000155a        0x8 ./startup/startup_mkv31f51212.o
                0x0000155a                Read_Collision_IRQHandler
 .text.LVD_LVW_IRQHandler
                0x00001562        0x8 ./startup/startup_mkv31f51212.o
                0x00001562                LVD_LVW_IRQHandler
 .text.LLWU_IRQHandler
                0x0000156a        0x8 ./startup/startup_mkv31f51212.o
                0x0000156a                LLWU_IRQHandler
 .text.WDOG_EWM_IRQHandler
                0x00001572        0x8 ./startup/startup_mkv31f51212.o
                0x00001572                WDOG_EWM_IRQHandler
 .text.RNG_IRQHandler
                0x0000157a        0x8 ./startup/startup_mkv31f51212.o
                0x0000157a                RNG_IRQHandler
 .text.I2C0_IRQHandler
                0x00001582        0x8 ./startup/startup_mkv31f51212.o
                0x00001582                I2C0_IRQHandler
 .text.I2C1_IRQHandler
                0x0000158a        0x8 ./startup/startup_mkv31f51212.o
                0x0000158a                I2C1_IRQHandler
 .text.SPI0_IRQHandler
                0x00001592        0x8 ./startup/startup_mkv31f51212.o
                0x00001592                SPI0_IRQHandler
 .text.SPI1_IRQHandler
                0x0000159a        0x8 ./startup/startup_mkv31f51212.o
                0x0000159a                SPI1_IRQHandler
 .text.Reserved44_IRQHandler
                0x000015a2        0x8 ./startup/startup_mkv31f51212.o
                0x000015a2                Reserved44_IRQHandler
 .text.Reserved45_IRQHandler
                0x000015aa        0x8 ./startup/startup_mkv31f51212.o
                0x000015aa                Reserved45_IRQHandler
 .text.LPUART0_IRQHandler
                0x000015b2        0x8 ./startup/startup_mkv31f51212.o
                0x000015b2                LPUART0_IRQHandler
 .text.UART0_RX_TX_IRQHandler
                0x000015ba        0x8 ./startup/startup_mkv31f51212.o
                0x000015ba                UART0_RX_TX_IRQHandler
 .text.UART0_ERR_IRQHandler
                0x000015c2        0x8 ./startup/startup_mkv31f51212.o
                0x000015c2                UART0_ERR_IRQHandler
 .text.UART1_RX_TX_IRQHandler
                0x000015ca        0x8 ./startup/startup_mkv31f51212.o
                0x000015ca                UART1_RX_TX_IRQHandler
 .text.UART1_ERR_IRQHandler
                0x000015d2        0x8 ./startup/startup_mkv31f51212.o
                0x000015d2                UART1_ERR_IRQHandler
 .text.UART2_RX_TX_IRQHandler
                0x000015da        0x8 ./startup/startup_mkv31f51212.o
                0x000015da                UART2_RX_TX_IRQHandler
 .text.UART2_ERR_IRQHandler
                0x000015e2        0x8 ./startup/startup_mkv31f51212.o
                0x000015e2                UART2_ERR_IRQHandler
 .text.Reserved53_IRQHandler
                0x000015ea        0x8 ./startup/startup_mkv31f51212.o
                0x000015ea                Reserved53_IRQHandler
 .text.Reserved54_IRQHandler
                0x000015f2        0x8 ./startup/startup_mkv31f51212.o
                0x000015f2                Reserved54_IRQHandler
 .text.ADC0_IRQHandler
                0x000015fa        0x8 ./startup/startup_mkv31f51212.o
                0x000015fa                ADC0_IRQHandler
 .text.CMP0_IRQHandler
                0x00001602        0x8 ./startup/startup_mkv31f51212.o
                0x00001602                CMP0_IRQHandler
 .text.CMP1_IRQHandler
                0x0000160a        0x8 ./startup/startup_mkv31f51212.o
                0x0000160a                CMP1_IRQHandler
 .text.FTM0_IRQHandler
                0x00001612        0x8 ./startup/startup_mkv31f51212.o
                0x00001612                FTM0_IRQHandler
 .text.FTM1_IRQHandler
                0x0000161a        0x8 ./startup/startup_mkv31f51212.o
                0x0000161a                FTM1_IRQHandler
 .text.FTM2_IRQHandler
                0x00001622        0x8 ./startup/startup_mkv31f51212.o
                0x00001622                FTM2_IRQHandler
 .text.Reserved61_IRQHandler
                0x0000162a        0x8 ./startup/startup_mkv31f51212.o
                0x0000162a                Reserved61_IRQHandler
 .text.Reserved62_IRQHandler
                0x00001632        0x8 ./startup/startup_mkv31f51212.o
                0x00001632                Reserved62_IRQHandler
 .text.Reserved63_IRQHandler
                0x0000163a        0x8 ./startup/startup_mkv31f51212.o
                0x0000163a                Reserved63_IRQHandler
 .text.PIT0_IRQHandler
                0x00001642        0x8 ./startup/startup_mkv31f51212.o
                0x00001642                PIT0_IRQHandler
 .text.PIT1_IRQHandler
                0x0000164a        0x8 ./startup/startup_mkv31f51212.o
                0x0000164a                PIT1_IRQHandler
 .text.PIT2_IRQHandler
                0x00001652        0x8 ./startup/startup_mkv31f51212.o
                0x00001652                PIT2_IRQHandler
 .text.PIT3_IRQHandler
                0x0000165a        0x8 ./startup/startup_mkv31f51212.o
                0x0000165a                PIT3_IRQHandler
 .text.PDB0_IRQHandler
                0x00001662        0x8 ./startup/startup_mkv31f51212.o
                0x00001662                PDB0_IRQHandler
 .text.Reserved69_IRQHandler
                0x0000166a        0x8 ./startup/startup_mkv31f51212.o
                0x0000166a                Reserved69_IRQHandler
 .text.Reserved70_IRQHandler
                0x00001672        0x8 ./startup/startup_mkv31f51212.o
                0x00001672                Reserved70_IRQHandler
 .text.Reserved71_IRQHandler
                0x0000167a        0x8 ./startup/startup_mkv31f51212.o
                0x0000167a                Reserved71_IRQHandler
 .text.DAC0_IRQHandler
                0x00001682        0x8 ./startup/startup_mkv31f51212.o
                0x00001682                DAC0_IRQHandler
 .text.MCG_IRQHandler
                0x0000168a        0x8 ./startup/startup_mkv31f51212.o
                0x0000168a                MCG_IRQHandler
 .text.LPTMR0_IRQHandler
                0x00001692        0x8 ./startup/startup_mkv31f51212.o
                0x00001692                LPTMR0_IRQHandler
 .text.PORTA_IRQHandler
                0x0000169a        0x8 ./startup/startup_mkv31f51212.o
                0x0000169a                PORTA_IRQHandler
 .text.PORTB_IRQHandler
                0x000016a2        0x8 ./startup/startup_mkv31f51212.o
                0x000016a2                PORTB_IRQHandler
 .text.PORTC_IRQHandler
                0x000016aa        0x8 ./startup/startup_mkv31f51212.o
                0x000016aa                PORTC_IRQHandler
 .text.PORTD_IRQHandler
                0x000016b2        0x8 ./startup/startup_mkv31f51212.o
                0x000016b2                PORTD_IRQHandler
 .text.PORTE_IRQHandler
                0x000016ba        0x8 ./startup/startup_mkv31f51212.o
                0x000016ba                PORTE_IRQHandler
 .text.SWI_IRQHandler
                0x000016c2        0x8 ./startup/startup_mkv31f51212.o
                0x000016c2                SWI_IRQHandler
 .text.Reserved81_IRQHandler
                0x000016ca        0x8 ./startup/startup_mkv31f51212.o
                0x000016ca                Reserved81_IRQHandler
 .text.Reserved82_IRQHandler
                0x000016d2        0x8 ./startup/startup_mkv31f51212.o
                0x000016d2                Reserved82_IRQHandler
 .text.Reserved83_IRQHandler
                0x000016da        0x8 ./startup/startup_mkv31f51212.o
                0x000016da                Reserved83_IRQHandler
 .text.Reserved84_IRQHandler
                0x000016e2        0x8 ./startup/startup_mkv31f51212.o
                0x000016e2                Reserved84_IRQHandler
 .text.Reserved85_IRQHandler
                0x000016ea        0x8 ./startup/startup_mkv31f51212.o
                0x000016ea                Reserved85_IRQHandler
 .text.Reserved86_IRQHandler
                0x000016f2        0x8 ./startup/startup_mkv31f51212.o
                0x000016f2                Reserved86_IRQHandler
 .text.FTM3_IRQHandler
                0x000016fa        0x8 ./startup/startup_mkv31f51212.o
                0x000016fa                FTM3_IRQHandler
 .text.DAC1_IRQHandler
                0x00001702        0x8 ./startup/startup_mkv31f51212.o
                0x00001702                DAC1_IRQHandler
 .text.ADC1_IRQHandler
                0x0000170a        0x8 ./startup/startup_mkv31f51212.o
                0x0000170a                ADC1_IRQHandler
 .text.GPIO_PortToggle
                0x00001712       0x1c ./source/led_blinky.o
 .text.HardFault_Handler
                0x0000172e       0x36 ./source/semihost_hardfault.o
                0x0000172e                HardFault_Handler
 .text.OSC_SetExtRefClkConfig
                0x00001764       0x40 ./drivers/fsl_clock.o
 .text.OSC_SetCapLoad
                0x000017a4       0x34 ./drivers/fsl_clock.o
 .text.GPIO_PinWrite
                0x000017d8       0x36 ./drivers/fsl_gpio.o
 .text.UART0_RX_TX_DriverIRQHandler
                0x0000180e       0x12 ./drivers/fsl_uart.o
                0x0000180e                UART0_RX_TX_DriverIRQHandler
 .text.UART1_RX_TX_DriverIRQHandler
                0x00001820       0x12 ./drivers/fsl_uart.o
                0x00001820                UART1_RX_TX_DriverIRQHandler
 .text.UART2_RX_TX_DriverIRQHandler
                0x00001832       0x12 ./drivers/fsl_uart.o
                0x00001832                UART2_RX_TX_DriverIRQHandler
 .text.SystemInitHook
                0x00001844        0xe ./device/system_MKV31F51212.o
                0x00001844                SystemInitHook
 .text.BOARD_InitBootClocks
                0x00001852        0xc ./board/clock_config.o
                0x00001852                BOARD_InitBootClocks
 .text.CLOCK_EnableClock
                0x0000185e       0x34 ./board/pin_mux.o
 .text.PORT_SetPinMux
                0x00001892       0x3a ./board/pin_mux.o
 .text.BOARD_InitBootPins
                0x000018cc        0xc ./board/pin_mux.o
                0x000018cc                BOARD_InitBootPins
 .text.__main   0x000018d8        0xe c:/nxp/mcuxpressoide_11.8.1_1197/ide/plugins/com.nxp.mcuxpresso.tools.win32_11.8.1.202308071233/tools/bin/../lib/gcc/arm-none-eabi/12.2.1/../../../../arm-none-eabi/lib/thumb/v7e-m+fp/hard\libcr_nohost_nf.a(_cr__main.o)
                0x000018d8                __main
 .text.memcpy   0x000018e6        0x4 c:/nxp/mcuxpressoide_11.8.1_1197/ide/plugins/com.nxp.mcuxpresso.tools.win32_11.8.1.202308071233/tools/bin/../lib/gcc/arm-none-eabi/12.2.1/../../../../arm-none-eabi/lib/thumb/v7e-m+fp/hard\libcr_c.a(memcpy.o)
                0x000018e6                memcpy
 .text.memset   0x000018ea        0x4 c:/nxp/mcuxpressoide_11.8.1_1197/ide/plugins/com.nxp.mcuxpresso.tools.win32_11.8.1.202308071233/tools/bin/../lib/gcc/arm-none-eabi/12.2.1/../../../../arm-none-eabi/lib/thumb/v7e-m+fp/hard\libcr_c.a(memset.o)
                0x000018ea                memset
 .text.free     0x000018ee       0x30 c:/nxp/mcuxpressoide_11.8.1_1197/ide/plugins/com.nxp.mcuxpresso.tools.win32_11.8.1.202308071233/tools/bin/../lib/gcc/arm-none-eabi/12.2.1/../../../../arm-none-eabi/lib/thumb/v7e-m+fp/hard\libcr_c.a(alloc.o)
                0x000018ee                free
 .text.setvbuf  0x0000191e       0x3e c:/nxp/mcuxpressoide_11.8.1_1197/ide/plugins/com.nxp.mcuxpresso.tools.win32_11.8.1.202308071233/tools/bin/../lib/gcc/arm-none-eabi/12.2.1/../../../../arm-none-eabi/lib/thumb/v7e-m+fp/hard\libcr_c.a(setvbuf.o)
                0x0000191e                setvbuf
 .text.strlen   0x0000195c       0x4e c:/nxp/mcuxpressoide_11.8.1_1197/ide/plugins/com.nxp.mcuxpresso.tools.win32_11.8.1.202308071233/tools/bin/../lib/gcc/arm-none-eabi/12.2.1/../../../../arm-none-eabi/lib/thumb/v7e-m+fp/hard\libcr_c.a(strlen.o)
                0x0000195c                strlen
 .text._deferredlazyseek
                0x000019aa       0x40 c:/nxp/mcuxpressoide_11.8.1_1197/ide/plugins/com.nxp.mcuxpresso.tools.win32_11.8.1.202308071233/tools/bin/../lib/gcc/arm-none-eabi/12.2.1/../../../../arm-none-eabi/lib/thumb/v7e-m+fp/hard\libcr_c.a(_deferredlazyseek.o)
                0x000019aa                _deferredlazyseek
 .text._fdopen  0x000019ea       0x68 c:/nxp/mcuxpressoide_11.8.1_1197/ide/plugins/com.nxp.mcuxpresso.tools.win32_11.8.1.202308071233/tools/bin/../lib/gcc/arm-none-eabi/12.2.1/../../../../arm-none-eabi/lib/thumb/v7e-m+fp/hard\libcr_c.a(_fdopen.o)
                0x000019ea                _fdopen
 .text._fflush  0x00001a52       0x52 c:/nxp/mcuxpressoide_11.8.1_1197/ide/plugins/com.nxp.mcuxpresso.tools.win32_11.8.1.202308071233/tools/bin/../lib/gcc/arm-none-eabi/12.2.1/../../../../arm-none-eabi/lib/thumb/v7e-m+fp/hard\libcr_c.a(_fflush.o)
                0x00001a52                _fflush
 .text.fclose   0x00001aa4       0x58 c:/nxp/mcuxpressoide_11.8.1_1197/ide/plugins/com.nxp.mcuxpresso.tools.win32_11.8.1.202308071233/tools/bin/../lib/gcc/arm-none-eabi/12.2.1/../../../../arm-none-eabi/lib/thumb/v7e-m+fp/hard\libcr_c.a(fclose.o)
                0x00001aa4                fclose
 .text.remove   0x00001afc       0x14 c:/nxp/mcuxpressoide_11.8.1_1197/ide/plugins/com.nxp.mcuxpresso.tools.win32_11.8.1.202308071233/tools/bin/../lib/gcc/arm-none-eabi/12.2.1/../../../../arm-none-eabi/lib/thumb/v7e-m+fp/hard\libcr_c.a(remove.o)
                0x00001afc                remove
 .text._do_fflush
                0x00001b10       0x40 c:/nxp/mcuxpressoide_11.8.1_1197/ide/plugins/com.nxp.mcuxpresso.tools.win32_11.8.1.202308071233/tools/bin/../lib/gcc/arm-none-eabi/12.2.1/../../../../arm-none-eabi/lib/thumb/v7e-m+fp/hard\libcr_c.a(_do_fflush.o)
                0x00001b10                _do_fflush
 .text.__aeabi_memcpy
                0x00001b50       0x34 c:/nxp/mcuxpressoide_11.8.1_1197/ide/plugins/com.nxp.mcuxpresso.tools.win32_11.8.1.202308071233/tools/bin/../lib/gcc/arm-none-eabi/12.2.1/thumb/v7e-m+fp/hard\libcr_eabihelpers.a(memcpy.o)
                0x00001b50                __aeabi_memcpy
                0x00001b5a                __aeabi_memcpy8
                0x00001b5a                __aeabi_memcpy4
 .text.__aeabi_memset_lowlevel
                0x00001b84       0x32 c:/nxp/mcuxpressoide_11.8.1_1197/ide/plugins/com.nxp.mcuxpresso.tools.win32_11.8.1.202308071233/tools/bin/../lib/gcc/arm-none-eabi/12.2.1/thumb/v7e-m+fp/hard\libcr_eabihelpers.a(memcpy.o)
                0x00001b84                __aeabi_lowlevel_memset
 .text.__sys_close
                0x00001bb6        0x6 c:/nxp/mcuxpressoide_11.8.1_1197/ide/plugins/com.nxp.mcuxpresso.tools.win32_11.8.1.202308071233/tools/bin/../lib/gcc/arm-none-eabi/12.2.1/../../../../arm-none-eabi/lib/thumb/v7e-m+fp/hard\libcr_nohost_nf.a(__sys_close.o)
                0x00001bb6                __sys_close
 .text.__sys_flen
                0x00001bbc        0x6 c:/nxp/mcuxpressoide_11.8.1_1197/ide/plugins/com.nxp.mcuxpresso.tools.win32_11.8.1.202308071233/tools/bin/../lib/gcc/arm-none-eabi/12.2.1/../../../../arm-none-eabi/lib/thumb/v7e-m+fp/hard\libcr_nohost_nf.a(__sys_flen.o)
                0x00001bbc                __sys_flen
 .text.__sys_istty
                0x00001bc2        0x6 c:/nxp/mcuxpressoide_11.8.1_1197/ide/plugins/com.nxp.mcuxpresso.tools.win32_11.8.1.202308071233/tools/bin/../lib/gcc/arm-none-eabi/12.2.1/../../../../arm-none-eabi/lib/thumb/v7e-m+fp/hard\libcr_nohost_nf.a(__sys_istty.o)
                0x00001bc2                __sys_istty
 .text.__sys_remove
                0x00001bc8        0x6 c:/nxp/mcuxpressoide_11.8.1_1197/ide/plugins/com.nxp.mcuxpresso.tools.win32_11.8.1.202308071233/tools/bin/../lib/gcc/arm-none-eabi/12.2.1/../../../../arm-none-eabi/lib/thumb/v7e-m+fp/hard\libcr_nohost_nf.a(__sys_remove.o)
                0x00001bc8                __sys_remove
 .text.__sys_seek
                0x00001bce        0x6 c:/nxp/mcuxpressoide_11.8.1_1197/ide/plugins/com.nxp.mcuxpresso.tools.win32_11.8.1.202308071233/tools/bin/../lib/gcc/arm-none-eabi/12.2.1/../../../../arm-none-eabi/lib/thumb/v7e-m+fp/hard\libcr_nohost_nf.a(__sys_seek.o)
                0x00001bce                __sys_seek
 .text.__sys_tmpnam
                0x00001bd4        0x6 c:/nxp/mcuxpressoide_11.8.1_1197/ide/plugins/com.nxp.mcuxpresso.tools.win32_11.8.1.202308071233/tools/bin/../lib/gcc/arm-none-eabi/12.2.1/../../../../arm-none-eabi/lib/thumb/v7e-m+fp/hard\libcr_nohost_nf.a(__sys_tmpnam.o)
                0x00001bd4                __sys_tmpnam
 .text.__sys_write
                0x00001bda        0x4 c:/nxp/mcuxpressoide_11.8.1_1197/ide/plugins/com.nxp.mcuxpresso.tools.win32_11.8.1.202308071233/tools/bin/../lib/gcc/arm-none-eabi/12.2.1/../../../../arm-none-eabi/lib/thumb/v7e-m+fp/hard\libcr_nohost_nf.a(__sys_write.o)
                0x00001bda                __sys_write
 *(SORT_BY_ALIGNMENT(.rodata) SORT_BY_ALIGNMENT(.rodata.*) SORT_BY_ALIGNMENT(.constdata) SORT_BY_ALIGNMENT(.constdata.*))
 *fill*         0x00001bde        0x2 ff
 .rodata.__assertion_failed.str1.4
                0x00001be0       0x14 ./utilities/fsl_assert.o
 .rodata.CLOCK_EnablePll0.str1.4
                0x00001bf4       0x1a ./drivers/fsl_clock.o
 *fill*         0x00001c0e        0x2 ff
 .rodata.CLOCK_SetPbeMode.str1.4
                0x00001c10       0x1a ./drivers/fsl_clock.o
 *fill*         0x00001c2a        0x2 ff
 .rodata.CLOCK_BootToPeeMode.str1.4
                0x00001c2c       0x1a ./drivers/fsl_clock.o
 *fill*         0x00001c46        0x2 ff
 .rodata.GPIO_PinInit.str1.4
                0x00001c48       0x20 ./drivers/fsl_gpio.o
 .rodata.mcgConfig_BOARD_BootClockRUN
                0x00001c68        0xb ./board/clock_config.o
                0x00001c68                mcgConfig_BOARD_BootClockRUN
 *fill*         0x00001c73        0x1 ff
 .rodata.simConfig_BOARD_BootClockRUN
                0x00001c74        0x8 ./board/clock_config.o
                0x00001c74                simConfig_BOARD_BootClockRUN
 .rodata.oscConfig_BOARD_BootClockRUN
                0x00001c7c        0x8 ./board/clock_config.o
                0x00001c7c                oscConfig_BOARD_BootClockRUN
 .rodata        0x00001c84        0x2 ./board/pin_mux.o
 *fill*         0x00001c86        0x2 ff
 .rodata.__num_Ciob_streams
                0x00001c88        0x4 c:/nxp/mcuxpressoide_11.8.1_1197/ide/plugins/com.nxp.mcuxpresso.tools.win32_11.8.1.202308071233/tools/bin/../lib/gcc/arm-none-eabi/12.2.1/../../../../arm-none-eabi/lib/thumb/v7e-m+fp/hard\libcr_nohost_nf.a(__ciob.o)
                0x00001c88                __num_Ciob_streams
 .rodata._initio.str1.1
                0x00001c8c        0x4 c:/nxp/mcuxpressoide_11.8.1_1197/ide/plugins/com.nxp.mcuxpresso.tools.win32_11.8.1.202308071233/tools/bin/../lib/gcc/arm-none-eabi/12.2.1/../../../../arm-none-eabi/lib/thumb/v7e-m+fp/hard\libcr_c.a(initio.o)
                0x00001c90                . = ALIGN (0x4)

.glue_7         0x00001c90        0x0
 .glue_7        0x00001c90        0x0 linker stubs

.glue_7t        0x00001c90        0x0
 .glue_7t       0x00001c90        0x0 linker stubs

.vfp11_veneer   0x00001c90        0x0
 .vfp11_veneer  0x00001c90        0x0 linker stubs

.v4_bx          0x00001c90        0x0
 .v4_bx         0x00001c90        0x0 linker stubs

.iplt           0x00001c90        0x0
 .iplt          0x00001c90        0x0 ./utilities/fsl_assert.o

.rel.dyn        0x00001c90        0x0
 .rel.iplt      0x00001c90        0x0 ./utilities/fsl_assert.o

.ARM.extab
 *(SORT_BY_ALIGNMENT(.ARM.extab*) SORT_BY_ALIGNMENT(.gnu.linkonce.armextab.*))

.ARM.exidx      0x00001c90        0x0
                0x00001c90                __exidx_start = .
 *(SORT_BY_ALIGNMENT(.ARM.exidx*) SORT_BY_ALIGNMENT(.gnu.linkonce.armexidx.*))
                0x00001c90                __exidx_end = .
                0x00001c90                _etext = .

.data_RAM2      0x1fff8000        0x0 load address 0x00001c90
 FILL mask 0xff
                [!provide]                PROVIDE (__start_data_RAM2 = .)
                [!provide]                PROVIDE (__start_data_SRAM_LOWER = .)
 *(SORT_BY_ALIGNMENT(.ramfunc.$RAM2))
 *(SORT_BY_ALIGNMENT(.ramfunc.$SRAM_LOWER))
 *(SORT_BY_ALIGNMENT(.data.$RAM2))
 *(SORT_BY_ALIGNMENT(.data.$SRAM_LOWER))
 *(SORT_BY_ALIGNMENT(.data.$RAM2.*))
 *(SORT_BY_ALIGNMENT(.data.$SRAM_LOWER.*))
                0x1fff8000                . = ALIGN (0x4)
                [!provide]                PROVIDE (__end_data_RAM2 = .)
                [!provide]                PROVIDE (__end_data_SRAM_LOWER = .)

.uninit_RESERVED
                0x20000000        0x0
                0x20000000                _start_uninit_RESERVED = .
 *(SORT_BY_ALIGNMENT(.bss.$RESERVED*))
                0x20000000                . = ALIGN (0x4)
                0x20000000                _end_uninit_RESERVED = .

.data           0x20000000        0x4 load address 0x00001c90
 FILL mask 0xff
                0x20000000                _data = .
                [!provide]                PROVIDE (__start_data_RAM = .)
                [!provide]                PROVIDE (__start_data_SRAM_UPPER = .)
 *(SORT_BY_ALIGNMENT(vtable))
 *(SORT_BY_ALIGNMENT(.ramfunc*))
 *(SORT_BY_ALIGNMENT(CodeQuickAccess))
 *(SORT_BY_ALIGNMENT(DataQuickAccess))
 *(SORT_BY_ALIGNMENT(RamFunction))
 *(SORT_BY_ALIGNMENT(.data*))
 .data.SystemCoreClock
                0x20000000        0x4 ./device/system_MKV31F51212.o
                0x20000000                SystemCoreClock
                0x20000004                . = ALIGN (0x4)
                0x20000004                _edata = .
                [!provide]                PROVIDE (__end_data_RAM = .)
                [!provide]                PROVIDE (__end_data_SRAM_UPPER = .)

.igot.plt       0x20000004        0x0 load address 0x00001c94
 .igot.plt      0x20000004        0x0 ./utilities/fsl_assert.o

.bss_RAM2       0x1fff8000        0x0
                [!provide]                PROVIDE (__start_bss_RAM2 = .)
                [!provide]                PROVIDE (__start_bss_SRAM_LOWER = .)
 *(SORT_BY_ALIGNMENT(.bss.$RAM2))
 *(SORT_BY_ALIGNMENT(.bss.$SRAM_LOWER))
 *(SORT_BY_ALIGNMENT(.bss.$RAM2.*))
 *(SORT_BY_ALIGNMENT(.bss.$SRAM_LOWER.*))
                0x1fff8000                . = ALIGN ((. != 0x0)?0x4:0x1)
                [!provide]                PROVIDE (__end_bss_RAM2 = .)
                [!provide]                PROVIDE (__end_bss_SRAM_LOWER = .)

.bss            0x20000004       0xec
                0x20000004                _bss = .
                [!provide]                PROVIDE (__start_bss_RAM = .)
                [!provide]                PROVIDE (__start_bss_SRAM_UPPER = .)
 *(SORT_BY_ALIGNMENT(.bss*))
 .bss.s_debugConsole
                0x20000004       0x14 ./utilities/fsl_debug_console.o
 .bss.g_systickCounter
                0x20000018        0x4 ./source/led_blinky.o
                0x20000018                g_systickCounter
 .bss.g_xtal0Freq
                0x2000001c        0x4 ./drivers/fsl_clock.o
                0x2000001c                g_xtal0Freq
 .bss.s_lpuartHandle
                0x20000020        0x4 ./drivers/fsl_lpuart.o
                0x20000020                s_lpuartHandle
 .bss.s_lpuartIsr
                0x20000024        0x4 ./drivers/fsl_lpuart.o
                0x20000024                s_lpuartIsr
 .bss.s_uartHandle
                0x20000028        0xc ./drivers/fsl_uart.o
                0x20000028                s_uartHandle
 .bss.s_uartIsr
                0x20000034        0x4 ./drivers/fsl_uart.o
                0x20000034                s_uartIsr
 .bss.errno     0x20000038        0x4 c:/nxp/mcuxpressoide_11.8.1_1197/ide/plugins/com.nxp.mcuxpresso.tools.win32_11.8.1.202308071233/tools/bin/../lib/gcc/arm-none-eabi/12.2.1/../../../../arm-none-eabi/lib/thumb/v7e-m+fp/hard\libcr_c.a(errno.o)
                0x20000038                errno
 .bss.__Ciob    0x2000003c       0xb4 c:/nxp/mcuxpressoide_11.8.1_1197/ide/plugins/com.nxp.mcuxpresso.tools.win32_11.8.1.202308071233/tools/bin/../lib/gcc/arm-none-eabi/12.2.1/../../../../arm-none-eabi/lib/thumb/v7e-m+fp/hard\libcr_nohost_nf.a(__ciob.o)
                0x2000003c                __Ciob
 *(SORT_BY_ALIGNMENT(COMMON))
                0x200000f0                . = ALIGN (0x4)
                0x200000f0                _ebss = .
                [!provide]                PROVIDE (__end_bss_RAM = .)
                [!provide]                PROVIDE (__end_bss_SRAM_UPPER = .)
                [!provide]                PROVIDE (end = .)

.noinit_RAM2    0x1fff8000        0x0
                [!provide]                PROVIDE (__start_noinit_RAM2 = .)
                [!provide]                PROVIDE (__start_noinit_SRAM_LOWER = .)
 *(SORT_BY_ALIGNMENT(.noinit.$RAM2))
 *(SORT_BY_ALIGNMENT(.noinit.$SRAM_LOWER))
 *(SORT_BY_ALIGNMENT(.noinit.$RAM2.*))
 *(SORT_BY_ALIGNMENT(.noinit.$SRAM_LOWER.*))
                0x1fff8000                . = ALIGN (0x4)
                [!provide]                PROVIDE (__end_noinit_RAM2 = .)
                [!provide]                PROVIDE (__end_noinit_SRAM_LOWER = .)

.noinit         0x200000f0        0x0
                0x200000f0                _noinit = .
                [!provide]                PROVIDE (__start_noinit_RAM = .)
                [!provide]                PROVIDE (__start_noinit_SRAM_UPPER = .)
 *(SORT_BY_ALIGNMENT(.noinit*))
                0x200000f0                . = ALIGN (0x4)
                0x200000f0                _end_noinit = .
                [!provide]                PROVIDE (__end_noinit_RAM = .)
                [!provide]                PROVIDE (__end_noinit_SRAM_UPPER = .)
                0x00001000                _HeapSize = 0x1000

.heap           0x200000f0     0x1000
                0x200000f0                _pvHeapStart = .
                0x200010f0                . = (. + _HeapSize)
 *fill*         0x200000f0     0x1000 
                0x200010f0                . = ALIGN (0x4)
                0x200010f0                _pvHeapLimit = .
                0x00001000                _StackSize = 0x1000

.heap2stackfill
                0x200010f0     0x1000
                0x200020f0                . = (. + _StackSize)
 *fill*         0x200010f0     0x1000 

.stack          0x2000f000        0x0
                0x2000f000                _vStackBase = .
                0x2000f000                . = ALIGN (0x4)
                0x20010000                _vStackTop = (. + _StackSize)
                0x00000000                _image_start = LOADADDR (.text)
                0x00001c94                _image_end = (LOADADDR (.data) + SIZEOF (.data))
                0x00001c94                _image_size = (_image_end - _image_start)
OUTPUT(led_blinky.axf elf32-littlearm)
LOAD linker stubs

.debug_info     0x00000000     0x97d8
 .debug_info    0x00000000       0xc4 ./utilities/fsl_assert.o
 .debug_info    0x000000c4      0xbdc ./utilities/fsl_debug_console.o
 .debug_info    0x00000ca0      0xb1e ./startup/startup_mkv31f51212.o
 .debug_info    0x000017be      0xa6d ./source/led_blinky.o
 .debug_info    0x0000222b       0x3d ./source/semihost_hardfault.o
 .debug_info    0x00002268     0x1a29 ./drivers/fsl_clock.o
 .debug_info    0x00003c91      0x6b3 ./drivers/fsl_gpio.o
 .debug_info    0x00004344     0x1e4a ./drivers/fsl_lpuart.o
 .debug_info    0x0000618e     0x1e32 ./drivers/fsl_uart.o
 .debug_info    0x00007fc0      0x618 ./device/system_MKV31F51212.o
 .debug_info    0x000085d8      0xcf5 ./board/clock_config.o
 .debug_info    0x000092cd      0x50b ./board/pin_mux.o

.debug_abbrev   0x00000000     0x1a24
 .debug_abbrev  0x00000000       0x8f ./utilities/fsl_assert.o
 .debug_abbrev  0x0000008f      0x26f ./utilities/fsl_debug_console.o
 .debug_abbrev  0x000002fe      0x17e ./startup/startup_mkv31f51212.o
 .debug_abbrev  0x0000047c      0x201 ./source/led_blinky.o
 .debug_abbrev  0x0000067d       0x2f ./source/semihost_hardfault.o
 .debug_abbrev  0x000006ac      0x386 ./drivers/fsl_clock.o
 .debug_abbrev  0x00000a32      0x1d2 ./drivers/fsl_gpio.o
 .debug_abbrev  0x00000c04      0x44d ./drivers/fsl_lpuart.o
 .debug_abbrev  0x00001051      0x461 ./drivers/fsl_uart.o
 .debug_abbrev  0x000014b2      0x149 ./device/system_MKV31F51212.o
 .debug_abbrev  0x000015fb      0x256 ./board/clock_config.o
 .debug_abbrev  0x00001851      0x1d3 ./board/pin_mux.o

.debug_aranges  0x00000000      0x990
 .debug_aranges
                0x00000000       0x20 ./utilities/fsl_assert.o
 .debug_aranges
                0x00000020       0x68 ./utilities/fsl_debug_console.o
 .debug_aranges
                0x00000088      0x2d0 ./startup/startup_mkv31f51212.o
 .debug_aranges
                0x00000358       0x48 ./source/led_blinky.o
 .debug_aranges
                0x000003a0       0x20 ./source/semihost_hardfault.o
 .debug_aranges
                0x000003c0      0x1e8 ./drivers/fsl_clock.o
 .debug_aranges
                0x000005a8       0x40 ./drivers/fsl_gpio.o
 .debug_aranges
                0x000005e8      0x158 ./drivers/fsl_lpuart.o
 .debug_aranges
                0x00000740      0x188 ./drivers/fsl_uart.o
 .debug_aranges
                0x000008c8       0x30 ./device/system_MKV31F51212.o
 .debug_aranges
                0x000008f8       0x60 ./board/clock_config.o
 .debug_aranges
                0x00000958       0x38 ./board/pin_mux.o

.debug_rnglists
                0x00000000      0x71d
 .debug_rnglists
                0x00000000       0x13 ./utilities/fsl_assert.o
 .debug_rnglists
                0x00000013       0x4d ./utilities/fsl_debug_console.o
 .debug_rnglists
                0x00000060      0x217 ./startup/startup_mkv31f51212.o
 .debug_rnglists
                0x00000277       0x32 ./source/led_blinky.o
 .debug_rnglists
                0x000002a9       0x13 ./source/semihost_hardfault.o
 .debug_rnglists
                0x000002bc      0x179 ./drivers/fsl_clock.o
 .debug_rnglists
                0x00000435       0x2b ./drivers/fsl_gpio.o
 .debug_rnglists
                0x00000460      0x104 ./drivers/fsl_lpuart.o
 .debug_rnglists
                0x00000564      0x12f ./drivers/fsl_uart.o
 .debug_rnglists
                0x00000693       0x20 ./device/system_MKV31F51212.o
 .debug_rnglists
                0x000006b3       0x44 ./board/clock_config.o
 .debug_rnglists
                0x000006f7       0x26 ./board/pin_mux.o

.debug_macro    0x00000000     0xc045
 .debug_macro   0x00000000      0x123 ./utilities/fsl_assert.o
 .debug_macro   0x00000123      0xaf0 ./utilities/fsl_assert.o
 .debug_macro   0x00000c13       0x10 ./utilities/fsl_assert.o
 .debug_macro   0x00000c23       0x1c ./utilities/fsl_assert.o
 .debug_macro   0x00000c3f       0x22 ./utilities/fsl_assert.o
 .debug_macro   0x00000c61      0x12e ./utilities/fsl_assert.o
 .debug_macro   0x00000d8f      0x5b3 ./utilities/fsl_assert.o
 .debug_macro   0x00001342       0x22 ./utilities/fsl_assert.o
 .debug_macro   0x00001364       0x10 ./utilities/fsl_assert.o
 .debug_macro   0x00001374       0x56 ./utilities/fsl_assert.o
 .debug_macro   0x000013ca       0x1c ./utilities/fsl_assert.o
 .debug_macro   0x000013e6       0x22 ./utilities/fsl_assert.o
 .debug_macro   0x00001408       0xfb ./utilities/fsl_assert.o
 .debug_macro   0x00001503      0xeeb ./utilities/fsl_assert.o
 .debug_macro   0x000023ee       0x3a ./utilities/fsl_assert.o
 .debug_macro   0x00002428     0x797a ./utilities/fsl_assert.o
 .debug_macro   0x00009da2     0x1131 ./utilities/fsl_assert.o
 .debug_macro   0x0000aed3       0x7a ./utilities/fsl_assert.o
 .debug_macro   0x0000af4d       0xa8 ./utilities/fsl_assert.o
 .debug_macro   0x0000aff5      0x12e ./utilities/fsl_assert.o
 .debug_macro   0x0000b123       0x1c ./utilities/fsl_assert.o
 .debug_macro   0x0000b13f       0x1c ./utilities/fsl_assert.o
 .debug_macro   0x0000b15b       0x34 ./utilities/fsl_assert.o
 .debug_macro   0x0000b18f      0x153 ./utilities/fsl_debug_console.o
 .debug_macro   0x0000b2e2       0x16 ./utilities/fsl_debug_console.o
 .debug_macro   0x0000b2f8       0x10 ./utilities/fsl_debug_console.o
 .debug_macro   0x0000b308       0x28 ./utilities/fsl_debug_console.o
 .debug_macro   0x0000b330       0xc4 ./utilities/fsl_debug_console.o
 .debug_macro   0x0000b3f4       0x16 ./utilities/fsl_debug_console.o
 .debug_macro   0x0000b40a       0x16 ./utilities/fsl_debug_console.o
 .debug_macro   0x0000b420       0x46 ./utilities/fsl_debug_console.o
 .debug_macro   0x0000b466       0x29 ./startup/startup_mkv31f51212.o
 .debug_macro   0x0000b48f      0x14c ./source/led_blinky.o
 .debug_macro   0x0000b5db       0x76 ./source/led_blinky.o
 .debug_macro   0x0000b651       0x1c ./source/led_blinky.o
 .debug_macro   0x0000b66d       0x16 ./source/led_blinky.o
 .debug_macro   0x0000b683      0x118 ./source/led_blinky.o
 .debug_macro   0x0000b79b       0x11 ./source/semihost_hardfault.o
 .debug_macro   0x0000b7ac      0x1d8 ./drivers/fsl_clock.o
 .debug_macro   0x0000b984      0x121 ./drivers/fsl_gpio.o
 .debug_macro   0x0000baa5       0x10 ./drivers/fsl_gpio.o
 .debug_macro   0x0000bab5      0x121 ./drivers/fsl_lpuart.o
 .debug_macro   0x0000bbd6       0x10 ./drivers/fsl_lpuart.o
 .debug_macro   0x0000bbe6      0x127 ./drivers/fsl_uart.o
 .debug_macro   0x0000bd0d       0x10 ./drivers/fsl_uart.o
 .debug_macro   0x0000bd1d       0x98 ./device/system_MKV31F51212.o
 .debug_macro   0x0000bdb5      0x153 ./board/clock_config.o
 .debug_macro   0x0000bf08      0x127 ./board/pin_mux.o
 .debug_macro   0x0000c02f       0x16 ./board/pin_mux.o

.debug_line     0x00000000     0x64bd
 .debug_line    0x00000000      0x397 ./utilities/fsl_assert.o
 .debug_line    0x00000397      0x836 ./utilities/fsl_debug_console.o
 .debug_line    0x00000bcd      0x971 ./startup/startup_mkv31f51212.o
 .debug_line    0x0000153e      0x50f ./source/led_blinky.o
 .debug_line    0x00001a4d       0x59 ./source/semihost_hardfault.o
 .debug_line    0x00001aa6     0x1467 ./drivers/fsl_clock.o
 .debug_line    0x00002f0d      0x40b ./drivers/fsl_gpio.o
 .debug_line    0x00003318     0x107a ./drivers/fsl_lpuart.o
 .debug_line    0x00004392     0x143a ./drivers/fsl_uart.o
 .debug_line    0x000057cc      0x3ee ./device/system_MKV31F51212.o
 .debug_line    0x00005bba      0x4d9 ./board/clock_config.o
 .debug_line    0x00006093      0x42a ./board/pin_mux.o

.debug_str      0x00000000    0x4fdcc
 .debug_str     0x00000000    0x4906c ./utilities/fsl_assert.o
                              0x4910d (size before relaxing)
 .debug_str     0x0004906c     0x16a9 ./utilities/fsl_debug_console.o
                              0x4a802 (size before relaxing)
 .debug_str     0x0004a715      0x736 ./startup/startup_mkv31f51212.o
                               0x3661 (size before relaxing)
 .debug_str     0x0004ae4b     0x1270 ./source/led_blinky.o
                              0x4ab77 (size before relaxing)
 .debug_str     0x0004c0bb       0x1f ./source/semihost_hardfault.o
                               0x2ee1 (size before relaxing)
 .debug_str     0x0004c0da     0x1908 ./drivers/fsl_clock.o
                              0x4b2d6 (size before relaxing)
 .debug_str     0x0004d9e2      0x181 ./drivers/fsl_gpio.o
                              0x49adf (size before relaxing)
 .debug_str     0x0004db63     0x123c ./drivers/fsl_lpuart.o
                              0x4b1e0 (size before relaxing)
 .debug_str     0x0004ed9f      0x8f9 ./drivers/fsl_uart.o
                              0x4affe (size before relaxing)
 .debug_str     0x0004f698       0xbc ./device/system_MKV31F51212.o
                              0x477a9 (size before relaxing)
 .debug_str     0x0004f754      0x452 ./board/clock_config.o
                              0x4a2ca (size before relaxing)
 .debug_str     0x0004fba6      0x226 ./board/pin_mux.o
                              0x496ed (size before relaxing)

.comment        0x00000000       0x45
 .comment       0x00000000       0x45 ./utilities/fsl_assert.o
                                 0x46 (size before relaxing)
 .comment       0x00000045       0x46 ./utilities/fsl_debug_console.o
 .comment       0x00000045       0x46 ./startup/startup_mkv31f51212.o
 .comment       0x00000045       0x46 ./source/led_blinky.o
 .comment       0x00000045       0x46 ./source/semihost_hardfault.o
 .comment       0x00000045       0x46 ./drivers/fsl_clock.o
 .comment       0x00000045       0x46 ./drivers/fsl_gpio.o
 .comment       0x00000045       0x46 ./drivers/fsl_lpuart.o
 .comment       0x00000045       0x46 ./drivers/fsl_uart.o
 .comment       0x00000045       0x46 ./device/system_MKV31F51212.o
 .comment       0x00000045       0x46 ./board/clock_config.o
 .comment       0x00000045       0x46 ./board/pin_mux.o
 .comment       0x00000045       0x46 c:/nxp/mcuxpressoide_11.8.1_1197/ide/plugins/com.nxp.mcuxpresso.tools.win32_11.8.1.202308071233/tools/bin/../lib/gcc/arm-none-eabi/12.2.1/../../../../arm-none-eabi/lib/thumb/v7e-m+fp/hard\libcr_nohost_nf.a(_cr__main.o)
 .comment       0x00000045       0x46 c:/nxp/mcuxpressoide_11.8.1_1197/ide/plugins/com.nxp.mcuxpresso.tools.win32_11.8.1.202308071233/tools/bin/../lib/gcc/arm-none-eabi/12.2.1/../../../../arm-none-eabi/lib/thumb/v7e-m+fp/hard\libcr_c.a(memcpy.o)
 .comment       0x00000045       0x46 c:/nxp/mcuxpressoide_11.8.1_1197/ide/plugins/com.nxp.mcuxpresso.tools.win32_11.8.1.202308071233/tools/bin/../lib/gcc/arm-none-eabi/12.2.1/../../../../arm-none-eabi/lib/thumb/v7e-m+fp/hard\libcr_c.a(memset.o)
 .comment       0x00000045       0x46 c:/nxp/mcuxpressoide_11.8.1_1197/ide/plugins/com.nxp.mcuxpresso.tools.win32_11.8.1.202308071233/tools/bin/../lib/gcc/arm-none-eabi/12.2.1/../../../../arm-none-eabi/lib/thumb/v7e-m+fp/hard\libcr_c.a(alloc.o)
 .comment       0x00000045       0x46 c:/nxp/mcuxpressoide_11.8.1_1197/ide/plugins/com.nxp.mcuxpresso.tools.win32_11.8.1.202308071233/tools/bin/../lib/gcc/arm-none-eabi/12.2.1/../../../../arm-none-eabi/lib/thumb/v7e-m+fp/hard\libcr_c.a(errno.o)
 .comment       0x00000045       0x46 c:/nxp/mcuxpressoide_11.8.1_1197/ide/plugins/com.nxp.mcuxpresso.tools.win32_11.8.1.202308071233/tools/bin/../lib/gcc/arm-none-eabi/12.2.1/../../../../arm-none-eabi/lib/thumb/v7e-m+fp/hard\libcr_c.a(initio.o)
 .comment       0x00000045       0x46 c:/nxp/mcuxpressoide_11.8.1_1197/ide/plugins/com.nxp.mcuxpresso.tools.win32_11.8.1.202308071233/tools/bin/../lib/gcc/arm-none-eabi/12.2.1/../../../../arm-none-eabi/lib/thumb/v7e-m+fp/hard\libcr_c.a(setvbuf.o)
 .comment       0x00000045       0x46 c:/nxp/mcuxpressoide_11.8.1_1197/ide/plugins/com.nxp.mcuxpresso.tools.win32_11.8.1.202308071233/tools/bin/../lib/gcc/arm-none-eabi/12.2.1/../../../../arm-none-eabi/lib/thumb/v7e-m+fp/hard\libcr_c.a(strlen.o)
 .comment       0x00000045       0x46 c:/nxp/mcuxpressoide_11.8.1_1197/ide/plugins/com.nxp.mcuxpresso.tools.win32_11.8.1.202308071233/tools/bin/../lib/gcc/arm-none-eabi/12.2.1/../../../../arm-none-eabi/lib/thumb/v7e-m+fp/hard\libcr_c.a(_deferredlazyseek.o)
 .comment       0x00000045       0x46 c:/nxp/mcuxpressoide_11.8.1_1197/ide/plugins/com.nxp.mcuxpresso.tools.win32_11.8.1.202308071233/tools/bin/../lib/gcc/arm-none-eabi/12.2.1/../../../../arm-none-eabi/lib/thumb/v7e-m+fp/hard\libcr_c.a(_fdopen.o)
 .comment       0x00000045       0x46 c:/nxp/mcuxpressoide_11.8.1_1197/ide/plugins/com.nxp.mcuxpresso.tools.win32_11.8.1.202308071233/tools/bin/../lib/gcc/arm-none-eabi/12.2.1/../../../../arm-none-eabi/lib/thumb/v7e-m+fp/hard\libcr_c.a(_fflush.o)
 .comment       0x00000045       0x46 c:/nxp/mcuxpressoide_11.8.1_1197/ide/plugins/com.nxp.mcuxpresso.tools.win32_11.8.1.202308071233/tools/bin/../lib/gcc/arm-none-eabi/12.2.1/../../../../arm-none-eabi/lib/thumb/v7e-m+fp/hard\libcr_c.a(_writebuf.o)
 .comment       0x00000045       0x46 c:/nxp/mcuxpressoide_11.8.1_1197/ide/plugins/com.nxp.mcuxpresso.tools.win32_11.8.1.202308071233/tools/bin/../lib/gcc/arm-none-eabi/12.2.1/../../../../arm-none-eabi/lib/thumb/v7e-m+fp/hard\libcr_c.a(fclose.o)
 .comment       0x00000045       0x46 c:/nxp/mcuxpressoide_11.8.1_1197/ide/plugins/com.nxp.mcuxpresso.tools.win32_11.8.1.202308071233/tools/bin/../lib/gcc/arm-none-eabi/12.2.1/../../../../arm-none-eabi/lib/thumb/v7e-m+fp/hard\libcr_c.a(fflush.o)
 .comment       0x00000045       0x46 c:/nxp/mcuxpressoide_11.8.1_1197/ide/plugins/com.nxp.mcuxpresso.tools.win32_11.8.1.202308071233/tools/bin/../lib/gcc/arm-none-eabi/12.2.1/../../../../arm-none-eabi/lib/thumb/v7e-m+fp/hard\libcr_c.a(fseek.o)
 .comment       0x00000045       0x46 c:/nxp/mcuxpressoide_11.8.1_1197/ide/plugins/com.nxp.mcuxpresso.tools.win32_11.8.1.202308071233/tools/bin/../lib/gcc/arm-none-eabi/12.2.1/../../../../arm-none-eabi/lib/thumb/v7e-m+fp/hard\libcr_c.a(ftell.o)
 .comment       0x00000045       0x46 c:/nxp/mcuxpressoide_11.8.1_1197/ide/plugins/com.nxp.mcuxpresso.tools.win32_11.8.1.202308071233/tools/bin/../lib/gcc/arm-none-eabi/12.2.1/../../../../arm-none-eabi/lib/thumb/v7e-m+fp/hard\libcr_c.a(remove.o)
 .comment       0x00000045       0x46 c:/nxp/mcuxpressoide_11.8.1_1197/ide/plugins/com.nxp.mcuxpresso.tools.win32_11.8.1.202308071233/tools/bin/../lib/gcc/arm-none-eabi/12.2.1/../../../../arm-none-eabi/lib/thumb/v7e-m+fp/hard\libcr_c.a(_do_fflush.o)
 .comment       0x00000045       0x46 c:/nxp/mcuxpressoide_11.8.1_1197/ide/plugins/com.nxp.mcuxpresso.tools.win32_11.8.1.202308071233/tools/bin/../lib/gcc/arm-none-eabi/12.2.1/../../../../arm-none-eabi/lib/thumb/v7e-m+fp/hard\libcr_nohost_nf.a(__ciob.o)
 .comment       0x00000045       0x46 c:/nxp/mcuxpressoide_11.8.1_1197/ide/plugins/com.nxp.mcuxpresso.tools.win32_11.8.1.202308071233/tools/bin/../lib/gcc/arm-none-eabi/12.2.1/../../../../arm-none-eabi/lib/thumb/v7e-m+fp/hard\libcr_nohost_nf.a(__sys_close.o)
 .comment       0x00000045       0x46 c:/nxp/mcuxpressoide_11.8.1_1197/ide/plugins/com.nxp.mcuxpresso.tools.win32_11.8.1.202308071233/tools/bin/../lib/gcc/arm-none-eabi/12.2.1/../../../../arm-none-eabi/lib/thumb/v7e-m+fp/hard\libcr_nohost_nf.a(__sys_flen.o)
 .comment       0x00000045       0x46 c:/nxp/mcuxpressoide_11.8.1_1197/ide/plugins/com.nxp.mcuxpresso.tools.win32_11.8.1.202308071233/tools/bin/../lib/gcc/arm-none-eabi/12.2.1/../../../../arm-none-eabi/lib/thumb/v7e-m+fp/hard\libcr_nohost_nf.a(__sys_istty.o)
 .comment       0x00000045       0x46 c:/nxp/mcuxpressoide_11.8.1_1197/ide/plugins/com.nxp.mcuxpresso.tools.win32_11.8.1.202308071233/tools/bin/../lib/gcc/arm-none-eabi/12.2.1/../../../../arm-none-eabi/lib/thumb/v7e-m+fp/hard\libcr_nohost_nf.a(__sys_remove.o)
 .comment       0x00000045       0x46 c:/nxp/mcuxpressoide_11.8.1_1197/ide/plugins/com.nxp.mcuxpresso.tools.win32_11.8.1.202308071233/tools/bin/../lib/gcc/arm-none-eabi/12.2.1/../../../../arm-none-eabi/lib/thumb/v7e-m+fp/hard\libcr_nohost_nf.a(__sys_seek.o)
 .comment       0x00000045       0x46 c:/nxp/mcuxpressoide_11.8.1_1197/ide/plugins/com.nxp.mcuxpresso.tools.win32_11.8.1.202308071233/tools/bin/../lib/gcc/arm-none-eabi/12.2.1/../../../../arm-none-eabi/lib/thumb/v7e-m+fp/hard\libcr_nohost_nf.a(__sys_tmpnam.o)
 .comment       0x00000045       0x46 c:/nxp/mcuxpressoide_11.8.1_1197/ide/plugins/com.nxp.mcuxpresso.tools.win32_11.8.1.202308071233/tools/bin/../lib/gcc/arm-none-eabi/12.2.1/../../../../arm-none-eabi/lib/thumb/v7e-m+fp/hard\libcr_nohost_nf.a(__sys_write.o)

.ARM.attributes
                0x00000000       0x32
 .ARM.attributes
                0x00000000       0x34 ./utilities/fsl_assert.o
 .ARM.attributes
                0x00000034       0x34 ./utilities/fsl_debug_console.o
 .ARM.attributes
                0x00000068       0x34 ./startup/startup_mkv31f51212.o
 .ARM.attributes
                0x0000009c       0x34 ./source/led_blinky.o
 .ARM.attributes
                0x000000d0       0x34 ./source/semihost_hardfault.o
 .ARM.attributes
                0x00000104       0x34 ./drivers/fsl_clock.o
 .ARM.attributes
                0x00000138       0x34 ./drivers/fsl_gpio.o
 .ARM.attributes
                0x0000016c       0x34 ./drivers/fsl_lpuart.o
 .ARM.attributes
                0x000001a0       0x34 ./drivers/fsl_uart.o
 .ARM.attributes
                0x000001d4       0x34 ./device/system_MKV31F51212.o
 .ARM.attributes
                0x00000208       0x34 ./board/clock_config.o
 .ARM.attributes
                0x0000023c       0x34 ./board/pin_mux.o
 .ARM.attributes
                0x00000270       0x34 c:/nxp/mcuxpressoide_11.8.1_1197/ide/plugins/com.nxp.mcuxpresso.tools.win32_11.8.1.202308071233/tools/bin/../lib/gcc/arm-none-eabi/12.2.1/../../../../arm-none-eabi/lib/thumb/v7e-m+fp/hard\libcr_nohost_nf.a(_cr__main.o)
 .ARM.attributes
                0x000002a4       0x34 c:/nxp/mcuxpressoide_11.8.1_1197/ide/plugins/com.nxp.mcuxpresso.tools.win32_11.8.1.202308071233/tools/bin/../lib/gcc/arm-none-eabi/12.2.1/../../../../arm-none-eabi/lib/thumb/v7e-m+fp/hard\libcr_c.a(memcpy.o)
 .ARM.attributes
                0x000002d8       0x34 c:/nxp/mcuxpressoide_11.8.1_1197/ide/plugins/com.nxp.mcuxpresso.tools.win32_11.8.1.202308071233/tools/bin/../lib/gcc/arm-none-eabi/12.2.1/../../../../arm-none-eabi/lib/thumb/v7e-m+fp/hard\libcr_c.a(memset.o)
 .ARM.attributes
                0x0000030c       0x34 c:/nxp/mcuxpressoide_11.8.1_1197/ide/plugins/com.nxp.mcuxpresso.tools.win32_11.8.1.202308071233/tools/bin/../lib/gcc/arm-none-eabi/12.2.1/../../../../arm-none-eabi/lib/thumb/v7e-m+fp/hard\libcr_c.a(alloc.o)
 .ARM.attributes
                0x00000340       0x34 c:/nxp/mcuxpressoide_11.8.1_1197/ide/plugins/com.nxp.mcuxpresso.tools.win32_11.8.1.202308071233/tools/bin/../lib/gcc/arm-none-eabi/12.2.1/../../../../arm-none-eabi/lib/thumb/v7e-m+fp/hard\libcr_c.a(errno.o)
 .ARM.attributes
                0x00000374       0x34 c:/nxp/mcuxpressoide_11.8.1_1197/ide/plugins/com.nxp.mcuxpresso.tools.win32_11.8.1.202308071233/tools/bin/../lib/gcc/arm-none-eabi/12.2.1/../../../../arm-none-eabi/lib/thumb/v7e-m+fp/hard\libcr_c.a(initio.o)
 .ARM.attributes
                0x000003a8       0x34 c:/nxp/mcuxpressoide_11.8.1_1197/ide/plugins/com.nxp.mcuxpresso.tools.win32_11.8.1.202308071233/tools/bin/../lib/gcc/arm-none-eabi/12.2.1/../../../../arm-none-eabi/lib/thumb/v7e-m+fp/hard\libcr_c.a(setvbuf.o)
 .ARM.attributes
                0x000003dc       0x34 c:/nxp/mcuxpressoide_11.8.1_1197/ide/plugins/com.nxp.mcuxpresso.tools.win32_11.8.1.202308071233/tools/bin/../lib/gcc/arm-none-eabi/12.2.1/../../../../arm-none-eabi/lib/thumb/v7e-m+fp/hard\libcr_c.a(strlen.o)
 .ARM.attributes
                0x00000410       0x34 c:/nxp/mcuxpressoide_11.8.1_1197/ide/plugins/com.nxp.mcuxpresso.tools.win32_11.8.1.202308071233/tools/bin/../lib/gcc/arm-none-eabi/12.2.1/../../../../arm-none-eabi/lib/thumb/v7e-m+fp/hard\libcr_c.a(_deferredlazyseek.o)
 .ARM.attributes
                0x00000444       0x34 c:/nxp/mcuxpressoide_11.8.1_1197/ide/plugins/com.nxp.mcuxpresso.tools.win32_11.8.1.202308071233/tools/bin/../lib/gcc/arm-none-eabi/12.2.1/../../../../arm-none-eabi/lib/thumb/v7e-m+fp/hard\libcr_c.a(_fdopen.o)
 .ARM.attributes
                0x00000478       0x34 c:/nxp/mcuxpressoide_11.8.1_1197/ide/plugins/com.nxp.mcuxpresso.tools.win32_11.8.1.202308071233/tools/bin/../lib/gcc/arm-none-eabi/12.2.1/../../../../arm-none-eabi/lib/thumb/v7e-m+fp/hard\libcr_c.a(_fflush.o)
 .ARM.attributes
                0x000004ac       0x34 c:/nxp/mcuxpressoide_11.8.1_1197/ide/plugins/com.nxp.mcuxpresso.tools.win32_11.8.1.202308071233/tools/bin/../lib/gcc/arm-none-eabi/12.2.1/../../../../arm-none-eabi/lib/thumb/v7e-m+fp/hard\libcr_c.a(_writebuf.o)
 .ARM.attributes
                0x000004e0       0x34 c:/nxp/mcuxpressoide_11.8.1_1197/ide/plugins/com.nxp.mcuxpresso.tools.win32_11.8.1.202308071233/tools/bin/../lib/gcc/arm-none-eabi/12.2.1/../../../../arm-none-eabi/lib/thumb/v7e-m+fp/hard\libcr_c.a(fclose.o)
 .ARM.attributes
                0x00000514       0x34 c:/nxp/mcuxpressoide_11.8.1_1197/ide/plugins/com.nxp.mcuxpresso.tools.win32_11.8.1.202308071233/tools/bin/../lib/gcc/arm-none-eabi/12.2.1/../../../../arm-none-eabi/lib/thumb/v7e-m+fp/hard\libcr_c.a(fflush.o)
 .ARM.attributes
                0x00000548       0x34 c:/nxp/mcuxpressoide_11.8.1_1197/ide/plugins/com.nxp.mcuxpresso.tools.win32_11.8.1.202308071233/tools/bin/../lib/gcc/arm-none-eabi/12.2.1/../../../../arm-none-eabi/lib/thumb/v7e-m+fp/hard\libcr_c.a(fseek.o)
 .ARM.attributes
                0x0000057c       0x34 c:/nxp/mcuxpressoide_11.8.1_1197/ide/plugins/com.nxp.mcuxpresso.tools.win32_11.8.1.202308071233/tools/bin/../lib/gcc/arm-none-eabi/12.2.1/../../../../arm-none-eabi/lib/thumb/v7e-m+fp/hard\libcr_c.a(ftell.o)
 .ARM.attributes
                0x000005b0       0x34 c:/nxp/mcuxpressoide_11.8.1_1197/ide/plugins/com.nxp.mcuxpresso.tools.win32_11.8.1.202308071233/tools/bin/../lib/gcc/arm-none-eabi/12.2.1/../../../../arm-none-eabi/lib/thumb/v7e-m+fp/hard\libcr_c.a(remove.o)
 .ARM.attributes
                0x000005e4       0x34 c:/nxp/mcuxpressoide_11.8.1_1197/ide/plugins/com.nxp.mcuxpresso.tools.win32_11.8.1.202308071233/tools/bin/../lib/gcc/arm-none-eabi/12.2.1/../../../../arm-none-eabi/lib/thumb/v7e-m+fp/hard\libcr_c.a(_do_fflush.o)
 .ARM.attributes
                0x00000618       0x20 c:/nxp/mcuxpressoide_11.8.1_1197/ide/plugins/com.nxp.mcuxpresso.tools.win32_11.8.1.202308071233/tools/bin/../lib/gcc/arm-none-eabi/12.2.1/thumb/v7e-m+fp/hard\libcr_eabihelpers.a(memcpy.o)
 .ARM.attributes
                0x00000638       0x34 c:/nxp/mcuxpressoide_11.8.1_1197/ide/plugins/com.nxp.mcuxpresso.tools.win32_11.8.1.202308071233/tools/bin/../lib/gcc/arm-none-eabi/12.2.1/../../../../arm-none-eabi/lib/thumb/v7e-m+fp/hard\libcr_nohost_nf.a(__ciob.o)
 .ARM.attributes
                0x0000066c       0x34 c:/nxp/mcuxpressoide_11.8.1_1197/ide/plugins/com.nxp.mcuxpresso.tools.win32_11.8.1.202308071233/tools/bin/../lib/gcc/arm-none-eabi/12.2.1/../../../../arm-none-eabi/lib/thumb/v7e-m+fp/hard\libcr_nohost_nf.a(__sys_close.o)
 .ARM.attributes
                0x000006a0       0x34 c:/nxp/mcuxpressoide_11.8.1_1197/ide/plugins/com.nxp.mcuxpresso.tools.win32_11.8.1.202308071233/tools/bin/../lib/gcc/arm-none-eabi/12.2.1/../../../../arm-none-eabi/lib/thumb/v7e-m+fp/hard\libcr_nohost_nf.a(__sys_flen.o)
 .ARM.attributes
                0x000006d4       0x34 c:/nxp/mcuxpressoide_11.8.1_1197/ide/plugins/com.nxp.mcuxpresso.tools.win32_11.8.1.202308071233/tools/bin/../lib/gcc/arm-none-eabi/12.2.1/../../../../arm-none-eabi/lib/thumb/v7e-m+fp/hard\libcr_nohost_nf.a(__sys_istty.o)
 .ARM.attributes
                0x00000708       0x34 c:/nxp/mcuxpressoide_11.8.1_1197/ide/plugins/com.nxp.mcuxpresso.tools.win32_11.8.1.202308071233/tools/bin/../lib/gcc/arm-none-eabi/12.2.1/../../../../arm-none-eabi/lib/thumb/v7e-m+fp/hard\libcr_nohost_nf.a(__sys_remove.o)
 .ARM.attributes
                0x0000073c       0x34 c:/nxp/mcuxpressoide_11.8.1_1197/ide/plugins/com.nxp.mcuxpresso.tools.win32_11.8.1.202308071233/tools/bin/../lib/gcc/arm-none-eabi/12.2.1/../../../../arm-none-eabi/lib/thumb/v7e-m+fp/hard\libcr_nohost_nf.a(__sys_seek.o)
 .ARM.attributes
                0x00000770       0x34 c:/nxp/mcuxpressoide_11.8.1_1197/ide/plugins/com.nxp.mcuxpresso.tools.win32_11.8.1.202308071233/tools/bin/../lib/gcc/arm-none-eabi/12.2.1/../../../../arm-none-eabi/lib/thumb/v7e-m+fp/hard\libcr_nohost_nf.a(__sys_tmpnam.o)
 .ARM.attributes
                0x000007a4       0x34 c:/nxp/mcuxpressoide_11.8.1_1197/ide/plugins/com.nxp.mcuxpresso.tools.win32_11.8.1.202308071233/tools/bin/../lib/gcc/arm-none-eabi/12.2.1/../../../../arm-none-eabi/lib/thumb/v7e-m+fp/hard\libcr_nohost_nf.a(__sys_write.o)

.debug_frame    0x00000000     0x2298
 .debug_frame   0x00000000       0x30 ./utilities/fsl_assert.o
 .debug_frame   0x00000030      0x1a8 ./utilities/fsl_debug_console.o
 .debug_frame   0x000001d8      0x7dc ./startup/startup_mkv31f51212.o
 .debug_frame   0x000009b4       0xe8 ./source/led_blinky.o
 .debug_frame   0x00000a9c       0x20 ./source/semihost_hardfault.o
 .debug_frame   0x00000abc      0x834 ./drivers/fsl_clock.o
 .debug_frame   0x000012f0       0xc8 ./drivers/fsl_gpio.o
 .debug_frame   0x000013b8      0x5e8 ./drivers/fsl_lpuart.o
 .debug_frame   0x000019a0      0x6a4 ./drivers/fsl_uart.o
 .debug_frame   0x00002044       0x74 ./device/system_MKV31F51212.o
 .debug_frame   0x000020b8      0x140 ./board/clock_config.o
 .debug_frame   0x000021f8       0xa0 ./board/pin_mux.o

.debug_loclists
                0x00000000      0x113
 .debug_loclists
                0x00000000      0x113 ./startup/startup_mkv31f51212.o

Cross Reference Table

Symbol                                            File
ADC0_DriverIRQHandler                             ./startup/startup_mkv31f51212.o
ADC0_IRQHandler                                   ./startup/startup_mkv31f51212.o
ADC1_DriverIRQHandler                             ./startup/startup_mkv31f51212.o
ADC1_IRQHandler                                   ./startup/startup_mkv31f51212.o
BOARD_BootClockHSRUN                              ./board/clock_config.o
BOARD_BootClockRUN                                ./board/clock_config.o
BOARD_BootClockVLPR                               ./board/clock_config.o
BOARD_InitBootClocks                              ./board/clock_config.o
                                                  ./source/led_blinky.o
BOARD_InitBootPins                                ./board/pin_mux.o
                                                  ./source/led_blinky.o
BOARD_InitDebugConsole                            ./board/board.o
BOARD_InitPins                                    ./board/pin_mux.o
BusFault_Handler                                  ./startup/startup_mkv31f51212.o
CLOCK_BootToBlpeMode                              ./drivers/fsl_clock.o
CLOCK_BootToBlpiMode                              ./drivers/fsl_clock.o
                                                  ./board/clock_config.o
CLOCK_BootToFeeMode                               ./drivers/fsl_clock.o
CLOCK_BootToFeiMode                               ./drivers/fsl_clock.o
CLOCK_BootToPeeMode                               ./drivers/fsl_clock.o
                                                  ./board/clock_config.o
CLOCK_CalcPllDiv                                  ./drivers/fsl_clock.o
CLOCK_ClearStatusFlags                            ./drivers/fsl_clock.o
CLOCK_DeinitOsc0                                  ./drivers/fsl_clock.o
CLOCK_EnablePll0                                  ./drivers/fsl_clock.o
CLOCK_ExternalModeToFbeModeQuick                  ./drivers/fsl_clock.o
CLOCK_GetBusClkFreq                               ./drivers/fsl_clock.o
CLOCK_GetCoreSysClkFreq                           ./drivers/fsl_clock.o
                                                  ./board/board.o
CLOCK_GetEr32kClkFreq                             ./drivers/fsl_clock.o
CLOCK_GetFixedFreqClkFreq                         ./drivers/fsl_clock.o
CLOCK_GetFlashClkFreq                             ./drivers/fsl_clock.o
CLOCK_GetFlexBusClkFreq                           ./drivers/fsl_clock.o
CLOCK_GetFllFreq                                  ./drivers/fsl_clock.o
CLOCK_GetFreq                                     ./drivers/fsl_clock.o
CLOCK_GetInternalRefClkFreq                       ./drivers/fsl_clock.o
CLOCK_GetMode                                     ./drivers/fsl_clock.o
CLOCK_GetOsc0ErClkDivFreq                         ./drivers/fsl_clock.o
CLOCK_GetOsc0ErClkFreq                            ./drivers/fsl_clock.o
CLOCK_GetOsc0ErClkUndivFreq                       ./drivers/fsl_clock.o
CLOCK_GetOutClkFreq                               ./drivers/fsl_clock.o
CLOCK_GetPlatClkFreq                              ./drivers/fsl_clock.o
CLOCK_GetPll0Freq                                 ./drivers/fsl_clock.o
CLOCK_GetPllFllSelClkFreq                         ./drivers/fsl_clock.o
CLOCK_GetStatusFlags                              ./drivers/fsl_clock.o
CLOCK_InitOsc0                                    ./drivers/fsl_clock.o
                                                  ./board/clock_config.o
CLOCK_InternalModeToFbiModeQuick                  ./drivers/fsl_clock.o
CLOCK_SetBlpeMode                                 ./drivers/fsl_clock.o
CLOCK_SetBlpiMode                                 ./drivers/fsl_clock.o
CLOCK_SetExternalRefClkConfig                     ./drivers/fsl_clock.o
CLOCK_SetFastIrcFreq                              ./drivers/fsl_clock.o
CLOCK_SetFbeMode                                  ./drivers/fsl_clock.o
CLOCK_SetFbiMode                                  ./drivers/fsl_clock.o
CLOCK_SetFeeMode                                  ./drivers/fsl_clock.o
CLOCK_SetFeiMode                                  ./drivers/fsl_clock.o
CLOCK_SetInternalRefClkConfig                     ./drivers/fsl_clock.o
                                                  ./board/clock_config.o
CLOCK_SetMcgConfig                                ./drivers/fsl_clock.o
CLOCK_SetOsc0MonitorMode                          ./drivers/fsl_clock.o
CLOCK_SetPbeMode                                  ./drivers/fsl_clock.o
CLOCK_SetPeeMode                                  ./drivers/fsl_clock.o
CLOCK_SetPll0MonitorMode                          ./drivers/fsl_clock.o
CLOCK_SetSimConfig                                ./drivers/fsl_clock.o
                                                  ./board/clock_config.o
CLOCK_SetSlowIrcFreq                              ./drivers/fsl_clock.o
CLOCK_TrimInternalRefClk                          ./drivers/fsl_clock.o
CMP0_DriverIRQHandler                             ./startup/startup_mkv31f51212.o
CMP0_IRQHandler                                   ./startup/startup_mkv31f51212.o
CMP1_DriverIRQHandler                             ./startup/startup_mkv31f51212.o
CMP1_IRQHandler                                   ./startup/startup_mkv31f51212.o
DAC0_DriverIRQHandler                             ./startup/startup_mkv31f51212.o
DAC0_IRQHandler                                   ./startup/startup_mkv31f51212.o
DAC1_DriverIRQHandler                             ./startup/startup_mkv31f51212.o
DAC1_IRQHandler                                   ./startup/startup_mkv31f51212.o
DMA0_DriverIRQHandler                             ./startup/startup_mkv31f51212.o
DMA0_IRQHandler                                   ./startup/startup_mkv31f51212.o
DMA10_DriverIRQHandler                            ./startup/startup_mkv31f51212.o
DMA10_IRQHandler                                  ./startup/startup_mkv31f51212.o
DMA11_DriverIRQHandler                            ./startup/startup_mkv31f51212.o
DMA11_IRQHandler                                  ./startup/startup_mkv31f51212.o
DMA12_DriverIRQHandler                            ./startup/startup_mkv31f51212.o
DMA12_IRQHandler                                  ./startup/startup_mkv31f51212.o
DMA13_DriverIRQHandler                            ./startup/startup_mkv31f51212.o
DMA13_IRQHandler                                  ./startup/startup_mkv31f51212.o
DMA14_DriverIRQHandler                            ./startup/startup_mkv31f51212.o
DMA14_IRQHandler                                  ./startup/startup_mkv31f51212.o
DMA15_DriverIRQHandler                            ./startup/startup_mkv31f51212.o
DMA15_IRQHandler                                  ./startup/startup_mkv31f51212.o
DMA1_DriverIRQHandler                             ./startup/startup_mkv31f51212.o
DMA1_IRQHandler                                   ./startup/startup_mkv31f51212.o
DMA2_DriverIRQHandler                             ./startup/startup_mkv31f51212.o
DMA2_IRQHandler                                   ./startup/startup_mkv31f51212.o
DMA3_DriverIRQHandler                             ./startup/startup_mkv31f51212.o
DMA3_IRQHandler                                   ./startup/startup_mkv31f51212.o
DMA4_DriverIRQHandler                             ./startup/startup_mkv31f51212.o
DMA4_IRQHandler                                   ./startup/startup_mkv31f51212.o
DMA5_DriverIRQHandler                             ./startup/startup_mkv31f51212.o
DMA5_IRQHandler                                   ./startup/startup_mkv31f51212.o
DMA6_DriverIRQHandler                             ./startup/startup_mkv31f51212.o
DMA6_IRQHandler                                   ./startup/startup_mkv31f51212.o
DMA7_DriverIRQHandler                             ./startup/startup_mkv31f51212.o
DMA7_IRQHandler                                   ./startup/startup_mkv31f51212.o
DMA8_DriverIRQHandler                             ./startup/startup_mkv31f51212.o
DMA8_IRQHandler                                   ./startup/startup_mkv31f51212.o
DMA9_DriverIRQHandler                             ./startup/startup_mkv31f51212.o
DMA9_IRQHandler                                   ./startup/startup_mkv31f51212.o
DMA_Error_DriverIRQHandler                        ./startup/startup_mkv31f51212.o
DMA_Error_IRQHandler                              ./startup/startup_mkv31f51212.o
DbgConsole_Deinit                                 ./utilities/fsl_debug_console.o
DbgConsole_Getchar                                ./utilities/fsl_debug_console.o
DbgConsole_Init                                   ./utilities/fsl_debug_console.o
                                                  ./board/board.o
DbgConsole_Printf                                 ./utilities/fsl_debug_console.o
                                                  ./utilities/fsl_assert.o
DbgConsole_Putchar                                ./utilities/fsl_debug_console.o
DbgConsole_Scanf                                  ./utilities/fsl_debug_console.o
DbgConsole_Vprintf                                ./utilities/fsl_debug_console.o
DebugMon_Handler                                  ./startup/startup_mkv31f51212.o
FTF_DriverIRQHandler                              ./startup/startup_mkv31f51212.o
FTF_IRQHandler                                    ./startup/startup_mkv31f51212.o
FTM0_DriverIRQHandler                             ./startup/startup_mkv31f51212.o
FTM0_IRQHandler                                   ./startup/startup_mkv31f51212.o
FTM1_DriverIRQHandler                             ./startup/startup_mkv31f51212.o
FTM1_IRQHandler                                   ./startup/startup_mkv31f51212.o
FTM2_DriverIRQHandler                             ./startup/startup_mkv31f51212.o
FTM2_IRQHandler                                   ./startup/startup_mkv31f51212.o
FTM3_DriverIRQHandler                             ./startup/startup_mkv31f51212.o
FTM3_IRQHandler                                   ./startup/startup_mkv31f51212.o
Flash_Config                                      ./startup/startup_mkv31f51212.o
GPIO_PinInit                                      ./drivers/fsl_gpio.o
                                                  ./board/pin_mux.o
GPIO_PortClearInterruptFlags                      ./drivers/fsl_gpio.o
GPIO_PortGetInterruptFlags                        ./drivers/fsl_gpio.o
HAL_UartDeinit                                    ./component/uart/fsl_adapter_uart.o
                                                  ./utilities/fsl_debug_console.o
HAL_UartEnterLowpower                             ./component/uart/fsl_adapter_uart.o
HAL_UartExitLowpower                              ./component/uart/fsl_adapter_uart.o
HAL_UartInit                                      ./component/uart/fsl_adapter_uart.o
                                                  ./utilities/fsl_debug_console.o
HAL_UartReceiveBlocking                           ./component/uart/fsl_adapter_uart.o
                                                  ./utilities/fsl_debug_console.o
HAL_UartSendBlocking                              ./component/uart/fsl_adapter_uart.o
                                                  ./utilities/fsl_debug_console.o
HardFault_Handler                                 ./source/semihost_hardfault.o
                                                  ./startup/startup_mkv31f51212.o
I2C0_DriverIRQHandler                             ./startup/startup_mkv31f51212.o
I2C0_IRQHandler                                   ./startup/startup_mkv31f51212.o
I2C1_DriverIRQHandler                             ./startup/startup_mkv31f51212.o
I2C1_IRQHandler                                   ./startup/startup_mkv31f51212.o
IntDefaultHandler                                 ./startup/startup_mkv31f51212.o
LIST_AddHead                                      ./component/lists/fsl_component_generic_list.o
LIST_AddPrevElement                               ./component/lists/fsl_component_generic_list.o
LIST_AddTail                                      ./component/lists/fsl_component_generic_list.o
LIST_GetAvailableSize                             ./component/lists/fsl_component_generic_list.o
LIST_GetHead                                      ./component/lists/fsl_component_generic_list.o
LIST_GetList                                      ./component/lists/fsl_component_generic_list.o
LIST_GetNext                                      ./component/lists/fsl_component_generic_list.o
LIST_GetPrev                                      ./component/lists/fsl_component_generic_list.o
LIST_GetSize                                      ./component/lists/fsl_component_generic_list.o
LIST_Init                                         ./component/lists/fsl_component_generic_list.o
LIST_RemoveElement                                ./component/lists/fsl_component_generic_list.o
LIST_RemoveHead                                   ./component/lists/fsl_component_generic_list.o
LLWU_DriverIRQHandler                             ./startup/startup_mkv31f51212.o
LLWU_IRQHandler                                   ./startup/startup_mkv31f51212.o
LPTMR0_DriverIRQHandler                           ./startup/startup_mkv31f51212.o
LPTMR0_IRQHandler                                 ./startup/startup_mkv31f51212.o
LPUART0_DriverIRQHandler                          ./drivers/fsl_lpuart.o
                                                  ./startup/startup_mkv31f51212.o
LPUART0_IRQHandler                                ./startup/startup_mkv31f51212.o
LPUART_ClearStatusFlags                           ./drivers/fsl_lpuart.o
LPUART_Deinit                                     ./drivers/fsl_lpuart.o
LPUART_DisableInterrupts                          ./drivers/fsl_lpuart.o
LPUART_Enable9bitMode                             ./drivers/fsl_lpuart.o
LPUART_EnableInterrupts                           ./drivers/fsl_lpuart.o
LPUART_GetDefaultConfig                           ./drivers/fsl_lpuart.o
LPUART_GetEnabledInterrupts                       ./drivers/fsl_lpuart.o
LPUART_GetInstance                                ./drivers/fsl_lpuart.o
LPUART_GetStatusFlags                             ./drivers/fsl_lpuart.o
LPUART_Init                                       ./drivers/fsl_lpuart.o
LPUART_ReadBlocking                               ./drivers/fsl_lpuart.o
LPUART_SendAddress                                ./drivers/fsl_lpuart.o
LPUART_SetBaudRate                                ./drivers/fsl_lpuart.o
LPUART_TransferAbortReceive                       ./drivers/fsl_lpuart.o
LPUART_TransferAbortSend                          ./drivers/fsl_lpuart.o
LPUART_TransferCreateHandle                       ./drivers/fsl_lpuart.o
LPUART_TransferGetReceiveCount                    ./drivers/fsl_lpuart.o
LPUART_TransferGetRxRingBufferLength              ./drivers/fsl_lpuart.o
LPUART_TransferGetSendCount                       ./drivers/fsl_lpuart.o
LPUART_TransferHandleErrorIRQ                     ./drivers/fsl_lpuart.o
LPUART_TransferHandleIRQ                          ./drivers/fsl_lpuart.o
LPUART_TransferReceiveNonBlocking                 ./drivers/fsl_lpuart.o
LPUART_TransferSendNonBlocking                    ./drivers/fsl_lpuart.o
LPUART_TransferStartRingBuffer                    ./drivers/fsl_lpuart.o
LPUART_TransferStopRingBuffer                     ./drivers/fsl_lpuart.o
LPUART_WriteBlocking                              ./drivers/fsl_lpuart.o
LVD_LVW_DriverIRQHandler                          ./startup/startup_mkv31f51212.o
LVD_LVW_IRQHandler                                ./startup/startup_mkv31f51212.o
MCG_DriverIRQHandler                              ./startup/startup_mkv31f51212.o
MCG_IRQHandler                                    ./startup/startup_mkv31f51212.o
MCM_DriverIRQHandler                              ./startup/startup_mkv31f51212.o
MCM_IRQHandler                                    ./startup/startup_mkv31f51212.o
MSDK_EnableCpuCycleCounter                        ./drivers/fsl_common_arm.o
MSDK_GetCpuCycleCount                             ./drivers/fsl_common_arm.o
MemManage_Handler                                 ./startup/startup_mkv31f51212.o
NMI_Handler                                       ./startup/startup_mkv31f51212.o
PDB0_DriverIRQHandler                             ./startup/startup_mkv31f51212.o
PDB0_IRQHandler                                   ./startup/startup_mkv31f51212.o
PIT0_DriverIRQHandler                             ./startup/startup_mkv31f51212.o
PIT0_IRQHandler                                   ./startup/startup_mkv31f51212.o
PIT1_DriverIRQHandler                             ./startup/startup_mkv31f51212.o
PIT1_IRQHandler                                   ./startup/startup_mkv31f51212.o
PIT2_DriverIRQHandler                             ./startup/startup_mkv31f51212.o
PIT2_IRQHandler                                   ./startup/startup_mkv31f51212.o
PIT3_DriverIRQHandler                             ./startup/startup_mkv31f51212.o
PIT3_IRQHandler                                   ./startup/startup_mkv31f51212.o
PORTA_DriverIRQHandler                            ./startup/startup_mkv31f51212.o
PORTA_IRQHandler                                  ./startup/startup_mkv31f51212.o
PORTB_DriverIRQHandler                            ./startup/startup_mkv31f51212.o
PORTB_IRQHandler                                  ./startup/startup_mkv31f51212.o
PORTC_DriverIRQHandler                            ./startup/startup_mkv31f51212.o
PORTC_IRQHandler                                  ./startup/startup_mkv31f51212.o
PORTD_DriverIRQHandler                            ./startup/startup_mkv31f51212.o
PORTD_IRQHandler                                  ./startup/startup_mkv31f51212.o
PORTE_DriverIRQHandler                            ./startup/startup_mkv31f51212.o
PORTE_IRQHandler                                  ./startup/startup_mkv31f51212.o
PendSV_Handler                                    ./startup/startup_mkv31f51212.o
RNG_DriverIRQHandler                              ./startup/startup_mkv31f51212.o
RNG_IRQHandler                                    ./startup/startup_mkv31f51212.o
Read_Collision_DriverIRQHandler                   ./startup/startup_mkv31f51212.o
Read_Collision_IRQHandler                         ./startup/startup_mkv31f51212.o
Reserved44_DriverIRQHandler                       ./startup/startup_mkv31f51212.o
Reserved44_IRQHandler                             ./startup/startup_mkv31f51212.o
Reserved45_DriverIRQHandler                       ./startup/startup_mkv31f51212.o
Reserved45_IRQHandler                             ./startup/startup_mkv31f51212.o
Reserved53_DriverIRQHandler                       ./startup/startup_mkv31f51212.o
Reserved53_IRQHandler                             ./startup/startup_mkv31f51212.o
Reserved54_DriverIRQHandler                       ./startup/startup_mkv31f51212.o
Reserved54_IRQHandler                             ./startup/startup_mkv31f51212.o
Reserved61_DriverIRQHandler                       ./startup/startup_mkv31f51212.o
Reserved61_IRQHandler                             ./startup/startup_mkv31f51212.o
Reserved62_DriverIRQHandler                       ./startup/startup_mkv31f51212.o
Reserved62_IRQHandler                             ./startup/startup_mkv31f51212.o
Reserved63_DriverIRQHandler                       ./startup/startup_mkv31f51212.o
Reserved63_IRQHandler                             ./startup/startup_mkv31f51212.o
Reserved69_DriverIRQHandler                       ./startup/startup_mkv31f51212.o
Reserved69_IRQHandler                             ./startup/startup_mkv31f51212.o
Reserved70_DriverIRQHandler                       ./startup/startup_mkv31f51212.o
Reserved70_IRQHandler                             ./startup/startup_mkv31f51212.o
Reserved71_DriverIRQHandler                       ./startup/startup_mkv31f51212.o
Reserved71_IRQHandler                             ./startup/startup_mkv31f51212.o
Reserved81_DriverIRQHandler                       ./startup/startup_mkv31f51212.o
Reserved81_IRQHandler                             ./startup/startup_mkv31f51212.o
Reserved82_DriverIRQHandler                       ./startup/startup_mkv31f51212.o
Reserved82_IRQHandler                             ./startup/startup_mkv31f51212.o
Reserved83_DriverIRQHandler                       ./startup/startup_mkv31f51212.o
Reserved83_IRQHandler                             ./startup/startup_mkv31f51212.o
Reserved84_DriverIRQHandler                       ./startup/startup_mkv31f51212.o
Reserved84_IRQHandler                             ./startup/startup_mkv31f51212.o
Reserved85_DriverIRQHandler                       ./startup/startup_mkv31f51212.o
Reserved85_IRQHandler                             ./startup/startup_mkv31f51212.o
Reserved86_DriverIRQHandler                       ./startup/startup_mkv31f51212.o
Reserved86_IRQHandler                             ./startup/startup_mkv31f51212.o
ResetISR                                          ./startup/startup_mkv31f51212.o
SDK_DelayAtLeastUs                                ./drivers/fsl_common_arm.o
SDK_Free                                          ./drivers/fsl_common.o
SDK_Malloc                                        ./drivers/fsl_common.o
SMC_PostExitStopModes                             ./drivers/fsl_smc.o
SMC_PostExitWaitModes                             ./drivers/fsl_smc.o
SMC_PreEnterStopModes                             ./drivers/fsl_smc.o
SMC_PreEnterWaitModes                             ./drivers/fsl_smc.o
SMC_SetPowerModeHsrun                             ./drivers/fsl_smc.o
                                                  ./board/clock_config.o
SMC_SetPowerModeLls                               ./drivers/fsl_smc.o
SMC_SetPowerModeRun                               ./drivers/fsl_smc.o
SMC_SetPowerModeStop                              ./drivers/fsl_smc.o
SMC_SetPowerModeVlls                              ./drivers/fsl_smc.o
SMC_SetPowerModeVlpr                              ./drivers/fsl_smc.o
                                                  ./board/clock_config.o
SMC_SetPowerModeVlps                              ./drivers/fsl_smc.o
SMC_SetPowerModeVlpw                              ./drivers/fsl_smc.o
SMC_SetPowerModeWait                              ./drivers/fsl_smc.o
SPI0_DriverIRQHandler                             ./startup/startup_mkv31f51212.o
SPI0_IRQHandler                                   ./startup/startup_mkv31f51212.o
SPI1_DriverIRQHandler                             ./startup/startup_mkv31f51212.o
SPI1_IRQHandler                                   ./startup/startup_mkv31f51212.o
SVC_Handler                                       ./startup/startup_mkv31f51212.o
SWI_DriverIRQHandler                              ./startup/startup_mkv31f51212.o
SWI_IRQHandler                                    ./startup/startup_mkv31f51212.o
StrFormatPrintf                                   ./utilities/fsl_str.o
StrFormatScanf                                    ./utilities/fsl_str.o
                                                  ./utilities/fsl_debug_console.o
SysTick_DelayTicks                                ./source/led_blinky.o
SysTick_Handler                                   ./source/led_blinky.o
                                                  ./startup/startup_mkv31f51212.o
SystemCoreClock                                   ./device/system_MKV31F51212.o
                                                  ./board/clock_config.o
                                                  ./source/led_blinky.o
SystemCoreClockUpdate                             ./device/system_MKV31F51212.o