C:\nxp\FRDM-KV31F\WorkSpace-11.8.1\FRDM-KV31\LED_Blinky\led_blinky\CMSIS/core_cm4.h:1814:22:__NVIC_SetPriority	16	static
C:\nxp\FRDM-KV31F\WorkSpace-11.8.1\FRDM-KV31\LED_Blinky\led_blinky\CMSIS/core_cm4.h:2022:26:SysTick_Config	16	static
C:\nxp\FRDM-KV31F\WorkSpace-11.8.1\FRDM-KV31\LED_Blinky\led_blinky\drivers/fsl_gpio.h:387:20:GPIO_PortToggle	16	static
../source/led_blinky.c:30:6:SysTick_Handler	4	static
../source/led_blinky.c:38:6:SysTick_DelayTicks	16	static
../source/led_blinky.c:49:5:main	8	static
