18:02:58 **** Incremental Build of configuration Debug for project freertos_hello ****
make -r -j12 all 
make[1]: Nothing to be done for 'main-build'.
Performing post-build steps
arm-none-eabi-size "freertos_hello.axf"; # arm-none-eabi-objcopy -v -O binary "freertos_hello.axf" "freertos_hello.bin" ; # checksum -p MKV31F512xxx12 -d "freertos_hello.bin";
   text	   data	    bss	    dec	    hex	filename
  22224	     20	  19108	  41352	   a188	freertos_hello.axf
 

18:02:59 Build Finished. 0 errors, 0 warnings. (took 186ms)

