12:30:03 **** Incremental Build of configuration Debug for project freertos_hello ****
make -r -j12 all 
make[1]: Nothing to be done for 'main-build'.
Performing post-build steps
arm-none-eabi-size "freertos_hello.axf"; # arm-none-eabi-objcopy -v -O binary "freertos_hello.axf" "freertos_hello.bin" ; # checksum -p MKV31F512xxx12 -d "freertos_hello.bin";
   text	   data	    bss	    dec	    hex	filename
  23268	     20	  19112	  42400	   a5a0	freertos_hello.axf
 
12:30:06 **** Incremental Build of configuration Debug for project freertos_hello ****
make -r -j12 all 
make[1]: Nothing to be done for 'main-build'.
Performing post-build steps
arm-none-eabi-size "freertos_hello.axf"; # arm-none-eabi-objcopy -v -O binary "freertos_hello.axf" "freertos_hello.bin" ; # checksum -p MKV31F512xxx12 -d "freertos_hello.bin";
   text	   data	    bss	    dec	    hex	filename
  23268	     20	  19112	  42400	   a5a0	freertos_hello.axf
 
