20:26:22 **** Incremental Build of configuration Debug for project led_blinky ****
make -r -j12 all 
Building file: ../board/pin_mux.c
Invoking: MCU C Compiler
arm-none-eabi-gcc -std=gnu99 -D__REDLIB__ -DCPU_MKV31F512VLL12 -DCPU_MKV31F512VLL12_cm4 -DFRDM_KV31F -DFREEDOM -DMCUXPRESSO_SDK -DSDK_DEBUGCONSOLE=1 -DCR_INTEGER_PRINTF -DPRINTF_FLOAT_ENABLE=0 -D__MCUXPRESSO -D__USE_CMSIS -DDEBUG -I"C:\nxp\FRDM-KV31F\WorkSpace-11.8.1\FRDM-KV31\LED_Blinky\led_blinky\source" -I"C:\nxp\FRDM-KV31F\WorkSpace-11.8.1\FRDM-KV31\LED_Blinky\led_blinky\utilities" -I"C:\nxp\FRDM-KV31F\WorkSpace-11.8.1\FRDM-KV31\LED_Blinky\led_blinky\drivers" -I"C:\nxp\FRDM-KV31F\WorkSpace-11.8.1\FRDM-KV31\LED_Blinky\led_blinky\device" -I"C:\nxp\FRDM-KV31F\WorkSpace-11.8.1\FRDM-KV31\LED_Blinky\led_blinky\component\uart" -I"C:\nxp\FRDM-KV31F\WorkSpace-11.8.1\FRDM-KV31\LED_Blinky\led_blinky\component\lists" -I"C:\nxp\FRDM-KV31F\WorkSpace-11.8.1\FRDM-KV31\LED_Blinky\led_blinky\CMSIS" -I"C:\nxp\FRDM-KV31F\WorkSpace-11.8.1\FRDM-KV31\LED_Blinky\led_blinky\board" -O0 -fno-common -g3 -c -ffunction-sections -fdata-sections -ffreestanding -fno-builtin -fmerge-constants -fmacro-prefix-map="../board/"= -mcpu=cortex-m4 -mfpu=fpv4-sp-d16 -mfloat-abi=hard -mthumb -D__REDLIB__ -fstack-usage -specs=redlib.specs -MMD -MP -MF"board/pin_mux.d" -MT"board/pin_mux.o" -MT"board/pin_mux.d" -o "board/pin_mux.o" "../board/pin_mux.c"
Finished building: ../board/pin_mux.c
 
Building target: led_blinky.axf
Invoking: MCU Linker
arm-none-eabi-gcc -nostdlib -Xlinker -Map="led_blinky.map" -Xlinker --gc-sections -Xlinker -print-memory-usage -Xlinker --sort-section=alignment -Xlinker --cref -mcpu=cortex-m4 -mfpu=fpv4-sp-d16 -mfloat-abi=hard -mthumb -T led_blinky_Debug.ld -o "led_blinky.axf" ./utilities/fsl_assert.o ./utilities/fsl_debug_console.o ./utilities/fsl_str.o  ./startup/startup_mkv31f51212.o  ./source/led_blinky.o ./source/semihost_hardfault.o  ./drivers/fsl_clock.o ./drivers/fsl_common.o ./drivers/fsl_common_arm.o ./drivers/fsl_gpio.o ./drivers/fsl_lpuart.o ./drivers/fsl_smc.o ./drivers/fsl_uart.o  ./device/system_MKV31F51212.o  ./component/uart/fsl_adapter_uart.o  ./component/lists/fsl_component_generic_list.o  ./board/board.o ./board/clock_config.o ./board/pin_mux.o   
Memory region         Used Size  Region Size  %age Used
   PROGRAM_FLASH:        7316 B       512 KB      1.40%
      SRAM_UPPER:        8432 B        64 KB     12.87%
      SRAM_LOWER:          0 GB        32 KB      0.00%
Finished building target: led_blinky.axf
 
Performing post-build steps
arm-none-eabi-size "led_blinky.axf"; # arm-none-eabi-objcopy -v -O binary "led_blinky.axf" "led_blinky.bin" ; # checksum -p MKV31F512xxx12 -d "led_blinky.bin";
   text	   data	    bss	    dec	    hex	filename
   7312	      4	   8428	  15744	   3d80	led_blinky.axf
 
20:26:25 **** Incremental Build of configuration Debug for project led_blinky ****
make -r -j12 all 
make[1]: Nothing to be done for 'main-build'.
Performing post-build steps
arm-none-eabi-size "led_blinky.axf"; # arm-none-eabi-objcopy -v -O binary "led_blinky.axf" "led_blinky.bin" ; # checksum -p MKV31F512xxx12 -d "led_blinky.bin";
   text	   data	    bss	    dec	    hex	filename
   7312	      4	   8428	  15744	   3d80	led_blinky.axf
 
