20:26:25 **** Incremental Build of configuration Debug for project led_blinky ****
make -r -j12 all 
make[1]: Nothing to be done for 'main-build'.
Performing post-build steps
arm-none-eabi-size "led_blinky.axf"; # arm-none-eabi-objcopy -v -O binary "led_blinky.axf" "led_blinky.bin" ; # checksum -p MKV31F512xxx12 -d "led_blinky.bin";
   text	   data	    bss	    dec	    hex	filename
   7312	      4	   8428	  15744	   3d80	led_blinky.axf
 

20:26:25 Build Finished. 0 errors, 0 warnings. (took 141ms)

